Archive member included to satisfy reference by file (symbol)

.\CortexM3\ARM_GCC_541\Debug\Test_01.a(QuadDec_L.o)
                              .\CortexM3\ARM_GCC_541\Debug\main.o (QuadDec_L_GetCounter)
.\CortexM3\ARM_GCC_541\Debug\Test_01.a(QuadDec_L_INT.o)
                              .\CortexM3\ARM_GCC_541\Debug\Test_01.a(QuadDec_L.o) (QuadDec_L_ISR)
.\CortexM3\ARM_GCC_541\Debug\Test_01.a(QuadDec_R.o)
                              .\CortexM3\ARM_GCC_541\Debug\main.o (QuadDec_R_GetCounter)
.\CortexM3\ARM_GCC_541\Debug\Test_01.a(QuadDec_R_INT.o)
                              .\CortexM3\ARM_GCC_541\Debug\Test_01.a(QuadDec_R.o) (QuadDec_R_ISR)
.\CortexM3\ARM_GCC_541\Debug\Test_01.a(Forward_L.o)
                              .\CortexM3\ARM_GCC_541\Debug\main.o (Forward_L_Write)
.\CortexM3\ARM_GCC_541\Debug\Test_01.a(Backward_L.o)
                              .\CortexM3\ARM_GCC_541\Debug\main.o (Backward_L_Write)
.\CortexM3\ARM_GCC_541\Debug\Test_01.a(Forwad_R.o)
                              .\CortexM3\ARM_GCC_541\Debug\main.o (Forwad_R_Write)
.\CortexM3\ARM_GCC_541\Debug\Test_01.a(Backward_R.o)
                              .\CortexM3\ARM_GCC_541\Debug\main.o (Backward_R_Write)
.\CortexM3\ARM_GCC_541\Debug\Test_01.a(limitSW_2.o)
                              .\CortexM3\ARM_GCC_541\Debug\main.o (limitSW_2_Read)
.\CortexM3\ARM_GCC_541\Debug\Test_01.a(limitSW_1.o)
                              .\CortexM3\ARM_GCC_541\Debug\main.o (limitSW_1_Read)
.\CortexM3\ARM_GCC_541\Debug\Test_01.a(S1_Echo.o)
                              .\CortexM3\ARM_GCC_541\Debug\main.o (S1_Echo_Read)
.\CortexM3\ARM_GCC_541\Debug\Test_01.a(S1_Trigger.o)
                              .\CortexM3\ARM_GCC_541\Debug\main.o (S1_Trigger_Write)
.\CortexM3\ARM_GCC_541\Debug\Test_01.a(isr_1.o)
                              .\CortexM3\ARM_GCC_541\Debug\main.o (isr_1_StartEx)
.\CortexM3\ARM_GCC_541\Debug\Test_01.a(isr_2.o)
                              .\CortexM3\ARM_GCC_541\Debug\main.o (isr_2_StartEx)
.\CortexM3\ARM_GCC_541\Debug\Test_01.a(Color_Timer.o)
                              .\CortexM3\ARM_GCC_541\Debug\main.o (Color_Timer_Stop)
.\CortexM3\ARM_GCC_541\Debug\Test_01.a(Control_Reg_Color.o)
                              .\CortexM3\ARM_GCC_541\Debug\main.o (Control_Reg_Color_Write)
.\CortexM3\ARM_GCC_541\Debug\Test_01.a(Color_S0.o)
                              .\CortexM3\ARM_GCC_541\Debug\main.o (Color_S0_Write)
.\CortexM3\ARM_GCC_541\Debug\Test_01.a(Color_S1.o)
                              .\CortexM3\ARM_GCC_541\Debug\main.o (Color_S1_Write)
.\CortexM3\ARM_GCC_541\Debug\Test_01.a(Color_S2.o)
                              .\CortexM3\ARM_GCC_541\Debug\main.o (Color_S2_Write)
.\CortexM3\ARM_GCC_541\Debug\Test_01.a(Color_S3.o)
                              .\CortexM3\ARM_GCC_541\Debug\main.o (Color_S3_Write)
.\CortexM3\ARM_GCC_541\Debug\Test_01.a(Color_LED.o)
                              .\CortexM3\ARM_GCC_541\Debug\main.o (Color_LED_Write)
.\CortexM3\ARM_GCC_541\Debug\Test_01.a(RED_LED.o)
                              .\CortexM3\ARM_GCC_541\Debug\main.o (RED_LED_Write)
.\CortexM3\ARM_GCC_541\Debug\Test_01.a(BLUE_LED.o)
                              .\CortexM3\ARM_GCC_541\Debug\main.o (BLUE_LED_Write)
.\CortexM3\ARM_GCC_541\Debug\Test_01.a(QuadDec_L_Cnt16.o)
                              .\CortexM3\ARM_GCC_541\Debug\Test_01.a(QuadDec_L.o) (QuadDec_L_Cnt16_Stop)
.\CortexM3\ARM_GCC_541\Debug\Test_01.a(QuadDec_R_Cnt16.o)
                              .\CortexM3\ARM_GCC_541\Debug\Test_01.a(QuadDec_R.o) (QuadDec_R_Cnt16_Stop)
.\CortexM3\ARM_GCC_541\Debug\Test_01.a(CyLib.o)
                              .\CortexM3\ARM_GCC_541\Debug\Cm3Start.o (CyHalt)
.\CortexM3\ARM_GCC_541\Debug\Test_01.a(cyPm.o)
                              .\CortexM3\ARM_GCC_541\Debug\Test_01.a(CyLib.o) (CyPmReadStatus)
.\CortexM3\ARM_GCC_541\Debug\Test_01.a(UART.o)
                              .\CortexM3\ARM_GCC_541\Debug\main.o (UART_Start)
.\CortexM3\ARM_GCC_541\Debug\Test_01.a(Color_Counter.o)
                              .\CortexM3\ARM_GCC_541\Debug\main.o (Color_Counter_Stop)
.\CortexM3\ARM_GCC_541\Debug\Test_01.a(UART_IntClock.o)
                              .\CortexM3\ARM_GCC_541\Debug\Test_01.a(UART.o) (UART_IntClock_Start)
.\CortexM3\ARM_GCC_541\Debug\Test_01.a(S1_Timer.o)
                              .\CortexM3\ARM_GCC_541\Debug\main.o (S1_Timer_ReadStatusRegister)
.\CortexM3\ARM_GCC_541\Debug\Test_01.a(isr_3.o)
                              .\CortexM3\ARM_GCC_541\Debug\main.o (isr_3_StartEx)
.\CortexM3\ARM_GCC_541\Debug\Test_01.a(S2_Timer.o)
                              .\CortexM3\ARM_GCC_541\Debug\main.o (S2_Timer_ReadStatusRegister)
.\CortexM3\ARM_GCC_541\Debug\Test_01.a(S2_Echo.o)
                              .\CortexM3\ARM_GCC_541\Debug\main.o (S2_Echo_Read)
.\CortexM3\ARM_GCC_541\Debug\Test_01.a(S2_Trigger.o)
[...]
Memory Configuration

Name             Origin             Length             Attributes
rom              0x00000000         0x00040000         xr
ram              0x1fff8000         0x00010000         xrw
*default*        0x00000000         0xffffffff

Linker script and memory map

LOAD c:/program files (x86)/cypress/psoc creator/4.2/psoc creator/import/gnu/arm/5.4.1/bin/../lib/gcc/arm-none-eabi/5.4.1/armv7-m/crti.o
LOAD c:/program files (x86)/cypress/psoc creator/4.2/psoc creator/import/gnu/arm/5.4.1/bin/../lib/gcc/arm-none-eabi/5.4.1/armv7-m/crtbegin.o
LOAD c:/program files (x86)/cypress/psoc creator/4.2/psoc creator/import/gnu/arm/5.4.1/bin/../lib/gcc/arm-none-eabi/5.4.1/../../../../arm-none-eabi/lib/armv7-m/crt0.o
START GROUP
LOAD .\CortexM3\ARM_GCC_541\Debug\main.o
LOAD .\CortexM3\ARM_GCC_541\Debug\cyfitter_cfg.o
LOAD .\CortexM3\ARM_GCC_541\Debug\cymetadata.o
LOAD .\CortexM3\ARM_GCC_541\Debug\Cm3Start.o
LOAD .\CortexM3\ARM_GCC_541\Debug\Test_01.a
LOAD C:\Program Files (x86)\Cypress\PSoC Creator\4.2\PSoC Creator\psoc\content\cycomponentlibrary\CyComponentLibrary.cylib\CortexM3\ARM_GCC_541\Debug\CyComponentLibrary.a
LOAD c:/program files (x86)/cypress/psoc creator/4.2/psoc creator/import/gnu/arm/5.4.1/bin/../lib/gcc/arm-none-eabi/5.4.1/../../../../arm-none-eabi/lib/armv7-m\libm.a
END GROUP
START GROUP
LOAD c:/program files (x86)/cypress/psoc creator/4.2/psoc creator/import/gnu/arm/5.4.1/bin/../lib/gcc/arm-none-eabi/5.4.1/armv7-m\libgcc.a
LOAD c:/program files (x86)/cypress/psoc creator/4.2/psoc creator/import/gnu/arm/5.4.1/bin/../lib/gcc/arm-none-eabi/5.4.1/../../../../arm-none-eabi/lib/armv7-m\libg_nano.a
LOAD c:/program files (x86)/cypress/psoc creator/4.2/psoc creator/import/gnu/arm/5.4.1/bin/../lib/gcc/arm-none-eabi/5.4.1/../../../../arm-none-eabi/lib/armv7-m\libc_nano.a
END GROUP
START GROUP
LOAD c:/program files (x86)/cypress/psoc creator/4.2/psoc creator/import/gnu/arm/5.4.1/bin/../lib/gcc/arm-none-eabi/5.4.1/armv7-m\libgcc.a
LOAD c:/program files (x86)/cypress/psoc creator/4.2/psoc creator/import/gnu/arm/5.4.1/bin/../lib/gcc/arm-none-eabi/5.4.1/../../../../arm-none-eabi/lib/armv7-m\libc_nano.a
END GROUP
LOAD c:/program files (x86)/cypress/psoc creator/4.2/psoc creator/import/gnu/arm/5.4.1/bin/../lib/gcc/arm-none-eabi/5.4.1/armv7-m/crtend.o
LOAD c:/program files (x86)/cypress/psoc creator/4.2/psoc creator/import/gnu/arm/5.4.1/bin/../lib/gcc/arm-none-eabi/5.4.1/armv7-m/crtn.o
START GROUP
LOAD c:/program files (x86)/cypress/psoc creator/4.2/psoc creator/import/gnu/arm/5.4.1/bin/../lib/gcc/arm-none-eabi/5.4.1/armv7-m\libgcc.a
LOAD c:/program files (x86)/cypress/psoc creator/4.2/psoc creator/import/gnu/arm/5.4.1/bin/../lib/gcc/arm-none-eabi/5.4.1/../../../../arm-none-eabi/lib/armv7-m\libc.a
LOAD c:/program files (x86)/cypress/psoc creator/4.2/psoc creator/import/gnu/arm/5.4.1/bin/../lib/gcc/arm-none-eabi/5.4.1/../../../../arm-none-eabi/lib/armv7-m\libnosys.a
END GROUP
                0x00000000                CY_APPL_ORIGIN = 0x0
                0x00000100                CY_FLASH_ROW_SIZE = 0x100
                0x00000020                CY_ECC_ROW_SIZE = 0x20
                0x00000000                CY_EE_IN_BTLDR = 0x0
                0x00000000                CY_APPL_LOADABLE = 0x0
                0x00000800                CY_EE_SIZE = 0x800
                0x00000001                CY_APPL_NUM = 0x1
                0x00000001                CY_APPL_MAX = 0x1
                0x00000040                CY_METADATA_SIZE = 0x40
                0x00000000                CY_APPL_LOADABLE = 0x0
                0x00000000                CY_CHECKSUM_EXCLUDE_SIZE = ALIGN (0x0, CY_FLASH_ROW_SIZE)
                [!provide]                PROVIDE (__cy_heap_start, _end)
                0x00000001                PROVIDE (__cy_region_num, ((__cy_regions_end - __cy_regions) / 0x10))
                0x20008000                PROVIDE (__cy_stack, (ORIGIN (ram) + LENGTH (ram)))
                [!provide]                PROVIDE (__cy_heap_end, (__cy_stack - 0x800))

.cybootloader   0x00000000        0x0
 *(.cybootloader)
                0x00000000                appl1_start = CY_APPL_ORIGIN?CY_APPL_ORIGIN:ALIGN (CY_FLASH_ROW_SIZE)
                0x0001ff00                appl2_start = (appl1_start + ALIGN ((((LENGTH (rom) - appl1_start) - (0x2 * CY_FLASH_ROW_SIZE)) / 0x2), CY_FLASH_ROW_SIZE))
                0x00000000                appl_start = (CY_APPL_NUM == 0x1)?appl1_start:appl2_start
                0x00000000                ecc_offset = ((appl_start / CY_FLASH_ROW_SIZE) * CY_ECC_ROW_SIZE)
                0x00000000                ee_offset = (CY_APPL_LOADABLE && ! (CY_EE_IN_BTLDR))?((CY_EE_SIZE / CY_APPL_MAX) * (CY_APPL_NUM - 0x1)):0x0
                0x00000800                ee_size = (CY_APPL_LOADABLE && ! (CY_EE_IN_BTLDR))?(CY_EE_SIZE / CY_APPL_MAX):CY_EE_SIZE
                [!provide]                PROVIDE (CY_ECC_OFFSET, ecc_offset)

.text           0x00000000     0x2afe
 CREATE_OBJECT_SYMBOLS
                0x00000000                PROVIDE (__cy_interrupt_vector, RomVectors)
 *(.romvectors)
 .romvectors    0x00000000       0x10 .\CortexM3\ARM_GCC_541\Debug\Cm3Start.o
                0x00000000                RomVectors
                0x00000001                ASSERT ((. != __cy_interrupt_vector), No interrupt vector)
                0x00000001                ASSERT (CY_APPL_ORIGIN?(SIZEOF (.cybootloader) <= CY_APPL_ORIGIN):0x1, Wrong image location)
                0x00000010                PROVIDE (__cy_reset, Reset)
 *(.text.Reset)
 .text.Reset    0x00000010       0x18 .\CortexM3\ARM_GCC_541\Debug\Cm3Start.o
                0x00000010                Reset
                0x00000001                ASSERT ((. != __cy_reset), No reset code)
 *(.dma_init)
                0x00000001                ASSERT ((((appl_start + .) <= 0x10000) || 0x1), DMA Init must be within the first 64k of flash)
 *(.text .text.* .gnu.linkonce.t.*)
 .text          0x00000028       0x5c c:/program files (x86)/cypress/psoc creator/4.2/psoc creator/import/gnu/arm/5.4.1/bin/../lib/gcc/arm-none-eabi/5.4.1/armv7-m/crtbegin.o
 .text.S1_handler
                0x00000084       0x60 .\CortexM3\ARM_GCC_541\Debug\main.o
                0x00000084                S1_handler
 .text.S2_handler
                0x000000e4       0x60 .\CortexM3\ARM_GCC_541\Debug\main.o
                0x000000e4                S2_handler
 .text.S3_handler
                0x00000144       0x60 .\CortexM3\ARM_GCC_541\Debug\main.o
                0x00000144                S3_handler
 .text.S4_handler
                0x000001a4       0x60 .\CortexM3\ARM_GCC_541\Debug\main.o
                0x000001a4                S4_handler
 .text.interrupt6_handler
                0x00000204       0x2c .\CortexM3\ARM_GCC_541\Debug\main.o
                0x00000204                interrupt6_handler
 .text.encode_sync
                0x00000230       0x8c .\CortexM3\ARM_GCC_541\Debug\main.o
                0x00000230                encode_sync
 .text.motorcontrl
                0x000002bc      0x220 .\CortexM3\ARM_GCC_541\Debug\main.o
                0x000002bc                motorcontrl
 .text.move_straight
                0x000004dc       0x9c .\CortexM3\ARM_GCC_541\Debug\main.o
                0x000004dc                move_straight
 .text.turn     0x00000578       0x8c .\CortexM3\ARM_GCC_541\Debug\main.o
                0x00000578                turn
 .text.wall_allignment
                0x00000604       0x74 .\CortexM3\ARM_GCC_541\Debug\main.o
                0x00000604                wall_allignment
 .text.start_measure
                0x00000678       0x38 .\CortexM3\ARM_GCC_541\Debug\main.o
                0x00000678                start_measure
 .text.Initialize
                0x000006b0       0x74 .\CortexM3\ARM_GCC_541\Debug\main.o
                0x000006b0                Initialize
 .text.select_color
                0x00000724       0x48 .\CortexM3\ARM_GCC_541\Debug\main.o
                0x00000724                select_color
 .text.get_frequency
                0x0000076c       0x28 .\CortexM3\ARM_GCC_541\Debug\main.o
                0x0000076c                get_frequency
 .text.color_sense
                0x00000794       0x44 .\CortexM3\ARM_GCC_541\Debug\main.o
                0x00000794                color_sense
 .text.baseRoute
                0x000007d8       0x6c .\CortexM3\ARM_GCC_541\Debug\main.o
                0x000007d8                baseRoute
 .text.searchPuck
                0x00000844      0x340 .\CortexM3\ARM_GCC_541\Debug\main.o
                0x00000844                searchPuck
 .text.grabPuck
                0x00000b84       0x30 .\CortexM3\ARM_GCC_541\Debug\main.o
                0x00000b84                grabPuck
 .text.back2Base
                0x00000bb4       0xec .\CortexM3\ARM_GCC_541\Debug\main.o
                0x00000bb4                back2Base
 .text.sortPuck
                0x00000ca0       0xb8 .\CortexM3\ARM_GCC_541\Debug\main.o
                0x00000ca0                sortPuck
 .text.back2Zone
                0x00000d58       0xec .\CortexM3\ARM_GCC_541\Debug\main.o
                0x00000d58                back2Zone
 .text.main     0x00000e44       0x7c .\CortexM3\ARM_GCC_541\Debug\main.o
                0x00000e44                main
 .text.CyClockStartupError
                0x00000ec0        0x4 .\CortexM3\ARM_GCC_541\Debug\cyfitter_cfg.o
 .text.cfg_write_bytes32
                0x00000ec4       0x34 .\CortexM3\ARM_GCC_541\Debug\cyfitter_cfg.o
 .text.AnalogSetDefault
                0x00000ef8       0x28 .\CortexM3\ARM_GCC_541\Debug\cyfitter_cfg.o
 .text.CYMEMZERO
                0x00000f20        0xc .\CortexM3\ARM_GCC_541\Debug\cyfitter_cfg.o
 .text.ClockSetup
                0x00000f2c      0x104 .\CortexM3\ARM_GCC_541\Debug\cyfitter_cfg.o
 .text.CYCONFIGCPY
                0x00001030        0x8 .\CortexM3\ARM_GCC_541\Debug\cyfitter_cfg.o
 .text.cyfitter_cfg
                0x00001038      0x17c .\CortexM3\ARM_GCC_541\Debug\cyfitter_cfg.o
                0x00001038                cyfitter_cfg
 .text.IntDefaultHandler
                0x000011b4       0x10 .\CortexM3\ARM_GCC_541\Debug\Cm3Start.o
                0x000011b4                IntDefaultHandler
 .text.Start_c  0x000011c4       0x4c .\CortexM3\ARM_GCC_541\Debug\Cm3Start.o
                0x000011c4                Start_c
 .text.initialize_psoc
                0x00001210       0x68 .\CortexM3\ARM_GCC_541\Debug\Cm3Start.o
                0x00001210                initialize_psoc
 .text.QuadDec_L_Init
                0x00001278       0x24 .\CortexM3\ARM_GCC_541\Debug\Test_01.a(QuadDec_L.o)
                0x00001278                QuadDec_L_Init
 .text.QuadDec_L_GetCounter
                0x0000129c       0x2c .\CortexM3\ARM_GCC_541\Debug\Test_01.a(QuadDec_L.o)
                0x0000129c                QuadDec_L_GetCounter
 .text.QuadDec_L_SetCounter
                0x000012c8       0x28 .\CortexM3\ARM_GCC_541\Debug\Test_01.a(QuadDec_L.o)
                0x000012c8                QuadDec_L_SetCounter
 .text.QuadDec_L_GetEvents
                0x000012f0       0x10 .\CortexM3\ARM_GCC_541\Debug\Test_01.a(QuadDec_L.o)
                0x000012f0                QuadDec_L_GetEvents
 .text.QuadDec_L_SetInterruptMask
                0x00001300       0x10 .\CortexM3\ARM_GCC_541\Debug\Test_01.a(QuadDec_L.o)
                0x00001300                QuadDec_L_SetInterruptMask
 .text.QuadDec_L_Enable
                0x00001310       0x30 .\CortexM3\ARM_GCC_541\Debug\Test_01.a(QuadDec_L.o)
                0x00001310                QuadDec_L_Enable
 .text.QuadDec_L_Start
                0x00001340       0x34 .\CortexM3\ARM_GCC_541\Debug\Test_01.a(QuadDec_L.o)
                0x00001340                QuadDec_L_Start
 .text.QuadDec_L_ISR
                0x00001374       0x40 .\CortexM3\ARM_GCC_541\Debug\Test_01.a(QuadDec_L_INT.o)
                0x00001374                QuadDec_L_ISR
 .text.QuadDec_R_Init
                0x000013b4       0x24 .\CortexM3\ARM_GCC_541\Debug\Test_01.a(QuadDec_R.o)
                0x000013b4                QuadDec_R_Init
 .text.QuadDec_R_GetCounter
                0x000013d8       0x2c .\CortexM3\ARM_GCC_541\Debug\Test_01.a(QuadDec_R.o)
                0x000013d8                QuadDec_R_GetCounter
 .text.QuadDec_R_SetCounter
                0x00001404       0x28 .\CortexM3\ARM_GCC_541\Debug\Test_01.a(QuadDec_R.o)
                0x00001404                QuadDec_R_SetCounter
 .text.QuadDec_R_GetEvents
                0x0000142c       0x10 .\CortexM3\ARM_GCC_541\Debug\Test_01.a(QuadDec_R.o)
                0x0000142c                QuadDec_R_GetEvents
 .text.QuadDec_R_SetInterruptMask
                0x0000143c       0x10 .\CortexM3\ARM_GCC_541\Debug\Test_01.a(QuadDec_R.o)
                0x0000143c                QuadDec_R_SetInterruptMask
 .text.QuadDec_R_Enable
                0x0000144c       0x30 .\CortexM3\ARM_GCC_541\Debug\Test_01.a(QuadDec_R.o)
                0x0000144c                QuadDec_R_Enable
 .text.QuadDec_R_Start
                0x0000147c       0x34 .\CortexM3\ARM_GCC_541\Debug\Test_01.a(QuadDec_R.o)
                0x0000147c                QuadDec_R_Start
 .text.QuadDec_R_ISR
                0x000014b0       0x40 .\CortexM3\ARM_GCC_541\Debug\Test_01.a(QuadDec_R_INT.o)
                0x000014b0                QuadDec_R_ISR
 .text.Forward_L_Write
                0x000014f0       0x18 .\CortexM3\ARM_GCC_541\Debug\Test_01.a(Forward_L.o)
                0x000014f0                Forward_L_Write
 .text.Backward_L_Write
                0x00001508       0x18 .\CortexM3\ARM_GCC_541\Debug\Test_01.a(Backward_L.o)
                0x00001508                Backward_L_Write
 .text.Forwad_R_Write
                0x00001520       0x18 .\CortexM3\ARM_GCC_541\Debug\Test_01.a(Forwad_R.o)
                0x00001520                Forwad_R_Write
 .text.Backward_R_Write
                0x00001538       0x18 .\CortexM3\ARM_GCC_541\Debug\Test_01.a(Backward_R.o)
                0x00001538                Backward_R_Write
 .text.limitSW_2_Read
                0x00001550       0x10 .\CortexM3\ARM_GCC_541\Debug\Test_01.a(limitSW_2.o)
                0x00001550                limitSW_2_Read
 .text.limitSW_1_Read
                0x00001560       0x10 .\CortexM3\ARM_GCC_541\Debug\Test_01.a(limitSW_1.o)
                0x00001560                limitSW_1_Read
 .text.S1_Echo_Read
                0x00001570       0x10 .\CortexM3\ARM_GCC_541\Debug\Test_01.a(S1_Echo.o)
                0x00001570                S1_Echo_Read
 .text.S1_Trigger_Write
                0x00001580       0x18 .\CortexM3\ARM_GCC_541\Debug\Test_01.a(S1_Trigger.o)
                0x00001580                S1_Trigger_Write
 .text.isr_1_SetVector
                0x00001598        0xc .\CortexM3\ARM_GCC_541\Debug\Test_01.a(isr_1.o)
                0x00001598                isr_1_SetVector
 .text.isr_1_SetPriority
                0x000015a4       0x10 .\CortexM3\ARM_GCC_541\Debug\Test_01.a(isr_1.o)
                0x000015a4                isr_1_SetPriority
 .text.isr_1_Enable
                0x000015b4        0xc .\CortexM3\ARM_GCC_541\Debug\Test_01.a(isr_1.o)
                0x000015b4                isr_1_Enable
 .text.isr_1_Disable
                0x000015c0        0xc .\CortexM3\ARM_GCC_541\Debug\Test_01.a(isr_1.o)
                0x000015c0                isr_1_Disable
 .text.isr_1_StartEx
                0x000015cc       0x1c .\CortexM3\ARM_GCC_541\Debug\Test_01.a(isr_1.o)
                0x000015cc                isr_1_StartEx
 .text.isr_2_SetVector
                0x000015e8        0xc .\CortexM3\ARM_GCC_541\Debug\Test_01.a(isr_2.o)
                0x000015e8                isr_2_SetVector
 .text.isr_2_SetPriority
                0x000015f4       0x10 .\CortexM3\ARM_GCC_541\Debug\Test_01.a(isr_2.o)
                0x000015f4                isr_2_SetPriority
 .text.isr_2_Enable
                0x00001604        0xc .\CortexM3\ARM_GCC_541\Debug\Test_01.a(isr_2.o)
                0x00001604                isr_2_Enable
 .text.isr_2_Disable
                0x00001610        0xc .\CortexM3\ARM_GCC_541\Debug\Test_01.a(isr_2.o)
                0x00001610                isr_2_Disable
 .text.isr_2_StartEx
                0x0000161c       0x1c .\CortexM3\ARM_GCC_541\Debug\Test_01.a(isr_2.o)
                0x0000161c                isr_2_StartEx
 .text.Color_Timer_Enable
                0x00001638       0x10 .\CortexM3\ARM_GCC_541\Debug\Test_01.a(Color_Timer.o)
                0x00001638                Color_Timer_Enable
 .text.Color_Timer_Stop
                0x00001648       0x10 .\CortexM3\ARM_GCC_541\Debug\Test_01.a(Color_Timer.o)
                0x00001648                Color_Timer_Stop
 .text.Color_Timer_SetInterruptMode
                0x00001658        0xc .\CortexM3\ARM_GCC_541\Debug\Test_01.a(Color_Timer.o)
                0x00001658                Color_Timer_SetInterruptMode
 .text.Color_Timer_ReadStatusRegister
                0x00001664        0xc .\CortexM3\ARM_GCC_541\Debug\Test_01.a(Color_Timer.o)
                0x00001664                Color_Timer_ReadStatusRegister
 .text.Color_Timer_WritePeriod
                0x00001670        0xc .\CortexM3\ARM_GCC_541\Debug\Test_01.a(Color_Timer.o)
                0x00001670                Color_Timer_WritePeriod
 .text.Color_Timer_ReadCapture
                0x0000167c        0xc .\CortexM3\ARM_GCC_541\Debug\Test_01.a(Color_Timer.o)
                0x0000167c                Color_Timer_ReadCapture
 .text.Color_Timer_WriteCounter
                0x00001688        0xc .\CortexM3\ARM_GCC_541\Debug\Test_01.a(Color_Timer.o)
                0x00001688                Color_Timer_WriteCounter
 .text.Color_Timer_ClearFIFO
                0x00001694       0x14 .\CortexM3\ARM_GCC_541\Debug\Test_01.a(Color_Timer.o)
                0x00001694                Color_Timer_ClearFIFO
 .text.Color_Timer_Init
                0x000016a8       0x34 .\CortexM3\ARM_GCC_541\Debug\Test_01.a(Color_Timer.o)
                0x000016a8                Color_Timer_Init
 .text.Color_Timer_Start
                0x000016dc       0x1c .\CortexM3\ARM_GCC_541\Debug\Test_01.a(Color_Timer.o)
                0x000016dc                Color_Timer_Start
 .text.Control_Reg_Color_Write
                0x000016f8        0xc .\CortexM3\ARM_GCC_541\Debug\Test_01.a(Control_Reg_Color.o)
                0x000016f8                Control_Reg_Color_Write
 .text.Color_S0_Write
                0x00001704       0x18 .\CortexM3\ARM_GCC_541\Debug\Test_01.a(Color_S0.o)
                0x00001704                Color_S0_Write
 .text.Color_S1_Write
                0x0000171c       0x18 .\CortexM3\ARM_GCC_541\Debug\Test_01.a(Color_S1.o)
                0x0000171c                Color_S1_Write
 .text.Color_S2_Write
                0x00001734       0x18 .\CortexM3\ARM_GCC_541\Debug\Test_01.a(Color_S2.o)
                0x00001734                Color_S2_Write
 .text.Color_S3_Write
                0x0000174c       0x18 .\CortexM3\ARM_GCC_541\Debug\Test_01.a(Color_S3.o)
                0x0000174c                Color_S3_Write
 .text.Color_LED_Write
                0x00001764       0x18 .\CortexM3\ARM_GCC_541\Debug\Test_01.a(Color_LED.o)
                0x00001764                Color_LED_Write
 .text.RED_LED_Write
                0x0000177c       0x18 .\CortexM3\ARM_GCC_541\Debug\Test_01.a(RED_LED.o)
                0x0000177c                RED_LED_Write
 .text.BLUE_LED_Write
                0x00001794       0x18 .\CortexM3\ARM_GCC_541\Debug\Test_01.a(BLUE_LED.o)
                0x00001794                BLUE_LED_Write
 .text.QuadDec_L_Cnt16_Enable
                0x000017ac       0x10 .\CortexM3\ARM_GCC_541\Debug\Test_01.a(QuadDec_L_Cnt16.o)
                0x000017ac                QuadDec_L_Cnt16_Enable
 .text.QuadDec_L_Cnt16_SetInterruptMode
                0x000017bc        0xc .\CortexM3\ARM_GCC_541\Debug\Test_01.a(QuadDec_L_Cnt16.o)
                0x000017bc                QuadDec_L_Cnt16_SetInterruptMode
 .text.QuadDec_L_Cnt16_ReadStatusRegister
                0x000017c8        0xc .\CortexM3\ARM_GCC_541\Debug\Test_01.a(QuadDec_L_Cnt16.o)
                0x000017c8                QuadDec_L_Cnt16_ReadStatusRegister
 .text.QuadDec_L_Cnt16_WriteCounter
                0x000017d4        0xc .\CortexM3\ARM_GCC_541\Debug\Test_01.a(QuadDec_L_Cnt16.o)
                0x000017d4                QuadDec_L_Cnt16_WriteCounter
 .text.QuadDec_L_Cnt16_ReadCounter
                0x000017e0       0x14 .\CortexM3\ARM_GCC_541\Debug\Test_01.a(QuadDec_L_Cnt16.o)
                0x000017e0                QuadDec_L_Cnt16_ReadCounter
 .text.QuadDec_L_Cnt16_ReadCapture
                0x000017f4        0xc .\CortexM3\ARM_GCC_541\Debug\Test_01.a(QuadDec_L_Cnt16.o)
                0x000017f4                QuadDec_L_Cnt16_ReadCapture
 .text.QuadDec_L_Cnt16_WritePeriod
                0x00001800        0xc .\CortexM3\ARM_GCC_541\Debug\Test_01.a(QuadDec_L_Cnt16.o)
                0x00001800                QuadDec_L_Cnt16_WritePeriod
 .text.QuadDec_L_Cnt16_WriteCompare
                0x0000180c        0xc .\CortexM3\ARM_GCC_541\Debug\Test_01.a(QuadDec_L_Cnt16.o)
                0x0000180c                QuadDec_L_Cnt16_WriteCompare
 .text.QuadDec_L_Cnt16_ClearFIFO
                0x00001818       0x14 .\CortexM3\ARM_GCC_541\Debug\Test_01.a(QuadDec_L_Cnt16.o)
                0x00001818                QuadDec_L_Cnt16_ClearFIFO
 .text.QuadDec_L_Cnt16_Init
                0x0000182c       0x58 .\CortexM3\ARM_GCC_541\Debug\Test_01.a(QuadDec_L_Cnt16.o)
                0x0000182c                QuadDec_L_Cnt16_Init
 .text.QuadDec_L_Cnt16_Start
                0x00001884       0x1c .\CortexM3\ARM_GCC_541\Debug\Test_01.a(QuadDec_L_Cnt16.o)
                0x00001884                QuadDec_L_Cnt16_Start
 .text.QuadDec_R_Cnt16_Enable
                0x000018a0       0x10 .\CortexM3\ARM_GCC_541\Debug\Test_01.a(QuadDec_R_Cnt16.o)
                0x000018a0                QuadDec_R_Cnt16_Enable
 .text.QuadDec_R_Cnt16_SetInterruptMode
                0x000018b0        0xc .\CortexM3\ARM_GCC_541\Debug\Test_01.a(QuadDec_R_Cnt16.o)
                0x000018b0                QuadDec_R_Cnt16_SetInterruptMode
 .text.QuadDec_R_Cnt16_ReadStatusRegister
                0x000018bc        0xc .\CortexM3\ARM_GCC_541\Debug\Test_01.a(QuadDec_R_Cnt16.o)
                0x000018bc                QuadDec_R_Cnt16_ReadStatusRegister
 .text.QuadDec_R_Cnt16_WriteCounter
                0x000018c8        0xc .\CortexM3\ARM_GCC_541\Debug\Test_01.a(QuadDec_R_Cnt16.o)
                0x000018c8                QuadDec_R_Cnt16_WriteCounter
 .text.QuadDec_R_Cnt16_ReadCounter
                0x000018d4       0x14 .\CortexM3\ARM_GCC_541\Debug\Test_01.a(QuadDec_R_Cnt16.o)
                0x000018d4                QuadDec_R_Cnt16_ReadCounter
 .text.QuadDec_R_Cnt16_ReadCapture
                0x000018e8        0xc .\CortexM3\ARM_GCC_541\Debug\Test_01.a(QuadDec_R_Cnt16.o)
                0x000018e8                QuadDec_R_Cnt16_ReadCapture
 .text.QuadDec_R_Cnt16_WritePeriod
                0x000018f4        0xc .\CortexM3\ARM_GCC_541\Debug\Test_01.a(QuadDec_R_Cnt16.o)
                0x000018f4                QuadDec_R_Cnt16_WritePeriod
 .text.QuadDec_R_Cnt16_WriteCompare
                0x00001900        0xc .\CortexM3\ARM_GCC_541\Debug\Test_01.a(QuadDec_R_Cnt16.o)
                0x00001900                QuadDec_R_Cnt16_WriteCompare
 .text.QuadDec_R_Cnt16_ClearFIFO
                0x0000190c       0x14 .\CortexM3\ARM_GCC_541\Debug\Test_01.a(QuadDec_R_Cnt16.o)
                0x0000190c                QuadDec_R_Cnt16_ClearFIFO
 .text.QuadDec_R_Cnt16_Init
                0x00001920       0x58 .\CortexM3\ARM_GCC_541\Debug\Test_01.a(QuadDec_R_Cnt16.o)
                0x00001920                QuadDec_R_Cnt16_Init
 .text.QuadDec_R_Cnt16_Start
                0x00001978       0x1c .\CortexM3\ARM_GCC_541\Debug\Test_01.a(QuadDec_R_Cnt16.o)
                0x00001978                QuadDec_R_Cnt16_Start
 .text.CyHalt   0x00001994        0x4 .\CortexM3\ARM_GCC_541\Debug\Test_01.a(CyLib.o)
                0x00001994                CyHalt
 .text.CyDelay  0x00001998       0x2c .\CortexM3\ARM_GCC_541\Debug\Test_01.a(CyLib.o)
                0x00001998                CyDelay
 .text.CyDelayUs
                0x000019c4       0x14 .\CortexM3\ARM_GCC_541\Debug\Test_01.a(CyLib.o)
                0x000019c4                CyDelayUs
 .text.CyIntSetVector
                0x000019d8       0x28 .\CortexM3\ARM_GCC_541\Debug\Test_01.a(CyLib.o)
                0x000019d8                CyIntSetVector
 .text.CyIntSetPriority
                0x00001a00       0x30 .\CortexM3\ARM_GCC_541\Debug\Test_01.a(CyLib.o)
                0x00001a00                CyIntSetPriority
 .text.UART_Init
                0x00001a30       0x28 .\CortexM3\ARM_GCC_541\Debug\Test_01.a(UART.o)
                0x00001a30                UART_Init
 .text.UART_Enable
                0x00001a58       0x38 .\CortexM3\ARM_GCC_541\Debug\Test_01.a(UART.o)
                0x00001a58                UART_Enable
 .text.UART_Start
                0x00001a90       0x1c .\CortexM3\ARM_GCC_541\Debug\Test_01.a(UART.o)
                0x00001a90                UART_Start
 .text.Color_Counter_Enable
                0x00001aac       0x10 .\CortexM3\ARM_GCC_541\Debug\Test_01.a(Color_Counter.o)
                0x00001aac                Color_Counter_Enable
 .text.Color_Counter_Stop
                0x00001abc       0x10 .\CortexM3\ARM_GCC_541\Debug\Test_01.a(Color_Counter.o)
                0x00001abc                Color_Counter_Stop
 .text.Color_Counter_SetInterruptMode
                0x00001acc        0xc .\CortexM3\ARM_GCC_541\Debug\Test_01.a(Color_Counter.o)
                0x00001acc                Color_Counter_SetInterruptMode
 .text.Color_Counter_ReadStatusRegister
                0x00001ad8        0xc .\CortexM3\ARM_GCC_541\Debug\Test_01.a(Color_Counter.o)
                0x00001ad8                Color_Counter_ReadStatusRegister
 .text.Color_Counter_WriteCounter
                0x00001ae4        0xc .\CortexM3\ARM_GCC_541\Debug\Test_01.a(Color_Counter.o)
                0x00001ae4                Color_Counter_WriteCounter
 .text.Color_Counter_ReadCounter
                0x00001af0       0x14 .\CortexM3\ARM_GCC_541\Debug\Test_01.a(Color_Counter.o)
                0x00001af0                Color_Counter_ReadCounter
 .text.Color_Counter_ReadCapture
                0x00001b04        0xc .\CortexM3\ARM_GCC_541\Debug\Test_01.a(Color_Counter.o)
                0x00001b04                Color_Counter_ReadCapture
 .text.Color_Counter_WritePeriod
                0x00001b10        0xc .\CortexM3\ARM_GCC_541\Debug\Test_01.a(Color_Counter.o)
                0x00001b10                Color_Counter_WritePeriod
 .text.Color_Counter_WriteCompare
                0x00001b1c        0xc .\CortexM3\ARM_GCC_541\Debug\Test_01.a(Color_Counter.o)
                0x00001b1c                Color_Counter_WriteCompare
 .text.Color_Counter_ClearFIFO
                0x00001b28       0x14 .\CortexM3\ARM_GCC_541\Debug\Test_01.a(Color_Counter.o)
                0x00001b28                Color_Counter_ClearFIFO
 .text.Color_Counter_Init
                0x00001b3c       0x5c .\CortexM3\ARM_GCC_541\Debug\Test_01.a(Color_Counter.o)
                0x00001b3c                Color_Counter_Init
 .text.Color_Counter_Start
                0x00001b98       0x1c .\CortexM3\ARM_GCC_541\Debug\Test_01.a(Color_Counter.o)
                0x00001b98                Color_Counter_Start
 .text.UART_IntClock_Start
                0x00001bb4       0x1c .\CortexM3\ARM_GCC_541\Debug\Test_01.a(UART_IntClock.o)
                0x00001bb4                UART_IntClock_Start
 .text.S1_Timer_Enable
                0x00001bd0       0x10 .\CortexM3\ARM_GCC_541\Debug\Test_01.a(S1_Timer.o)
                0x00001bd0                S1_Timer_Enable
 .text.S1_Timer_SetInterruptMode
                0x00001be0        0xc .\CortexM3\ARM_GCC_541\Debug\Test_01.a(S1_Timer.o)
                0x00001be0                S1_Timer_SetInterruptMode
 .text.S1_Timer_ReadStatusRegister
                0x00001bec        0xc .\CortexM3\ARM_GCC_541\Debug\Test_01.a(S1_Timer.o)
                0x00001bec                S1_Timer_ReadStatusRegister
 .text.S1_Timer_WritePeriod
                0x00001bf8        0xc .\CortexM3\ARM_GCC_541\Debug\Test_01.a(S1_Timer.o)
                0x00001bf8                S1_Timer_WritePeriod
 .text.S1_Timer_ReadCapture
                0x00001c04        0xc .\CortexM3\ARM_GCC_541\Debug\Test_01.a(S1_Timer.o)
                0x00001c04                S1_Timer_ReadCapture
 .text.S1_Timer_WriteCounter
                0x00001c10        0xc .\CortexM3\ARM_GCC_541\Debug\Test_01.a(S1_Timer.o)
                0x00001c10                S1_Timer_WriteCounter
 .text.S1_Timer_ReadCounter
                0x00001c1c       0x14 .\CortexM3\ARM_GCC_541\Debug\Test_01.a(S1_Timer.o)
                0x00001c1c                S1_Timer_ReadCounter
 .text.S1_Timer_SetInterruptCount
                0x00001c30       0x1c .\CortexM3\ARM_GCC_541\Debug\Test_01.a(S1_Timer.o)
                0x00001c30                S1_Timer_SetInterruptCount
 .text.S1_Timer_ClearFIFO
                0x00001c4c       0x14 .\CortexM3\ARM_GCC_541\Debug\Test_01.a(S1_Timer.o)
                0x00001c4c                S1_Timer_ClearFIFO
 .text.S1_Timer_Init
                0x00001c60       0x3c .\CortexM3\ARM_GCC_541\Debug\Test_01.a(S1_Timer.o)
                0x00001c60                S1_Timer_Init
 .text.S1_Timer_Start
                0x00001c9c       0x1c .\CortexM3\ARM_GCC_541\Debug\Test_01.a(S1_Timer.o)
                0x00001c9c                S1_Timer_Start
 .text.isr_3_SetVector
                0x00001cb8        0xc .\CortexM3\ARM_GCC_541\Debug\Test_01.a(isr_3.o)
                0x00001cb8                isr_3_SetVector
 .text.isr_3_SetPriority
                0x00001cc4       0x10 .\CortexM3\ARM_GCC_541\Debug\Test_01.a(isr_3.o)
                0x00001cc4                isr_3_SetPriority
 .text.isr_3_Enable
                0x00001cd4        0xc .\CortexM3\ARM_GCC_541\Debug\Test_01.a(isr_3.o)
                0x00001cd4                isr_3_Enable
 .text.isr_3_Disable
                0x00001ce0        0xc .\CortexM3\ARM_GCC_541\Debug\Test_01.a(isr_3.o)
                0x00001ce0                isr_3_Disable
 .text.isr_3_StartEx
                0x00001cec       0x1c .\CortexM3\ARM_GCC_541\Debug\Test_01.a(isr_3.o)
                0x00001cec                isr_3_StartEx
 .text.S2_Timer_Enable
                0x00001d08       0x10 .\CortexM3\ARM_GCC_541\Debug\Test_01.a(S2_Timer.o)
                0x00001d08                S2_Timer_Enable
 .text.S2_Timer_SetInterruptMode
                0x00001d18        0xc .\CortexM3\ARM_GCC_541\Debug\Test_01.a(S2_Timer.o)
                0x00001d18                S2_Timer_SetInterruptMode
 .text.S2_Timer_ReadStatusRegister
                0x00001d24        0xc .\CortexM3\ARM_GCC_541\Debug\Test_01.a(S2_Timer.o)
                0x00001d24                S2_Timer_ReadStatusRegister
 .text.S2_Timer_WritePeriod
                0x00001d30        0xc .\CortexM3\ARM_GCC_541\Debug\Test_01.a(S2_Timer.o)
                0x00001d30                S2_Timer_WritePeriod
 .text.S2_Timer_ReadCapture
                0x00001d3c        0xc .\CortexM3\ARM_GCC_541\Debug\Test_01.a(S2_Timer.o)
                0x00001d3c                S2_Timer_ReadCapture
 .text.S2_Timer_WriteCounter
                0x00001d48        0xc .\CortexM3\ARM_GCC_541\Debug\Test_01.a(S2_Timer.o)
                0x00001d48                S2_Timer_WriteCounter
 .text.S2_Timer_ReadCounter
                0x00001d54       0x14 .\CortexM3\ARM_GCC_541\Debug\Test_01.a(S2_Timer.o)
                0x00001d54                S2_Timer_ReadCounter
 .text.S2_Timer_SetInterruptCount
                0x00001d68       0x1c .\CortexM3\ARM_GCC_541\Debug\Test_01.a(S2_Timer.o)
                0x00001d68                S2_Timer_SetInterruptCount
 .text.S2_Timer_ClearFIFO
                0x00001d84       0x14 .\CortexM3\ARM_GCC_541\Debug\Test_01.a(S2_Timer.o)
                0x00001d84                S2_Timer_ClearFIFO
 .text.S2_Timer_Init
                0x00001d98       0x3c .\CortexM3\ARM_GCC_541\Debug\Test_01.a(S2_Timer.o)
                0x00001d98                S2_Timer_Init
 .text.S2_Timer_Start
                0x00001dd4       0x1c .\CortexM3\ARM_GCC_541\Debug\Test_01.a(S2_Timer.o)
                0x00001dd4                S2_Timer_Start
 .text.S2_Echo_Read
                0x00001df0       0x10 .\CortexM3\ARM_GCC_541\Debug\Test_01.a(S2_Echo.o)
                0x00001df0                S2_Echo_Read
 .text.S2_Trigger_Write
                0x00001e00       0x18 .\CortexM3\ARM_GCC_541\Debug\Test_01.a(S2_Trigger.o)
                0x00001e00                S2_Trigger_Write
 .text.isr_4_SetVector
                0x00001e18        0xc .\CortexM3\ARM_GCC_541\Debug\Test_01.a(isr_4.o)
                0x00001e18                isr_4_SetVector
 .text.isr_4_SetPriority
                0x00001e24       0x10 .\CortexM3\ARM_GCC_541\Debug\Test_01.a(isr_4.o)
                0x00001e24                isr_4_SetPriority
 .text.isr_4_Enable
                0x00001e34        0xc .\CortexM3\ARM_GCC_541\Debug\Test_01.a(isr_4.o)
                0x00001e34                isr_4_Enable
 .text.isr_4_Disable
                0x00001e40        0xc .\CortexM3\ARM_GCC_541\Debug\Test_01.a(isr_4.o)
                0x00001e40                isr_4_Disable
 .text.isr_4_StartEx
                0x00001e4c       0x1c .\CortexM3\ARM_GCC_541\Debug\Test_01.a(isr_4.o)
                0x00001e4c                isr_4_StartEx
 .text.S3_Timer_Enable
                0x00001e68       0x10 .\CortexM3\ARM_GCC_541\Debug\Test_01.a(S3_Timer.o)
                0x00001e68                S3_Timer_Enable
 .text.S3_Timer_SetInterruptMode
                0x00001e78        0xc .\CortexM3\ARM_GCC_541\Debug\Test_01.a(S3_Timer.o)
                0x00001e78                S3_Timer_SetInterruptMode
 .text.S3_Timer_ReadStatusRegister
                0x00001e84        0xc .\CortexM3\ARM_GCC_541\Debug\Test_01.a(S3_Timer.o)
                0x00001e84                S3_Timer_ReadStatusRegister
 .text.S3_Timer_WritePeriod
                0x00001e90        0xc .\CortexM3\ARM_GCC_541\Debug\Test_01.a(S3_Timer.o)
                0x00001e90                S3_Timer_WritePeriod
 .text.S3_Timer_ReadCapture
                0x00001e9c        0xc .\CortexM3\ARM_GCC_541\Debug\Test_01.a(S3_Timer.o)
                0x00001e9c                S3_Timer_ReadCapture
 .text.S3_Timer_WriteCounter
                0x00001ea8        0xc .\CortexM3\ARM_GCC_541\Debug\Test_01.a(S3_Timer.o)
                0x00001ea8                S3_Timer_WriteCounter
 .text.S3_Timer_ReadCounter
                0x00001eb4       0x14 .\CortexM3\ARM_GCC_541\Debug\Test_01.a(S3_Timer.o)
                0x00001eb4                S3_Timer_ReadCounter
 .text.S3_Timer_SetInterruptCount
                0x00001ec8       0x1c .\CortexM3\ARM_GCC_541\Debug\Test_01.a(S3_Timer.o)
                0x00001ec8                S3_Timer_SetInterruptCount
 .text.S3_Timer_ClearFIFO
                0x00001ee4       0x14 .\CortexM3\ARM_GCC_541\Debug\Test_01.a(S3_Timer.o)
                0x00001ee4                S3_Timer_ClearFIFO
 .text.S3_Timer_Init
                0x00001ef8       0x3c .\CortexM3\ARM_GCC_541\Debug\Test_01.a(S3_Timer.o)
                0x00001ef8                S3_Timer_Init
 .text.S3_Timer_Start
                0x00001f34       0x1c .\CortexM3\ARM_GCC_541\Debug\Test_01.a(S3_Timer.o)
                0x00001f34                S3_Timer_Start
 .text.S3_Trigger_Write
                0x00001f50       0x18 .\CortexM3\ARM_GCC_541\Debug\Test_01.a(S3_Trigger.o)
                0x00001f50                S3_Trigger_Write
 .text.S3_Echo_Read
                0x00001f68       0x10 .\CortexM3\ARM_GCC_541\Debug\Test_01.a(S3_Echo.o)
                0x00001f68                S3_Echo_Read
 .text.IR_Out_Read
                0x00001f78       0x10 .\CortexM3\ARM_GCC_541\Debug\Test_01.a(IR_Out.o)
                0x00001f78                IR_Out_Read
 .text.isr_6_SetVector
                0x00001f88        0xc .\CortexM3\ARM_GCC_541\Debug\Test_01.a(isr_6.o)
                0x00001f88                isr_6_SetVector
 .text.isr_6_SetPriority
                0x00001f94       0x10 .\CortexM3\ARM_GCC_541\Debug\Test_01.a(isr_6.o)
                0x00001f94                isr_6_SetPriority
 .text.isr_6_Enable
                0x00001fa4        0xc .\CortexM3\ARM_GCC_541\Debug\Test_01.a(isr_6.o)
                0x00001fa4                isr_6_Enable
 .text.isr_6_Disable
                0x00001fb0        0xc .\CortexM3\ARM_GCC_541\Debug\Test_01.a(isr_6.o)
                0x00001fb0                isr_6_Disable
 .text.isr_6_StartEx
                0x00001fbc       0x1c .\CortexM3\ARM_GCC_541\Debug\Test_01.a(isr_6.o)
                0x00001fbc                isr_6_StartEx
 .text.isr_6_ClearPending
                0x00001fd8        0xc .\CortexM3\ARM_GCC_541\Debug\Test_01.a(isr_6.o)
                0x00001fd8                isr_6_ClearPending
 .text.S4_Timer_Enable
                0x00001fe4       0x10 .\CortexM3\ARM_GCC_541\Debug\Test_01.a(S4_Timer.o)
                0x00001fe4                S4_Timer_Enable
 .text.S4_Timer_SetInterruptMode
                0x00001ff4        0xc .\CortexM3\ARM_GCC_541\Debug\Test_01.a(S4_Timer.o)
                0x00001ff4                S4_Timer_SetInterruptMode
 .text.S4_Timer_ReadStatusRegister
                0x00002000        0xc .\CortexM3\ARM_GCC_541\Debug\Test_01.a(S4_Timer.o)
                0x00002000                S4_Timer_ReadStatusRegister
 .text.S4_Timer_WritePeriod
                0x0000200c        0xc .\CortexM3\ARM_GCC_541\Debug\Test_01.a(S4_Timer.o)
                0x0000200c                S4_Timer_WritePeriod
 .text.S4_Timer_ReadCapture
                0x00002018        0xc .\CortexM3\ARM_GCC_541\Debug\Test_01.a(S4_Timer.o)
                0x00002018                S4_Timer_ReadCapture
 .text.S4_Timer_WriteCounter
                0x00002024        0xc .\CortexM3\ARM_GCC_541\Debug\Test_01.a(S4_Timer.o)
                0x00002024                S4_Timer_WriteCounter
 .text.S4_Timer_ReadCounter
                0x00002030       0x14 .\CortexM3\ARM_GCC_541\Debug\Test_01.a(S4_Timer.o)
                0x00002030                S4_Timer_ReadCounter
 .text.S4_Timer_SetInterruptCount
                0x00002044       0x1c .\CortexM3\ARM_GCC_541\Debug\Test_01.a(S4_Timer.o)
                0x00002044                S4_Timer_SetInterruptCount
 .text.S4_Timer_ClearFIFO
                0x00002060       0x14 .\CortexM3\ARM_GCC_541\Debug\Test_01.a(S4_Timer.o)
                0x00002060                S4_Timer_ClearFIFO
 .text.S4_Timer_Init
                0x00002074       0x3c .\CortexM3\ARM_GCC_541\Debug\Test_01.a(S4_Timer.o)
                0x00002074                S4_Timer_Init
 .text.S4_Timer_Start
                0x000020b0       0x1c .\CortexM3\ARM_GCC_541\Debug\Test_01.a(S4_Timer.o)
                0x000020b0                S4_Timer_Start
 .text.S4_Echo_Read
                0x000020cc       0x10 .\CortexM3\ARM_GCC_541\Debug\Test_01.a(S4_Echo.o)
                0x000020cc                S4_Echo_Read
 .text.S4_Trigger_Write
                0x000020dc       0x18 .\CortexM3\ARM_GCC_541\Debug\Test_01.a(S4_Trigger.o)
                0x000020dc                S4_Trigger_Write
 .text.PWM_Motor_Enable
                0x000020f4       0x10 .\CortexM3\ARM_GCC_541\Debug\Test_01.a(PWM_Motor.o)
                0x000020f4                PWM_Motor_Enable
 .text.PWM_Motor_WriteCounter
                0x00002104        0xc .\CortexM3\ARM_GCC_541\Debug\Test_01.a(PWM_Motor.o)
                0x00002104                PWM_Motor_WriteCounter
 .text.PWM_Motor_WritePeriod
                0x00002110        0xc .\CortexM3\ARM_GCC_541\Debug\Test_01.a(PWM_Motor.o)
                0x00002110                PWM_Motor_WritePeriod
 .text.PWM_Motor_WriteCompare1
                0x0000211c        0xc .\CortexM3\ARM_GCC_541\Debug\Test_01.a(PWM_Motor.o)
                0x0000211c                PWM_Motor_WriteCompare1
 .text.PWM_Motor_WriteCompare2
                0x00002128        0xc .\CortexM3\ARM_GCC_541\Debug\Test_01.a(PWM_Motor.o)
                0x00002128                PWM_Motor_WriteCompare2
 .text.PWM_Motor_SetInterruptMode
                0x00002134        0xc .\CortexM3\ARM_GCC_541\Debug\Test_01.a(PWM_Motor.o)
                0x00002134                PWM_Motor_SetInterruptMode
 .text.PWM_Motor_ReadStatusRegister
                0x00002140        0xc .\CortexM3\ARM_GCC_541\Debug\Test_01.a(PWM_Motor.o)
                0x00002140                PWM_Motor_ReadStatusRegister
 .text.PWM_Motor_ReadCapture
                0x0000214c        0xc .\CortexM3\ARM_GCC_541\Debug\Test_01.a(PWM_Motor.o)
                0x0000214c                PWM_Motor_ReadCapture
 .text.PWM_Motor_ClearFIFO
                0x00002158       0x14 .\CortexM3\ARM_GCC_541\Debug\Test_01.a(PWM_Motor.o)
                0x00002158                PWM_Motor_ClearFIFO
 .text.PWM_Motor_Init
                0x0000216c       0x60 .\CortexM3\ARM_GCC_541\Debug\Test_01.a(PWM_Motor.o)
                0x0000216c                PWM_Motor_Init
 .text.PWM_Motor_Start
                0x000021cc       0x1c .\CortexM3\ARM_GCC_541\Debug\Test_01.a(PWM_Motor.o)
                0x000021cc                PWM_Motor_Start
 .text.Flicker_Servo_Enable
                0x000021e8       0x28 .\CortexM3\ARM_GCC_541\Debug\Test_01.a(Flicker_Servo.o)
                0x000021e8                Flicker_Servo_Enable
 .text.Flicker_Servo_WritePeriod
                0x00002210        0xc .\CortexM3\ARM_GCC_541\Debug\Test_01.a(Flicker_Servo.o)
                0x00002210                Flicker_Servo_WritePeriod
 .text.Flicker_Servo_WriteCompare
                0x0000221c        0xc .\CortexM3\ARM_GCC_541\Debug\Test_01.a(Flicker_Servo.o)
                0x0000221c                Flicker_Servo_WriteCompare
 .text.Flicker_Servo_SetInterruptMode
                0x00002228        0xc .\CortexM3\ARM_GCC_541\Debug\Test_01.a(Flicker_Servo.o)
                0x00002228                Flicker_Servo_SetInterruptMode
 .text.Flicker_Servo_Init
                0x00002234       0x74 .\CortexM3\ARM_GCC_541\Debug\Test_01.a(Flicker_Servo.o)
                0x00002234                Flicker_Servo_Init
 .text.Flicker_Servo_Start
                0x000022a8       0x1c .\CortexM3\ARM_GCC_541\Debug\Test_01.a(Flicker_Servo.o)
                0x000022a8                Flicker_Servo_Start
 .text.RobotArm_Servo_Enable
                0x000022c4       0x10 .\CortexM3\ARM_GCC_541\Debug\Test_01.a(RobotArm_Servo.o)
                0x000022c4                RobotArm_Servo_Enable
 .text.RobotArm_Servo_WriteCounter
                0x000022d4        0xc .\CortexM3\ARM_GCC_541\Debug\Test_01.a(RobotArm_Servo.o)
                0x000022d4                RobotArm_Servo_WriteCounter
 .text.RobotArm_Servo_WritePeriod
                0x000022e0        0xc .\CortexM3\ARM_GCC_541\Debug\Test_01.a(RobotArm_Servo.o)
                0x000022e0                RobotArm_Servo_WritePeriod
 .text.RobotArm_Servo_WriteCompare1
                0x000022ec        0xc .\CortexM3\ARM_GCC_541\Debug\Test_01.a(RobotArm_Servo.o)
                0x000022ec                RobotArm_Servo_WriteCompare1
 .text.RobotArm_Servo_WriteCompare2
                0x000022f8        0xc .\CortexM3\ARM_GCC_541\Debug\Test_01.a(RobotArm_Servo.o)
                0x000022f8                RobotArm_Servo_WriteCompare2
 .text.RobotArm_Servo_SetInterruptMode
                0x00002304        0xc .\CortexM3\ARM_GCC_541\Debug\Test_01.a(RobotArm_Servo.o)
                0x00002304                RobotArm_Servo_SetInterruptMode
 .text.RobotArm_Servo_ReadStatusRegister
                0x00002310        0xc .\CortexM3\ARM_GCC_541\Debug\Test_01.a(RobotArm_Servo.o)
                0x00002310                RobotArm_Servo_ReadStatusRegister
 .text.RobotArm_Servo_ReadCapture
                0x0000231c        0xc .\CortexM3\ARM_GCC_541\Debug\Test_01.a(RobotArm_Servo.o)
                0x0000231c                RobotArm_Servo_ReadCapture
 .text.RobotArm_Servo_ClearFIFO
                0x00002328       0x14 .\CortexM3\ARM_GCC_541\Debug\Test_01.a(RobotArm_Servo.o)
                0x00002328                RobotArm_Servo_ClearFIFO
 .text.RobotArm_Servo_Init
                0x0000233c       0x68 .\CortexM3\ARM_GCC_541\Debug\Test_01.a(RobotArm_Servo.o)
                0x0000233c                RobotArm_Servo_Init
 .text.RobotArm_Servo_Start
                0x000023a4       0x1c .\CortexM3\ARM_GCC_541\Debug\Test_01.a(RobotArm_Servo.o)
                0x000023a4                RobotArm_Servo_Start
 .text.Base_Selector_Read
                0x000023c0       0x10 .\CortexM3\ARM_GCC_541\Debug\Test_01.a(Base_Selector.o)
                0x000023c0                Base_Selector_Read
 .text.I2C_Init
                0x000023d0       0x68 .\CortexM3\ARM_GCC_541\Debug\Test_01.a(I2C.o)
                0x000023d0                I2C_Init
 .text.I2C_Enable
                0x00002438       0x24 .\CortexM3\ARM_GCC_541\Debug\Test_01.a(I2C.o)
                0x00002438                I2C_Enable
 .text.I2C_Start
                0x0000245c       0x28 .\CortexM3\ARM_GCC_541\Debug\Test_01.a(I2C.o)
                0x0000245c                I2C_Start
 .text.I2C_ISR  0x00002484      0x2d0 .\CortexM3\ARM_GCC_541\Debug\Test_01.a(I2C_INT.o)
                0x00002484                I2C_ISR
 *fill*         0x00002754        0x4 
 .text          0x00002758       0x20 .\CortexM3\ARM_GCC_541\Debug\Test_01.a(CyBootAsmGnu.o)
                0x00002758                CyDelayCycles
                0x00002768                CyEnterCriticalSection
                0x00002770                CyExitCriticalSection
 .text          0x00002778      0x21c c:/program files (x86)/cypress/psoc creator/4.2/psoc creator/import/gnu/arm/5.4.1/bin/../lib/gcc/arm-none-eabi/5.4.1/armv7-m\libgcc.a(_arm_addsubsf3.o)
                0x00002778                __aeabi_frsub
                0x00002780                __subsf3
                0x00002780                __aeabi_fsub
                0x00002784                __aeabi_fadd
                0x00002784                __addsf3
                0x000028e4                __aeabi_ui2f
                0x000028e4                __floatunsisf
                0x000028ec                __aeabi_i2f
                0x000028ec                __floatsisf
                0x00002908                __aeabi_ul2f
                0x00002908                __floatundisf
                0x00002918                __aeabi_l2f
                0x00002918                __floatdisf
 .text          0x00002994       0xec c:/program files (x86)/cypress/psoc creator/4.2/psoc creator/import/gnu/arm/5.4.1/bin/../lib/gcc/arm-none-eabi/5.4.1/armv7-m\libgcc.a(_arm_cmpsf2.o)
                0x00002994                __gesf2
                0x00002994                __gtsf2
                0x0000299c                __lesf2
                0x0000299c                __ltsf2
                0x000029a4                __nesf2
                0x000029a4                __eqsf2
                0x000029a4                __cmpsf2
                0x00002a04                __aeabi_cfrcmple
                0x00002a0c                __aeabi_cfcmpeq
                0x00002a0c                __aeabi_cfcmple
                0x00002a1c                __aeabi_fcmpeq
                0x00002a30                __aeabi_fcmplt
                0x00002a44                __aeabi_fcmple
                0x00002a58                __aeabi_fcmpge
                0x00002a6c                __aeabi_fcmpgt
 .text.__errno  0x00002a80        0xc c:/program files (x86)/cypress/psoc creator/4.2/psoc creator/import/gnu/arm/5.4.1/bin/../lib/gcc/arm-none-eabi/5.4.1/../../../../arm-none-eabi/lib/armv7-m\libg_nano.a(lib_a-errno.o)
                0x00002a80                __errno
 .text.__libc_init_array
                0x00002a8c       0x4c c:/program files (x86)/cypress/psoc creator/4.2/psoc creator/import/gnu/arm/5.4.1/bin/../lib/gcc/arm-none-eabi/5.4.1/../../../../arm-none-eabi/lib/armv7-m\libg_nano.a(lib_a-init.o)
                0x00002a8c                __libc_init_array
 .text.memcpy   0x00002ad8       0x16 c:/program files (x86)/cypress/psoc creator/4.2/psoc creator/import/gnu/arm/5.4.1/bin/../lib/gcc/arm-none-eabi/5.4.1/../../../../arm-none-eabi/lib/armv7-m\libg_nano.a(lib_a-memcpy-stub.o)
                0x00002ad8                memcpy
 .text.memset   0x00002aee       0x10 c:/program files (x86)/cypress/psoc creator/4.2/psoc creator/import/gnu/arm/5.4.1/bin/../lib/gcc/arm-none-eabi/5.4.1/../../../../arm-none-eabi/lib/armv7-m\libg_nano.a(lib_a-memset.o)
                0x00002aee                memset
 *(.plt)
 *(.gnu.warning)
 *(.glue_7t)
 .glue_7t       0x00002afe        0x0 linker stubs
 *(.glue_7)
 .glue_7        0x00002afe        0x0 linker stubs
 *(.vfp11_veneer)
 .vfp11_veneer  0x00002afe        0x0 linker stubs
 *(.bootloader)
 *(.ARM.extab* .gnu.linkonce.armextab.*)
 *(.gcc_except_table)

.v4_bx          0x00002b00        0x0
 .v4_bx         0x00002b00        0x0 linker stubs

.iplt           0x00002b00        0x0
 .iplt          0x00002b00        0x0 c:/program files (x86)/cypress/psoc creator/4.2/psoc creator/import/gnu/arm/5.4.1/bin/../lib/gcc/arm-none-eabi/5.4.1/armv7-m/crtbegin.o

.eh_frame_hdr
 *(.eh_frame_hdr)

.eh_frame       0x00002b00        0x4
 *(.eh_frame)
 .eh_frame      0x00002b00        0x0 c:/program files (x86)/cypress/psoc creator/4.2/psoc creator/import/gnu/arm/5.4.1/bin/../lib/gcc/arm-none-eabi/5.4.1/armv7-m/crtbegin.o
 .eh_frame      0x00002b00        0x4 c:/program files (x86)/cypress/psoc creator/4.2/psoc creator/import/gnu/arm/5.4.1/bin/../lib/gcc/arm-none-eabi/5.4.1/armv7-m/crtend.o
                [!provide]                PROVIDE (__exidx_start, .)

.ARM.exidx
 *(.ARM.exidx* .gnu.linkonce.armexidx.*)
                0x00002b04                __exidx_end = .

.rodata         0x00002b04       0xbc
 *(.rodata .rodata.* .gnu.linkonce.r.*)
 .rodata        0x00002b04       0x82 .\CortexM3\ARM_GCC_541\Debug\cyfitter_cfg.o
 .rodata.str1.1
                0x00002b86        0x2 c:/program files (x86)/cypress/psoc creator/4.2/psoc creator/import/gnu/arm/5.4.1/bin/../lib/gcc/arm-none-eabi/5.4.1/../../../../arm-none-eabi/lib/armv7-m\libg_nano.a(lib_a-impure.o)
                0x00002b88                . = ALIGN (0x4)
 *(.init)
 .init          0x00002b88        0x4 c:/program files (x86)/cypress/psoc creator/4.2/psoc creator/import/gnu/arm/5.4.1/bin/../lib/gcc/arm-none-eabi/5.4.1/armv7-m/crti.o
                0x00002b88                _init
 .init          0x00002b8c        0x8 c:/program files (x86)/cypress/psoc creator/4.2/psoc creator/import/gnu/arm/5.4.1/bin/../lib/gcc/arm-none-eabi/5.4.1/armv7-m/crtn.o
                0x00002b94                . = ALIGN (0x4)
                0x00002b94                __preinit_array_start = .
 *(.preinit_array)
                0x00002b94                __preinit_array_end = .
                0x00002b94                . = ALIGN (0x4)
                0x00002b94                __init_array_start = .
 *(SORT(.init_array.*))
 *(.init_array)
 .init_array    0x00002b94        0x4 c:/program files (x86)/cypress/psoc creator/4.2/psoc creator/import/gnu/arm/5.4.1/bin/../lib/gcc/arm-none-eabi/5.4.1/armv7-m/crtbegin.o
 .init_array    0x00002b98        0x4 .\CortexM3\ARM_GCC_541\Debug\Cm3Start.o
                0x00002b9c                __init_array_end = .
                0x00002b9c                . = ALIGN (0x4)
 *(.fini)
 .fini          0x00002b9c        0x4 c:/program files (x86)/cypress/psoc creator/4.2/psoc creator/import/gnu/arm/5.4.1/bin/../lib/gcc/arm-none-eabi/5.4.1/armv7-m/crti.o
                0x00002b9c                _fini
 .fini          0x00002ba0        0x8 c:/program files (x86)/cypress/psoc creator/4.2/psoc creator/import/gnu/arm/5.4.1/bin/../lib/gcc/arm-none-eabi/5.4.1/armv7-m/crtn.o
                0x00002ba8                . = ALIGN (0x4)
                0x00002ba8                __fini_array_start = .
 *(.fini_array)
 .fini_array    0x00002ba8        0x4 c:/program files (x86)/cypress/psoc creator/4.2/psoc creator/import/gnu/arm/5.4.1/bin/../lib/gcc/arm-none-eabi/5.4.1/armv7-m/crtbegin.o
 *(SORT(.fini_array.*))
                0x00002bac                __fini_array_end = .
                0x00002bac                . = ALIGN (0x4)
 *crtbegin.o(.ctors)
 *(EXCLUDE_FILE(*crtend.o) .ctors)
 *(SORT(.ctors.*))
 *crtend.o(.ctors)
                0x00002bac                . = ALIGN (0x4)
 *crtbegin.o(.dtors)
 *(EXCLUDE_FILE(*crtend.o) .dtors)
 *(SORT(.dtors.*))
 *crtend.o(.dtors)
                0x00002bac                . = ALIGN (0x4)
                0x00002bac                __cy_regions = .
                0x00002bac        0x4 LONG 0x2bc0 __cy_region_init_ram
                0x00002bb0        0x4 LONG 0x1fff80c8 __cy_region_start_data
                0x00002bb4        0x4 LONG 0x88 __cy_region_init_size_ram
                0x00002bb8        0x4 LONG 0x90 __cy_region_zero_size_ram
                0x00002bbc                __cy_regions_end = .
                0x00002bc0                . = ALIGN (0x8)
 *fill*         0x00002bbc        0x4 
                0x00002bc0                _etext = .

.cy_checksum_exclude
                0x00002bc0        0x0
 *(.cy_checksum_exclude)

.ramvectors     0x1fff8000       0xc0
                0x1fff8000                __cy_region_start_ram = .
 *(.ramvectors)
 .ramvectors    0x1fff8000       0xc0 .\CortexM3\ARM_GCC_541\Debug\Cm3Start.o
                0x1fff8000                CyRamVectors

.noinit         0x1fff80c0        0x1
 *(.noinit)
 .noinit        0x1fff80c0        0x1 .\CortexM3\ARM_GCC_541\Debug\Test_01.a(CyLib.o)
                0x1fff80c0                CyResetStatus

.data           0x1fff80c8       0x88 load address 0x00002bc0
                0x1fff80c8                __cy_region_start_data = .
 *(.jcr)
 .jcr           0x1fff80c8        0x0 c:/program files (x86)/cypress/psoc creator/4.2/psoc creator/import/gnu/arm/5.4.1/bin/../lib/gcc/arm-none-eabi/5.4.1/armv7-m/crtbegin.o
 .jcr           0x1fff80c8        0x4 c:/program files (x86)/cypress/psoc creator/4.2/psoc creator/import/gnu/arm/5.4.1/bin/../lib/gcc/arm-none-eabi/5.4.1/armv7-m/crtend.o
 *(.got.plt)
 *(.got)
 *(.shdata)
 *(.data .data.* .gnu.linkonce.d.*)
 .data          0x1fff80cc       0x10 .\CortexM3\ARM_GCC_541\Debug\main.o
                0x1fff80cc                S1_distance
                0x1fff80d0                S2_distance
                0x1fff80d4                S3_distance
                0x1fff80d8                S4_distance
 .data          0x1fff80dc       0x10 .\CortexM3\ARM_GCC_541\Debug\Test_01.a(CyLib.o)
                0x1fff80dc                cydelay_32k_ms
                0x1fff80e0                cydelay_freq_khz
                0x1fff80e4                cydelay_freq_mhz
                0x1fff80e8                cydelay_freq_hz
 .data.impure_data
                0x1fff80ec       0x60 c:/program files (x86)/cypress/psoc creator/4.2/psoc creator/import/gnu/arm/5.4.1/bin/../lib/gcc/arm-none-eabi/5.4.1/../../../../arm-none-eabi/lib/armv7-m\libg_nano.a(lib_a-impure.o)
 .data._impure_ptr
                0x1fff814c        0x4 c:/program files (x86)/cypress/psoc creator/4.2/psoc creator/import/gnu/arm/5.4.1/bin/../lib/gcc/arm-none-eabi/5.4.1/../../../../arm-none-eabi/lib/armv7-m\libg_nano.a(lib_a-impure.o)
                0x1fff814c                _impure_ptr
                0x1fff8150                . = ALIGN (0x8)
 *(.ram)
                0x1fff8150                _edata = .

.igot.plt       0x1fff8150        0x0 load address 0x00002c48
 .igot.plt      0x1fff8150        0x0 c:/program files (x86)/cypress/psoc creator/4.2/psoc creator/import/gnu/arm/5.4.1/bin/../lib/gcc/arm-none-eabi/5.4.1/armv7-m/crtbegin.o

.bss            0x1fff8150       0x90 load address 0x00002c48
                0x1fff8150                PROVIDE (__bss_start__, .)
 *(.shbss)
 *(.bss .bss.* .gnu.linkonce.b.*)
 .bss           0x1fff8150       0x1c c:/program files (x86)/cypress/psoc creator/4.2/psoc creator/import/gnu/arm/5.4.1/bin/../lib/gcc/arm-none-eabi/5.4.1/armv7-m/crtbegin.o
 .bss           0x1fff816c       0x14 .\CortexM3\ARM_GCC_541\Debug\main.o
                0x1fff816c                obstacle1
                0x1fff816d                obstacle2
                0x1fff816e                obstacle3
                0x1fff816f                obstacle4
                0x1fff8170                iFreq
                0x1fff8174                dataReady
                0x1fff8178                state
                0x1fff817c                position
 .bss           0x1fff8180        0x1 .\CortexM3\ARM_GCC_541\Debug\Test_01.a(QuadDec_L.o)
                0x1fff8180                QuadDec_L_initVar
 *fill*         0x1fff8181        0x3 
 .bss           0x1fff8184        0x4 .\CortexM3\ARM_GCC_541\Debug\Test_01.a(QuadDec_L_INT.o)
                0x1fff8184                QuadDec_L_count32SoftPart
 .bss           0x1fff8188        0x1 .\CortexM3\ARM_GCC_541\Debug\Test_01.a(QuadDec_R.o)
                0x1fff8188                QuadDec_R_initVar
 *fill*         0x1fff8189        0x3 
 .bss           0x1fff818c        0x4 .\CortexM3\ARM_GCC_541\Debug\Test_01.a(QuadDec_R_INT.o)
                0x1fff818c                QuadDec_R_count32SoftPart
 .bss           0x1fff8190        0x1 .\CortexM3\ARM_GCC_541\Debug\Test_01.a(Color_Timer.o)
                0x1fff8190                Color_Timer_initVar
 .bss           0x1fff8191        0x1 .\CortexM3\ARM_GCC_541\Debug\Test_01.a(QuadDec_L_Cnt16.o)
                0x1fff8191                QuadDec_L_Cnt16_initVar
 .bss           0x1fff8192        0x1 .\CortexM3\ARM_GCC_541\Debug\Test_01.a(QuadDec_R_Cnt16.o)
                0x1fff8192                QuadDec_R_Cnt16_initVar
 .bss           0x1fff8193        0x2 .\CortexM3\ARM_GCC_541\Debug\Test_01.a(UART.o)
                0x1fff8193                UART_initVar
 .bss           0x1fff8195        0x1 .\CortexM3\ARM_GCC_541\Debug\Test_01.a(Color_Counter.o)
                0x1fff8195                Color_Counter_initVar
 .bss           0x1fff8196        0x1 .\CortexM3\ARM_GCC_541\Debug\Test_01.a(S1_Timer.o)
                0x1fff8196                S1_Timer_initVar
 .bss           0x1fff8197        0x1 .\CortexM3\ARM_GCC_541\Debug\Test_01.a(S2_Timer.o)
                0x1fff8197                S2_Timer_initVar
 .bss           0x1fff8198        0x1 .\CortexM3\ARM_GCC_541\Debug\Test_01.a(S3_Timer.o)
                0x1fff8198                S3_Timer_initVar
 .bss           0x1fff8199        0x1 .\CortexM3\ARM_GCC_541\Debug\Test_01.a(S4_Timer.o)
                0x1fff8199                S4_Timer_initVar
 .bss           0x1fff819a        0x1 .\CortexM3\ARM_GCC_541\Debug\Test_01.a(PWM_Motor.o)
                0x1fff819a                PWM_Motor_initVar
 .bss           0x1fff819b        0x1 .\CortexM3\ARM_GCC_541\Debug\Test_01.a(Flicker_Servo.o)
                0x1fff819b                Flicker_Servo_initVar
 .bss           0x1fff819c        0x1 .\CortexM3\ARM_GCC_541\Debug\Test_01.a(RobotArm_Servo.o)
                0x1fff819c                RobotArm_Servo_initVar
 .bss           0x1fff819d        0x1 .\CortexM3\ARM_GCC_541\Debug\Test_01.a(I2C.o)
                0x1fff819d                I2C_initVar
 *(COMMON)
 *fill*         0x1fff819e        0x2 
 COMMON         0x1fff81a0       0x28 .\CortexM3\ARM_GCC_541\Debug\main.o
                0x1fff81a0                countR
                0x1fff81a4                Base
                0x1fff81a8                string1
                0x1fff81bc                speedR
                0x1fff81c0                speedL
                0x1fff81c1                puckdetected
                0x1fff81c4                countL
 COMMON         0x1fff81c8        0x1 .\CortexM3\ARM_GCC_541\Debug\Test_01.a(I2C.o)
                0x1fff81c8                I2C_state
 *fill*         0x1fff81c9        0x3 
 COMMON         0x1fff81cc       0x10 .\CortexM3\ARM_GCC_541\Debug\Test_01.a(I2C_MASTER.o)
                0x1fff81cc                I2C_mstrWrBufIndex
                0x1fff81cd                I2C_mstrWrBufSize
                0x1fff81ce                I2C_mstrStatus
                0x1fff81d0                I2C_mstrRdBufPtr
                0x1fff81d4                I2C_mstrControl
                0x1fff81d5                I2C_mstrRdBufSize
                0x1fff81d6                I2C_mstrRdBufIndex
                0x1fff81d8                I2C_mstrWrBufPtr
                0x1fff81e0                . = ALIGN (0x8)
 *fill*         0x1fff81dc        0x4 
 *(.ram.b)
                0x1fff81e0                _end = .
                0x1fff81e0                __end = .
                0x1fff81e0                PROVIDE (end, .)
                0x1fff81e0                PROVIDE (__bss_end__, .)
                0x00002bc0                __cy_region_init_ram = LOADADDR (.data)
                0x00000088                __cy_region_init_size_ram = (_edata - ADDR (.data))
                0x00000090                __cy_region_zero_size_ram = (_end - _edata)

.heap           0x1fff81e0       0x80 load address 0x00002c48
                0x1fff81e0                . = _end
                0x1fff8260                . = (. + 0x80)
 *fill*         0x1fff81e0       0x80 
                0x1fff8260                __cy_heap_limit = .

.stack          0x20007800      0x800
                0x20007800                __cy_stack_limit = .
                0x20008000                . = (. + 0x800)
 *fill*         0x20007800      0x800 
                0x00000001                ASSERT ((__cy_stack_limit >= __cy_heap_limit), region RAM overflowed with stack)
                0x00000000                cy_checksum_exclude_size = (CY_APPL_LOADABLE == 0x1)?SIZEOF (.cy_checksum_exclude):0x0
                0x00000001                ASSERT ((cy_checksum_exclude_size <= CY_CHECKSUM_EXCLUDE_SIZE), CY_BOOT: Section .cy_checksum_exclude size exceedes specified limit.)

.cyloadermeta
 *(.cyloadermeta)

.cyloadablemeta
 *(.cyloadablemeta)

.cyconfigecc    0x80000000     0x1448
 *(.cyconfigecc)
 .cyconfigecc   0x80000000     0x1448 .\CortexM3\ARM_GCC_541\Debug\cymetadata.o
                0x80000000                cy_meta_configecc

.cycustnvl      0x90000000        0x4
 *(.cycustnvl)
 .cycustnvl     0x90000000        0x4 .\CortexM3\ARM_GCC_541\Debug\cymetadata.o
                0x90000000                cy_meta_custnvl

.cywolatch      0x90100000        0x4
 *(.cywolatch)
 .cywolatch     0x90100000        0x4 .\CortexM3\ARM_GCC_541\Debug\cymetadata.o
                0x90100000                cy_meta_wonvl

.cyeeprom       0x90200000        0x0
 *(.cyeeprom)
                0x00000001                ASSERT ((. <= ((0x90200000 + ee_offset) + ee_size)), .cyeeprom data will not fit in EEPROM)

.cyflashprotect
                0x90400000      0x100
 *(.cyflashprotect)
 .cyflashprotect
                0x90400000      0x100 .\CortexM3\ARM_GCC_541\Debug\cymetadata.o
                0x90400000                cy_meta_flashprotect

.cymeta         0x90500000        0xc
 *(.cymeta)
 .cymeta        0x90500000        0xc .\CortexM3\ARM_GCC_541\Debug\cymetadata.o
                0x90500000                cy_metadata

.rel.dyn        0x00002c48        0x0 load address 0x9050000c
 .rel.iplt      0x00002c48        0x0 c:/program files (x86)/cypress/psoc creator/4.2/psoc creator/import/gnu/arm/5.4.1/bin/../lib/gcc/arm-none-eabi/5.4.1/armv7-m/crtbegin.o

.stab
 *(.stab)

.stabstr
 *(.stabstr)

.debug
 *(.debug)

.line
 *(.line)

.debug_srcinfo
 *(.debug_srcinfo)

.debug_sfnames
 *(.debug_sfnames)

.debug_aranges  0x00000000     0x17a8
 *(.debug_aranges)
 .debug_aranges
                0x00000000       0xe0 .\CortexM3\ARM_GCC_541\Debug\main.o
 .debug_aranges
                0x000000e0       0x58 .\CortexM3\ARM_GCC_541\Debug\cyfitter_cfg.o
 .debug_aranges
                0x00000138       0x18 .\CortexM3\ARM_GCC_541\Debug\cymetadata.o
 .debug_aranges
                0x00000150       0x48 .\CortexM3\ARM_GCC_541\Debug\Cm3Start.o
 .debug_aranges
                0x00000198       0x60 .\CortexM3\ARM_GCC_541\Debug\Test_01.a(QuadDec_L.o)
 .debug_aranges
                0x000001f8       0x20 .\CortexM3\ARM_GCC_541\Debug\Test_01.a(QuadDec_L_INT.o)
 .debug_aranges
                0x00000218       0x60 .\CortexM3\ARM_GCC_541\Debug\Test_01.a(QuadDec_R.o)
 .debug_aranges
                0x00000278       0x20 .\CortexM3\ARM_GCC_541\Debug\Test_01.a(QuadDec_R_INT.o)
 .debug_aranges
                0x00000298       0x38 .\CortexM3\ARM_GCC_541\Debug\Test_01.a(Forward_L.o)
 .debug_aranges
                0x000002d0       0x38 .\CortexM3\ARM_GCC_541\Debug\Test_01.a(Backward_L.o)
 .debug_aranges
                0x00000308       0x38 .\CortexM3\ARM_GCC_541\Debug\Test_01.a(Forwad_R.o)
 .debug_aranges
                0x00000340       0x38 .\CortexM3\ARM_GCC_541\Debug\Test_01.a(Backward_R.o)
 .debug_aranges
                0x00000378       0x38 .\CortexM3\ARM_GCC_541\Debug\Test_01.a(limitSW_2.o)
 .debug_aranges
                0x000003b0       0x38 .\CortexM3\ARM_GCC_541\Debug\Test_01.a(limitSW_1.o)
 .debug_aranges
                0x000003e8       0x38 .\CortexM3\ARM_GCC_541\Debug\Test_01.a(S1_Echo.o)
 .debug_aranges
                0x00000420       0x38 .\CortexM3\ARM_GCC_541\Debug\Test_01.a(S1_Trigger.o)
 .debug_aranges
                0x00000458       0x80 .\CortexM3\ARM_GCC_541\Debug\Test_01.a(isr_1.o)
 .debug_aranges
                0x000004d8       0x80 .\CortexM3\ARM_GCC_541\Debug\Test_01.a(isr_2.o)
 .debug_aranges
                0x00000558       0x90 .\CortexM3\ARM_GCC_541\Debug\Test_01.a(Color_Timer.o)
 .debug_aranges
                0x000005e8       0x28 .\CortexM3\ARM_GCC_541\Debug\Test_01.a(Control_Reg_Color.o)
 .debug_aranges
                0x00000610       0x38 .\CortexM3\ARM_GCC_541\Debug\Test_01.a(Color_S0.o)
 .debug_aranges
                0x00000648       0x38 .\CortexM3\ARM_GCC_541\Debug\Test_01.a(Color_S1.o)
 .debug_aranges
                0x00000680       0x38 .\CortexM3\ARM_GCC_541\Debug\Test_01.a(Color_S2.o)
 .debug_aranges
                0x000006b8       0x38 .\CortexM3\ARM_GCC_541\Debug\Test_01.a(Color_S3.o)
 .debug_aranges
                0x000006f0       0x38 .\CortexM3\ARM_GCC_541\Debug\Test_01.a(Color_LED.o)
 .debug_aranges
                0x00000728       0x38 .\CortexM3\ARM_GCC_541\Debug\Test_01.a(RED_LED.o)
 .debug_aranges
                0x00000760       0x38 .\CortexM3\ARM_GCC_541\Debug\Test_01.a(BLUE_LED.o)
 .debug_aranges
                0x00000798       0x98 .\CortexM3\ARM_GCC_541\Debug\Test_01.a(QuadDec_L_Cnt16.o)
 .debug_aranges
                0x00000830       0x98 .\CortexM3\ARM_GCC_541\Debug\Test_01.a(QuadDec_R_Cnt16.o)
 .debug_aranges
                0x000008c8      0x2a0 .\CortexM3\ARM_GCC_541\Debug\Test_01.a(CyLib.o)
 .debug_aranges
                0x00000b68       0x98 .\CortexM3\ARM_GCC_541\Debug\Test_01.a(cyPm.o)
 .debug_aranges
                0x00000c00       0xf0 .\CortexM3\ARM_GCC_541\Debug\Test_01.a(UART.o)
 .debug_aranges
                0x00000cf0       0x98 .\CortexM3\ARM_GCC_541\Debug\Test_01.a(Color_Counter.o)
 .debug_aranges
                0x00000d88       0x70 .\CortexM3\ARM_GCC_541\Debug\Test_01.a(UART_IntClock.o)
 .debug_aranges
                0x00000df8       0x98 .\CortexM3\ARM_GCC_541\Debug\Test_01.a(S1_Timer.o)
 .debug_aranges
                0x00000e90       0x80 .\CortexM3\ARM_GCC_541\Debug\Test_01.a(isr_3.o)
 .debug_aranges
                0x00000f10       0x98 .\CortexM3\ARM_GCC_541\Debug\Test_01.a(S2_Timer.o)
 .debug_aranges
                0x00000fa8       0x38 .\CortexM3\ARM_GCC_541\Debug\Test_01.a(S2_Echo.o)
 .debug_aranges
                0x00000fe0       0x38 .\CortexM3\ARM_GCC_541\Debug\Test_01.a(S2_Trigger.o)
 .debug_aranges
                0x00001018       0x80 .\CortexM3\ARM_GCC_541\Debug\Test_01.a(isr_4.o)
 .debug_aranges
                0x00001098       0x98 .\CortexM3\ARM_GCC_541\Debug\Test_01.a(S3_Timer.o)
 .debug_aranges
                0x00001130       0x38 .\CortexM3\ARM_GCC_541\Debug\Test_01.a(S3_Trigger.o)
 .debug_aranges
                0x00001168       0x38 .\CortexM3\ARM_GCC_541\Debug\Test_01.a(S3_Echo.o)
 .debug_aranges
                0x000011a0       0x48 .\CortexM3\ARM_GCC_541\Debug\Test_01.a(IR_Out.o)
 .debug_aranges
                0x000011e8       0x80 .\CortexM3\ARM_GCC_541\Debug\Test_01.a(isr_6.o)
 .debug_aranges
                0x00001268       0x98 .\CortexM3\ARM_GCC_541\Debug\Test_01.a(S4_Timer.o)
 .debug_aranges
                0x00001300       0x38 .\CortexM3\ARM_GCC_541\Debug\Test_01.a(S4_Echo.o)
 .debug_aranges
                0x00001338       0x38 .\CortexM3\ARM_GCC_541\Debug\Test_01.a(S4_Trigger.o)
 .debug_aranges
                0x00001370       0xa8 .\CortexM3\ARM_GCC_541\Debug\Test_01.a(PWM_Motor.o)
 .debug_aranges
                0x00001418       0x78 .\CortexM3\ARM_GCC_541\Debug\Test_01.a(Flicker_Servo.o)
 .debug_aranges
                0x00001490       0xa8 .\CortexM3\ARM_GCC_541\Debug\Test_01.a(RobotArm_Servo.o)
 .debug_aranges
                0x00001538       0x38 .\CortexM3\ARM_GCC_541\Debug\Test_01.a(Base_Selector.o)
 .debug_aranges
                0x00001570       0x38 .\CortexM3\ARM_GCC_541\Debug\Test_01.a(I2C.o)
 .debug_aranges
                0x000015a8       0x20 .\CortexM3\ARM_GCC_541\Debug\Test_01.a(I2C_INT.o)
 .debug_aranges
                0x000015c8       0x38 .\CortexM3\ARM_GCC_541\Debug\Test_01.a(I2C_PM.o)
 .debug_aranges
                0x00001600       0x80 .\CortexM3\ARM_GCC_541\Debug\Test_01.a(I2C_MASTER.o)
 .debug_aranges
                0x00001680       0x20 .\CortexM3\ARM_GCC_541\Debug\Test_01.a(CyBootAsmGnu.o)
 .debug_aranges
                0x000016a0       0x88 .\CortexM3\ARM_GCC_541\Debug\Test_01.a(CyFlash.o)
 .debug_aranges
                0x00001728       0x80 .\CortexM3\ARM_GCC_541\Debug\Test_01.a(CySpc.o)

.debug_pubnames
 *(.debug_pubnames)

.debug_info     0x00000000     0xbe63
 *(.debug_info .gnu.linkonce.wi.*)
 .debug_info    0x00000000     0x21df .\CortexM3\ARM_GCC_541\Debug\main.o
 .debug_info    0x000021df      0x628 .\CortexM3\ARM_GCC_541\Debug\cyfitter_cfg.o
 .debug_info    0x00002807      0x139 .\CortexM3\ARM_GCC_541\Debug\cymetadata.o
 .debug_info    0x00002940      0x3bb .\CortexM3\ARM_GCC_541\Debug\Cm3Start.o
 .debug_info    0x00002cfb      0x357 .\CortexM3\ARM_GCC_541\Debug\Test_01.a(QuadDec_L.o)
 .debug_info    0x00003052       0xf3 .\CortexM3\ARM_GCC_541\Debug\Test_01.a(QuadDec_L_INT.o)
 .debug_info    0x00003145      0x357 .\CortexM3\ARM_GCC_541\Debug\Test_01.a(QuadDec_R.o)
 .debug_info    0x0000349c       0xf3 .\CortexM3\ARM_GCC_541\Debug\Test_01.a(QuadDec_R_INT.o)
 .debug_info    0x0000358f      0x11f .\CortexM3\ARM_GCC_541\Debug\Test_01.a(Forward_L.o)
 .debug_info    0x000036ae      0x11f .\CortexM3\ARM_GCC_541\Debug\Test_01.a(Backward_L.o)
 .debug_info    0x000037cd      0x11f .\CortexM3\ARM_GCC_541\Debug\Test_01.a(Forwad_R.o)
 .debug_info    0x000038ec      0x11f .\CortexM3\ARM_GCC_541\Debug\Test_01.a(Backward_R.o)
 .debug_info    0x00003a0b      0x11f .\CortexM3\ARM_GCC_541\Debug\Test_01.a(limitSW_2.o)
 .debug_info    0x00003b2a      0x11f .\CortexM3\ARM_GCC_541\Debug\Test_01.a(limitSW_1.o)
 .debug_info    0x00003c49      0x11f .\CortexM3\ARM_GCC_541\Debug\Test_01.a(S1_Echo.o)
 .debug_info    0x00003d68      0x11f .\CortexM3\ARM_GCC_541\Debug\Test_01.a(S1_Trigger.o)
 .debug_info    0x00003e87      0x2d2 .\CortexM3\ARM_GCC_541\Debug\Test_01.a(isr_1.o)
 .debug_info    0x00004159      0x2d2 .\CortexM3\ARM_GCC_541\Debug\Test_01.a(isr_2.o)
 .debug_info    0x0000442b      0x2ee .\CortexM3\ARM_GCC_541\Debug\Test_01.a(Color_Timer.o)
 .debug_info    0x00004719       0xd6 .\CortexM3\ARM_GCC_541\Debug\Test_01.a(Control_Reg_Color.o)
 .debug_info    0x000047ef      0x11f .\CortexM3\ARM_GCC_541\Debug\Test_01.a(Color_S0.o)
 .debug_info    0x0000490e      0x11f .\CortexM3\ARM_GCC_541\Debug\Test_01.a(Color_S1.o)
 .debug_info    0x00004a2d      0x11f .\CortexM3\ARM_GCC_541\Debug\Test_01.a(Color_S2.o)
 .debug_info    0x00004b4c      0x11f .\CortexM3\ARM_GCC_541\Debug\Test_01.a(Color_S3.o)
 .debug_info    0x00004c6b      0x11f .\CortexM3\ARM_GCC_541\Debug\Test_01.a(Color_LED.o)
 .debug_info    0x00004d8a      0x11f .\CortexM3\ARM_GCC_541\Debug\Test_01.a(RED_LED.o)
 .debug_info    0x00004ea9      0x11f .\CortexM3\ARM_GCC_541\Debug\Test_01.a(BLUE_LED.o)
 .debug_info    0x00004fc8      0x348 .\CortexM3\ARM_GCC_541\Debug\Test_01.a(QuadDec_L_Cnt16.o)
 .debug_info    0x00005310      0x348 .\CortexM3\ARM_GCC_541\Debug\Test_01.a(QuadDec_R_Cnt16.o)
 .debug_info    0x00005658     0x1374 .\CortexM3\ARM_GCC_541\Debug\Test_01.a(CyLib.o)
 .debug_info    0x000069cc      0xa2a .\CortexM3\ARM_GCC_541\Debug\Test_01.a(cyPm.o)
 .debug_info    0x000073f6      0x60c .\CortexM3\ARM_GCC_541\Debug\Test_01.a(UART.o)
 .debug_info    0x00007a02      0x344 .\CortexM3\ARM_GCC_541\Debug\Test_01.a(Color_Counter.o)
 .debug_info    0x00007d46      0x283 .\CortexM3\ARM_GCC_541\Debug\Test_01.a(UART_IntClock.o)
 .debug_info    0x00007fc9      0x328 .\CortexM3\ARM_GCC_541\Debug\Test_01.a(S1_Timer.o)
 .debug_info    0x000082f1      0x2d2 .\CortexM3\ARM_GCC_541\Debug\Test_01.a(isr_3.o)
 .debug_info    0x000085c3      0x328 .\CortexM3\ARM_GCC_541\Debug\Test_01.a(S2_Timer.o)
 .debug_info    0x000088eb      0x11f .\CortexM3\ARM_GCC_541\Debug\Test_01.a(S2_Echo.o)
 .debug_info    0x00008a0a      0x11f .\CortexM3\ARM_GCC_541\Debug\Test_01.a(S2_Trigger.o)
 .debug_info    0x00008b29      0x2d2 .\CortexM3\ARM_GCC_541\Debug\Test_01.a(isr_4.o)
 .debug_info    0x00008dfb      0x328 .\CortexM3\ARM_GCC_541\Debug\Test_01.a(S3_Timer.o)
 .debug_info    0x00009123      0x11f .\CortexM3\ARM_GCC_541\Debug\Test_01.a(S3_Trigger.o)
 .debug_info    0x00009242      0x11f .\CortexM3\ARM_GCC_541\Debug\Test_01.a(S3_Echo.o)
 .debug_info    0x00009361      0x172 .\CortexM3\ARM_GCC_541\Debug\Test_01.a(IR_Out.o)
 .debug_info    0x000094d3      0x2d2 .\CortexM3\ARM_GCC_541\Debug\Test_01.a(isr_6.o)
 .debug_info    0x000097a5      0x328 .\CortexM3\ARM_GCC_541\Debug\Test_01.a(S4_Timer.o)
 .debug_info    0x00009acd      0x11f .\CortexM3\ARM_GCC_541\Debug\Test_01.a(S4_Echo.o)
 .debug_info    0x00009bec      0x11f .\CortexM3\ARM_GCC_541\Debug\Test_01.a(S4_Trigger.o)
 .debug_info    0x00009d0b      0x39e .\CortexM3\ARM_GCC_541\Debug\Test_01.a(PWM_Motor.o)
 .debug_info    0x0000a0a9      0x27f .\CortexM3\ARM_GCC_541\Debug\Test_01.a(Flicker_Servo.o)
 .debug_info    0x0000a328      0x3a0 .\CortexM3\ARM_GCC_541\Debug\Test_01.a(RobotArm_Servo.o)
 .debug_info    0x0000a6c8      0x11f .\CortexM3\ARM_GCC_541\Debug\Test_01.a(Base_Selector.o)
 .debug_info    0x0000a7e7      0x2ad .\CortexM3\ARM_GCC_541\Debug\Test_01.a(I2C.o)
 .debug_info    0x0000aa94      0x184 .\CortexM3\ARM_GCC_541\Debug\Test_01.a(I2C_INT.o)
 .debug_info    0x0000ac18      0x207 .\CortexM3\ARM_GCC_541\Debug\Test_01.a(I2C_PM.o)
 .debug_info    0x0000ae1f      0x407 .\CortexM3\ARM_GCC_541\Debug\Test_01.a(I2C_MASTER.o)
 .debug_info    0x0000b226       0xa0 .\CortexM3\ARM_GCC_541\Debug\Test_01.a(CyBootAsmGnu.o)
 .debug_info    0x0000b2c6      0x64d .\CortexM3\ARM_GCC_541\Debug\Test_01.a(CyFlash.o)
 .debug_info    0x0000b913      0x550 .\CortexM3\ARM_GCC_541\Debug\Test_01.a(CySpc.o)

.debug_abbrev   0x00000000     0x396c
 *(.debug_abbrev)
 .debug_abbrev  0x00000000      0x220 .\CortexM3\ARM_GCC_541\Debug\main.o
 .debug_abbrev  0x00000220      0x20d .\CortexM3\ARM_GCC_541\Debug\cyfitter_cfg.o
 .debug_abbrev  0x0000042d       0x77 .\CortexM3\ARM_GCC_541\Debug\cymetadata.o
 .debug_abbrev  0x000004a4      0x1e8 .\CortexM3\ARM_GCC_541\Debug\Cm3Start.o
 .debug_abbrev  0x0000068c      0x128 .\CortexM3\ARM_GCC_541\Debug\Test_01.a(QuadDec_L.o)
 .debug_abbrev  0x000007b4       0x78 .\CortexM3\ARM_GCC_541\Debug\Test_01.a(QuadDec_L_INT.o)
 .debug_abbrev  0x0000082c      0x128 .\CortexM3\ARM_GCC_541\Debug\Test_01.a(QuadDec_R.o)
 .debug_abbrev  0x00000954       0x78 .\CortexM3\ARM_GCC_541\Debug\Test_01.a(QuadDec_R_INT.o)
 .debug_abbrev  0x000009cc       0x90 .\CortexM3\ARM_GCC_541\Debug\Test_01.a(Forward_L.o)
 .debug_abbrev  0x00000a5c       0x90 .\CortexM3\ARM_GCC_541\Debug\Test_01.a(Backward_L.o)
 .debug_abbrev  0x00000aec       0x90 .\CortexM3\ARM_GCC_541\Debug\Test_01.a(Forwad_R.o)
 .debug_abbrev  0x00000b7c       0x90 .\CortexM3\ARM_GCC_541\Debug\Test_01.a(Backward_R.o)
 .debug_abbrev  0x00000c0c       0x90 .\CortexM3\ARM_GCC_541\Debug\Test_01.a(limitSW_2.o)
 .debug_abbrev  0x00000c9c       0x90 .\CortexM3\ARM_GCC_541\Debug\Test_01.a(limitSW_1.o)
 .debug_abbrev  0x00000d2c       0x90 .\CortexM3\ARM_GCC_541\Debug\Test_01.a(S1_Echo.o)
 .debug_abbrev  0x00000dbc       0x90 .\CortexM3\ARM_GCC_541\Debug\Test_01.a(S1_Trigger.o)
 .debug_abbrev  0x00000e4c      0x173 .\CortexM3\ARM_GCC_541\Debug\Test_01.a(isr_1.o)
 .debug_abbrev  0x00000fbf      0x173 .\CortexM3\ARM_GCC_541\Debug\Test_01.a(isr_2.o)
 .debug_abbrev  0x00001132      0x12b .\CortexM3\ARM_GCC_541\Debug\Test_01.a(Color_Timer.o)
 .debug_abbrev  0x0000125d       0x81 .\CortexM3\ARM_GCC_541\Debug\Test_01.a(Control_Reg_Color.o)
 .debug_abbrev  0x000012de       0x90 .\CortexM3\ARM_GCC_541\Debug\Test_01.a(Color_S0.o)
 .debug_abbrev  0x0000136e       0x90 .\CortexM3\ARM_GCC_541\Debug\Test_01.a(Color_S1.o)
 .debug_abbrev  0x000013fe       0x90 .\CortexM3\ARM_GCC_541\Debug\Test_01.a(Color_S2.o)
 .debug_abbrev  0x0000148e       0x90 .\CortexM3\ARM_GCC_541\Debug\Test_01.a(Color_S3.o)
 .debug_abbrev  0x0000151e       0x90 .\CortexM3\ARM_GCC_541\Debug\Test_01.a(Color_LED.o)
 .debug_abbrev  0x000015ae       0x90 .\CortexM3\ARM_GCC_541\Debug\Test_01.a(RED_LED.o)
 .debug_abbrev  0x0000163e       0x90 .\CortexM3\ARM_GCC_541\Debug\Test_01.a(BLUE_LED.o)
 .debug_abbrev  0x000016ce      0x117 .\CortexM3\ARM_GCC_541\Debug\Test_01.a(QuadDec_L_Cnt16.o)
 .debug_abbrev  0x000017e5      0x117 .\CortexM3\ARM_GCC_541\Debug\Test_01.a(QuadDec_R_Cnt16.o)
 .debug_abbrev  0x000018fc      0x254 .\CortexM3\ARM_GCC_541\Debug\Test_01.a(CyLib.o)
 .debug_abbrev  0x00001b50      0x1ab .\CortexM3\ARM_GCC_541\Debug\Test_01.a(cyPm.o)
 .debug_abbrev  0x00001cfb      0x175 .\CortexM3\ARM_GCC_541\Debug\Test_01.a(UART.o)
 .debug_abbrev  0x00001e70      0x117 .\CortexM3\ARM_GCC_541\Debug\Test_01.a(Color_Counter.o)
 .debug_abbrev  0x00001f87      0x139 .\CortexM3\ARM_GCC_541\Debug\Test_01.a(UART_IntClock.o)
 .debug_abbrev  0x000020c0      0x13a .\CortexM3\ARM_GCC_541\Debug\Test_01.a(S1_Timer.o)
 .debug_abbrev  0x000021fa      0x173 .\CortexM3\ARM_GCC_541\Debug\Test_01.a(isr_3.o)
 .debug_abbrev  0x0000236d      0x13a .\CortexM3\ARM_GCC_541\Debug\Test_01.a(S2_Timer.o)
 .debug_abbrev  0x000024a7       0x90 .\CortexM3\ARM_GCC_541\Debug\Test_01.a(S2_Echo.o)
 .debug_abbrev  0x00002537       0x90 .\CortexM3\ARM_GCC_541\Debug\Test_01.a(S2_Trigger.o)
 .debug_abbrev  0x000025c7      0x173 .\CortexM3\ARM_GCC_541\Debug\Test_01.a(isr_4.o)
 .debug_abbrev  0x0000273a      0x13a .\CortexM3\ARM_GCC_541\Debug\Test_01.a(S3_Timer.o)
 .debug_abbrev  0x00002874       0x90 .\CortexM3\ARM_GCC_541\Debug\Test_01.a(S3_Trigger.o)
 .debug_abbrev  0x00002904       0x90 .\CortexM3\ARM_GCC_541\Debug\Test_01.a(S3_Echo.o)
 .debug_abbrev  0x00002994       0x9f .\CortexM3\ARM_GCC_541\Debug\Test_01.a(IR_Out.o)
 .debug_abbrev  0x00002a33      0x173 .\CortexM3\ARM_GCC_541\Debug\Test_01.a(isr_6.o)
 .debug_abbrev  0x00002ba6      0x13a .\CortexM3\ARM_GCC_541\Debug\Test_01.a(S4_Timer.o)
 .debug_abbrev  0x00002ce0       0x90 .\CortexM3\ARM_GCC_541\Debug\Test_01.a(S4_Echo.o)
 .debug_abbrev  0x00002d70       0x90 .\CortexM3\ARM_GCC_541\Debug\Test_01.a(S4_Trigger.o)
 .debug_abbrev  0x00002e00      0x133 .\CortexM3\ARM_GCC_541\Debug\Test_01.a(PWM_Motor.o)
 .debug_abbrev  0x00002f33      0x12d .\CortexM3\ARM_GCC_541\Debug\Test_01.a(Flicker_Servo.o)
 .debug_abbrev  0x00003060      0x133 .\CortexM3\ARM_GCC_541\Debug\Test_01.a(RobotArm_Servo.o)
 .debug_abbrev  0x00003193       0x90 .\CortexM3\ARM_GCC_541\Debug\Test_01.a(Base_Selector.o)
 .debug_abbrev  0x00003223      0x10a .\CortexM3\ARM_GCC_541\Debug\Test_01.a(I2C.o)
 .debug_abbrev  0x0000332d       0xb6 .\CortexM3\ARM_GCC_541\Debug\Test_01.a(I2C_INT.o)
 .debug_abbrev  0x000033e3       0xfe .\CortexM3\ARM_GCC_541\Debug\Test_01.a(I2C_PM.o)
 .debug_abbrev  0x000034e1      0x13c .\CortexM3\ARM_GCC_541\Debug\Test_01.a(I2C_MASTER.o)
 .debug_abbrev  0x0000361d       0x14 .\CortexM3\ARM_GCC_541\Debug\Test_01.a(CyBootAsmGnu.o)
 .debug_abbrev  0x00003631      0x1a7 .\CortexM3\ARM_GCC_541\Debug\Test_01.a(CyFlash.o)
 .debug_abbrev  0x000037d8      0x194 .\CortexM3\ARM_GCC_541\Debug\Test_01.a(CySpc.o)

.debug_line     0x00000000     0x4fcf
 *(.debug_line)
 .debug_line    0x00000000      0x8e5 .\CortexM3\ARM_GCC_541\Debug\main.o
 .debug_line    0x000008e5      0x20a .\CortexM3\ARM_GCC_541\Debug\cyfitter_cfg.o
 .debug_line    0x00000aef      0x141 .\CortexM3\ARM_GCC_541\Debug\cymetadata.o
 .debug_line    0x00000c30      0x234 .\CortexM3\ARM_GCC_541\Debug\Cm3Start.o
 .debug_line    0x00000e64      0x13d .\CortexM3\ARM_GCC_541\Debug\Test_01.a(QuadDec_L.o)
 .debug_line    0x00000fa1       0x6c .\CortexM3\ARM_GCC_541\Debug\Test_01.a(QuadDec_L_INT.o)
 .debug_line    0x0000100d      0x13d .\CortexM3\ARM_GCC_541\Debug\Test_01.a(QuadDec_R.o)
 .debug_line    0x0000114a       0x6c .\CortexM3\ARM_GCC_541\Debug\Test_01.a(QuadDec_R_INT.o)
 .debug_line    0x000011b6       0x96 .\CortexM3\ARM_GCC_541\Debug\Test_01.a(Forward_L.o)
 .debug_line    0x0000124c       0x97 .\CortexM3\ARM_GCC_541\Debug\Test_01.a(Backward_L.o)
 .debug_line    0x000012e3       0x95 .\CortexM3\ARM_GCC_541\Debug\Test_01.a(Forwad_R.o)
 .debug_line    0x00001378       0x97 .\CortexM3\ARM_GCC_541\Debug\Test_01.a(Backward_R.o)
 .debug_line    0x0000140f       0x96 .\CortexM3\ARM_GCC_541\Debug\Test_01.a(limitSW_2.o)
 .debug_line    0x000014a5       0x96 .\CortexM3\ARM_GCC_541\Debug\Test_01.a(limitSW_1.o)
 .debug_line    0x0000153b       0x94 .\CortexM3\ARM_GCC_541\Debug\Test_01.a(S1_Echo.o)
 .debug_line    0x000015cf       0x97 .\CortexM3\ARM_GCC_541\Debug\Test_01.a(S1_Trigger.o)
 .debug_line    0x00001666      0x132 .\CortexM3\ARM_GCC_541\Debug\Test_01.a(isr_1.o)
 .debug_line    0x00001798      0x132 .\CortexM3\ARM_GCC_541\Debug\Test_01.a(isr_2.o)
 .debug_line    0x000018ca      0x176 .\CortexM3\ARM_GCC_541\Debug\Test_01.a(Color_Timer.o)
 .debug_line    0x00001a40       0x79 .\CortexM3\ARM_GCC_541\Debug\Test_01.a(Control_Reg_Color.o)
 .debug_line    0x00001ab9       0x95 .\CortexM3\ARM_GCC_541\Debug\Test_01.a(Color_S0.o)
 .debug_line    0x00001b4e       0x95 .\CortexM3\ARM_GCC_541\Debug\Test_01.a(Color_S1.o)
 .debug_line    0x00001be3       0x95 .\CortexM3\ARM_GCC_541\Debug\Test_01.a(Color_S2.o)
 .debug_line    0x00001c78       0x95 .\CortexM3\ARM_GCC_541\Debug\Test_01.a(Color_S3.o)
 .debug_line    0x00001d0d       0x96 .\CortexM3\ARM_GCC_541\Debug\Test_01.a(Color_LED.o)
 .debug_line    0x00001da3       0x94 .\CortexM3\ARM_GCC_541\Debug\Test_01.a(RED_LED.o)
 .debug_line    0x00001e37       0x95 .\CortexM3\ARM_GCC_541\Debug\Test_01.a(BLUE_LED.o)
 .debug_line    0x00001ecc      0x18f .\CortexM3\ARM_GCC_541\Debug\Test_01.a(QuadDec_L_Cnt16.o)
 .debug_line    0x0000205b      0x18f .\CortexM3\ARM_GCC_541\Debug\Test_01.a(QuadDec_R_Cnt16.o)
 .debug_line    0x000021ea      0x816 .\CortexM3\ARM_GCC_541\Debug\Test_01.a(CyLib.o)
 .debug_line    0x00002a00      0x367 .\CortexM3\ARM_GCC_541\Debug\Test_01.a(cyPm.o)
 .debug_line    0x00002d67      0x2bc .\CortexM3\ARM_GCC_541\Debug\Test_01.a(UART.o)
 .debug_line    0x00003023      0x18f .\CortexM3\ARM_GCC_541\Debug\Test_01.a(Color_Counter.o)
 .debug_line    0x000031b2      0x17c .\CortexM3\ARM_GCC_541\Debug\Test_01.a(UART_IntClock.o)
 .debug_line    0x0000332e      0x185 .\CortexM3\ARM_GCC_541\Debug\Test_01.a(S1_Timer.o)
 .debug_line    0x000034b3      0x132 .\CortexM3\ARM_GCC_541\Debug\Test_01.a(isr_3.o)
 .debug_line    0x000035e5      0x185 .\CortexM3\ARM_GCC_541\Debug\Test_01.a(S2_Timer.o)
 .debug_line    0x0000376a       0x94 .\CortexM3\ARM_GCC_541\Debug\Test_01.a(S2_Echo.o)
 .debug_line    0x000037fe       0x97 .\CortexM3\ARM_GCC_541\Debug\Test_01.a(S2_Trigger.o)
 .debug_line    0x00003895      0x132 .\CortexM3\ARM_GCC_541\Debug\Test_01.a(isr_4.o)
 .debug_line    0x000039c7      0x185 .\CortexM3\ARM_GCC_541\Debug\Test_01.a(S3_Timer.o)
 .debug_line    0x00003b4c       0x97 .\CortexM3\ARM_GCC_541\Debug\Test_01.a(S3_Trigger.o)
 .debug_line    0x00003be3       0x94 .\CortexM3\ARM_GCC_541\Debug\Test_01.a(S3_Echo.o)
 .debug_line    0x00003c77       0xb7 .\CortexM3\ARM_GCC_541\Debug\Test_01.a(IR_Out.o)
 .debug_line    0x00003d2e      0x132 .\CortexM3\ARM_GCC_541\Debug\Test_01.a(isr_6.o)
 .debug_line    0x00003e60      0x185 .\CortexM3\ARM_GCC_541\Debug\Test_01.a(S4_Timer.o)
 .debug_line    0x00003fe5       0x94 .\CortexM3\ARM_GCC_541\Debug\Test_01.a(S4_Echo.o)
 .debug_line    0x00004079       0x97 .\CortexM3\ARM_GCC_541\Debug\Test_01.a(S4_Trigger.o)
 .debug_line    0x00004110      0x1b0 .\CortexM3\ARM_GCC_541\Debug\Test_01.a(PWM_Motor.o)
 .debug_line    0x000042c0      0x13b .\CortexM3\ARM_GCC_541\Debug\Test_01.a(Flicker_Servo.o)
 .debug_line    0x000043fb      0x1b5 .\CortexM3\ARM_GCC_541\Debug\Test_01.a(RobotArm_Servo.o)
 .debug_line    0x000045b0       0x9a .\CortexM3\ARM_GCC_541\Debug\Test_01.a(Base_Selector.o)
 .debug_line    0x0000464a       0xd9 .\CortexM3\ARM_GCC_541\Debug\Test_01.a(I2C.o)
 .debug_line    0x00004723      0x114 .\CortexM3\ARM_GCC_541\Debug\Test_01.a(I2C_INT.o)
 .debug_line    0x00004837       0xbb .\CortexM3\ARM_GCC_541\Debug\Test_01.a(I2C_PM.o)
 .debug_line    0x000048f2      0x1fd .\CortexM3\ARM_GCC_541\Debug\Test_01.a(I2C_MASTER.o)
 .debug_line    0x00004aef       0x66 .\CortexM3\ARM_GCC_541\Debug\Test_01.a(CyBootAsmGnu.o)
 .debug_line    0x00004b55      0x21a .\CortexM3\ARM_GCC_541\Debug\Test_01.a(CyFlash.o)
 .debug_line    0x00004d6f      0x260 .\CortexM3\ARM_GCC_541\Debug\Test_01.a(CySpc.o)

.debug_frame    0x00000000     0x36f4
 *(.debug_frame)
 .debug_frame   0x00000000      0x304 .\CortexM3\ARM_GCC_541\Debug\main.o
 .debug_frame   0x00000304       0xe4 .\CortexM3\ARM_GCC_541\Debug\cyfitter_cfg.o
 .debug_frame   0x000003e8       0xb8 .\CortexM3\ARM_GCC_541\Debug\Cm3Start.o
 .debug_frame   0x000004a0       0xec .\CortexM3\ARM_GCC_541\Debug\Test_01.a(QuadDec_L.o)
 .debug_frame   0x0000058c       0x20 .\CortexM3\ARM_GCC_541\Debug\Test_01.a(QuadDec_L_INT.o)
 .debug_frame   0x000005ac       0xec .\CortexM3\ARM_GCC_541\Debug\Test_01.a(QuadDec_R.o)
 .debug_frame   0x00000698       0x20 .\CortexM3\ARM_GCC_541\Debug\Test_01.a(QuadDec_R_INT.o)
 .debug_frame   0x000006b8       0x50 .\CortexM3\ARM_GCC_541\Debug\Test_01.a(Forward_L.o)
 .debug_frame   0x00000708       0x50 .\CortexM3\ARM_GCC_541\Debug\Test_01.a(Backward_L.o)
 .debug_frame   0x00000758       0x50 .\CortexM3\ARM_GCC_541\Debug\Test_01.a(Forwad_R.o)
 .debug_frame   0x000007a8       0x50 .\CortexM3\ARM_GCC_541\Debug\Test_01.a(Backward_R.o)
 .debug_frame   0x000007f8       0x50 .\CortexM3\ARM_GCC_541\Debug\Test_01.a(limitSW_2.o)
 .debug_frame   0x00000848       0x50 .\CortexM3\ARM_GCC_541\Debug\Test_01.a(limitSW_1.o)
 .debug_frame   0x00000898       0x50 .\CortexM3\ARM_GCC_541\Debug\Test_01.a(S1_Echo.o)
 .debug_frame   0x000008e8       0x50 .\CortexM3\ARM_GCC_541\Debug\Test_01.a(S1_Trigger.o)
 .debug_frame   0x00000938      0x104 .\CortexM3\ARM_GCC_541\Debug\Test_01.a(isr_1.o)
 .debug_frame   0x00000a3c      0x104 .\CortexM3\ARM_GCC_541\Debug\Test_01.a(isr_2.o)
 .debug_frame   0x00000b40      0x124 .\CortexM3\ARM_GCC_541\Debug\Test_01.a(Color_Timer.o)
 .debug_frame   0x00000c64       0x30 .\CortexM3\ARM_GCC_541\Debug\Test_01.a(Control_Reg_Color.o)
 .debug_frame   0x00000c94       0x50 .\CortexM3\ARM_GCC_541\Debug\Test_01.a(Color_S0.o)
 .debug_frame   0x00000ce4       0x50 .\CortexM3\ARM_GCC_541\Debug\Test_01.a(Color_S1.o)
 .debug_frame   0x00000d34       0x50 .\CortexM3\ARM_GCC_541\Debug\Test_01.a(Color_S2.o)
 .debug_frame   0x00000d84       0x50 .\CortexM3\ARM_GCC_541\Debug\Test_01.a(Color_S3.o)
 .debug_frame   0x00000dd4       0x50 .\CortexM3\ARM_GCC_541\Debug\Test_01.a(Color_LED.o)
 .debug_frame   0x00000e24       0x50 .\CortexM3\ARM_GCC_541\Debug\Test_01.a(RED_LED.o)
 .debug_frame   0x00000e74       0x50 .\CortexM3\ARM_GCC_541\Debug\Test_01.a(BLUE_LED.o)
 .debug_frame   0x00000ec4      0x134 .\CortexM3\ARM_GCC_541\Debug\Test_01.a(QuadDec_L_Cnt16.o)
 .debug_frame   0x00000ff8      0x134 .\CortexM3\ARM_GCC_541\Debug\Test_01.a(QuadDec_R_Cnt16.o)
 .debug_frame   0x0000112c      0x738 .\CortexM3\ARM_GCC_541\Debug\Test_01.a(CyLib.o)
 .debug_frame   0x00001864      0x1f8 .\CortexM3\ARM_GCC_541\Debug\Test_01.a(cyPm.o)
 .debug_frame   0x00001a5c      0x250 .\CortexM3\ARM_GCC_541\Debug\Test_01.a(UART.o)
 .debug_frame   0x00001cac      0x134 .\CortexM3\ARM_GCC_541\Debug\Test_01.a(Color_Counter.o)
 .debug_frame   0x00001de0       0xe0 .\CortexM3\ARM_GCC_541\Debug\Test_01.a(UART_IntClock.o)
 .debug_frame   0x00001ec0      0x134 .\CortexM3\ARM_GCC_541\Debug\Test_01.a(S1_Timer.o)
 .debug_frame   0x00001ff4      0x104 .\CortexM3\ARM_GCC_541\Debug\Test_01.a(isr_3.o)
 .debug_frame   0x000020f8      0x134 .\CortexM3\ARM_GCC_541\Debug\Test_01.a(S2_Timer.o)
 .debug_frame   0x0000222c       0x50 .\CortexM3\ARM_GCC_541\Debug\Test_01.a(S2_Echo.o)
 .debug_frame   0x0000227c       0x50 .\CortexM3\ARM_GCC_541\Debug\Test_01.a(S2_Trigger.o)
 .debug_frame   0x000022cc      0x104 .\CortexM3\ARM_GCC_541\Debug\Test_01.a(isr_4.o)
 .debug_frame   0x000023d0      0x134 .\CortexM3\ARM_GCC_541\Debug\Test_01.a(S3_Timer.o)
 .debug_frame   0x00002504       0x50 .\CortexM3\ARM_GCC_541\Debug\Test_01.a(S3_Trigger.o)
 .debug_frame   0x00002554       0x50 .\CortexM3\ARM_GCC_541\Debug\Test_01.a(S3_Echo.o)
 .debug_frame   0x000025a4       0x70 .\CortexM3\ARM_GCC_541\Debug\Test_01.a(IR_Out.o)
 .debug_frame   0x00002614      0x104 .\CortexM3\ARM_GCC_541\Debug\Test_01.a(isr_6.o)
 .debug_frame   0x00002718      0x134 .\CortexM3\ARM_GCC_541\Debug\Test_01.a(S4_Timer.o)
 .debug_frame   0x0000284c       0x50 .\CortexM3\ARM_GCC_541\Debug\Test_01.a(S4_Echo.o)
 .debug_frame   0x0000289c       0x50 .\CortexM3\ARM_GCC_541\Debug\Test_01.a(S4_Trigger.o)
 .debug_frame   0x000028ec      0x154 .\CortexM3\ARM_GCC_541\Debug\Test_01.a(PWM_Motor.o)
 .debug_frame   0x00002a40       0xe8 .\CortexM3\ARM_GCC_541\Debug\Test_01.a(Flicker_Servo.o)
 .debug_frame   0x00002b28      0x154 .\CortexM3\ARM_GCC_541\Debug\Test_01.a(RobotArm_Servo.o)
 .debug_frame   0x00002c7c       0x50 .\CortexM3\ARM_GCC_541\Debug\Test_01.a(Base_Selector.o)
 .debug_frame   0x00002ccc       0x94 .\CortexM3\ARM_GCC_541\Debug\Test_01.a(I2C.o)
 .debug_frame   0x00002d60       0x30 .\CortexM3\ARM_GCC_541\Debug\Test_01.a(I2C_INT.o)
 .debug_frame   0x00002d90       0x74 .\CortexM3\ARM_GCC_541\Debug\Test_01.a(I2C_PM.o)
 .debug_frame   0x00002e04      0x138 .\CortexM3\ARM_GCC_541\Debug\Test_01.a(I2C_MASTER.o)
 .debug_frame   0x00002f3c      0x194 .\CortexM3\ARM_GCC_541\Debug\Test_01.a(CyFlash.o)
 .debug_frame   0x000030d0      0x180 .\CortexM3\ARM_GCC_541\Debug\Test_01.a(CySpc.o)
 .debug_frame   0x00003250       0x20 c:/program files (x86)/cypress/psoc creator/4.2/psoc creator/import/gnu/arm/5.4.1/bin/../lib/gcc/arm-none-eabi/5.4.1/../../../../arm-none-eabi/lib/armv7-m\libm.a(lib_a-w_atan2.o)
 .debug_frame   0x00003270       0x48 c:/program files (x86)/cypress/psoc creator/4.2/psoc creator/import/gnu/arm/5.4.1/bin/../lib/gcc/arm-none-eabi/5.4.1/../../../../arm-none-eabi/lib/armv7-m\libm.a(lib_a-e_atan2.o)
 .debug_frame   0x000032b8       0x38 c:/program files (x86)/cypress/psoc creator/4.2/psoc creator/import/gnu/arm/5.4.1/bin/../lib/gcc/arm-none-eabi/5.4.1/../../../../arm-none-eabi/lib/armv7-m\libm.a(lib_a-s_atan.o)
 .debug_frame   0x000032f0       0x20 c:/program files (x86)/cypress/psoc creator/4.2/psoc creator/import/gnu/arm/5.4.1/bin/../lib/gcc/arm-none-eabi/5.4.1/../../../../arm-none-eabi/lib/armv7-m\libm.a(lib_a-s_fabs.o)
 .debug_frame   0x00003310       0x20 c:/program files (x86)/cypress/psoc creator/4.2/psoc creator/import/gnu/arm/5.4.1/bin/../lib/gcc/arm-none-eabi/5.4.1/../../../../arm-none-eabi/lib/armv7-m\libg_nano.a(lib_a-errno.o)
 .debug_frame   0x00003330       0x28 c:/program files (x86)/cypress/psoc creator/4.2/psoc creator/import/gnu/arm/5.4.1/bin/../lib/gcc/arm-none-eabi/5.4.1/../../../../arm-none-eabi/lib/armv7-m\libg_nano.a(lib_a-exit.o)
 .debug_frame   0x00003358       0x2c c:/program files (x86)/cypress/psoc creator/4.2/psoc creator/import/gnu/arm/5.4.1/bin/../lib/gcc/arm-none-eabi/5.4.1/../../../../arm-none-eabi/lib/armv7-m\libg_nano.a(lib_a-init.o)
 .debug_frame   0x00003384       0x28 c:/program files (x86)/cypress/psoc creator/4.2/psoc creator/import/gnu/arm/5.4.1/bin/../lib/gcc/arm-none-eabi/5.4.1/../../../../arm-none-eabi/lib/armv7-m\libg_nano.a(lib_a-memcpy-stub.o)
 .debug_frame   0x000033ac       0x20 c:/program files (x86)/cypress/psoc creator/4.2/psoc creator/import/gnu/arm/5.4.1/bin/../lib/gcc/arm-none-eabi/5.4.1/../../../../arm-none-eabi/lib/armv7-m\libg_nano.a(lib_a-memset.o)
 .debug_frame   0x000033cc       0x70 c:/program files (x86)/cypress/psoc creator/4.2/psoc creator/import/gnu/arm/5.4.1/bin/../lib/gcc/arm-none-eabi/5.4.1/../../../../arm-none-eabi/lib/armv7-m\libg_nano.a(lib_a-sprintf.o)