Archive member included to satisfy reference by file (symbol)

.\CortexM3\ARM_GCC_541\Debug\Test_02.a(QuadDec_L.o)
                              .\CortexM3\ARM_GCC_541\Debug\main.o (QuadDec_L_GetCounter)
.\CortexM3\ARM_GCC_541\Debug\Test_02.a(QuadDec_R.o)
                              .\CortexM3\ARM_GCC_541\Debug\main.o (QuadDec_R_GetCounter)
.\CortexM3\ARM_GCC_541\Debug\Test_02.a(PWM_L.o)
                              .\CortexM3\ARM_GCC_541\Debug\main.o (PWM_L_WriteCompare1)
.\CortexM3\ARM_GCC_541\Debug\Test_02.a(PWM_R.o)
                              .\CortexM3\ARM_GCC_541\Debug\main.o (PWM_R_WriteCompare1)
.\CortexM3\ARM_GCC_541\Debug\Test_02.a(limitSW_2.o)
                              .\CortexM3\ARM_GCC_541\Debug\main.o (limitSW_2_Read)
.\CortexM3\ARM_GCC_541\Debug\Test_02.a(limitSW_1.o)
                              .\CortexM3\ARM_GCC_541\Debug\main.o (limitSW_1_Read)
.\CortexM3\ARM_GCC_541\Debug\Test_02.a(S1_Echo.o)
                              .\CortexM3\ARM_GCC_541\Debug\main.o (S1_Echo_Read)
.\CortexM3\ARM_GCC_541\Debug\Test_02.a(S1_Trigger.o)
                              .\CortexM3\ARM_GCC_541\Debug\main.o (S1_Trigger_Write)
.\CortexM3\ARM_GCC_541\Debug\Test_02.a(isr_1.o)
                              .\CortexM3\ARM_GCC_541\Debug\main.o (isr_1_StartEx)
.\CortexM3\ARM_GCC_541\Debug\Test_02.a(Inbuilt_LED.o)
                              .\CortexM3\ARM_GCC_541\Debug\main.o (Inbuilt_LED_Write)
.\CortexM3\ARM_GCC_541\Debug\Test_02.a(Servo_PWM.o)
                              .\CortexM3\ARM_GCC_541\Debug\main.o (Servo_PWM_WriteCompare)
.\CortexM3\ARM_GCC_541\Debug\Test_02.a(isr_2.o)
                              .\CortexM3\ARM_GCC_541\Debug\main.o (isr_2_StartEx)
.\CortexM3\ARM_GCC_541\Debug\Test_02.a(Color_Timer.o)
                              .\CortexM3\ARM_GCC_541\Debug\main.o (Color_Timer_Stop)
.\CortexM3\ARM_GCC_541\Debug\Test_02.a(Control_Reg_Color.o)
                              .\CortexM3\ARM_GCC_541\Debug\main.o (Control_Reg_Color_Write)
.\CortexM3\ARM_GCC_541\Debug\Test_02.a(Color_S0.o)
                              .\CortexM3\ARM_GCC_541\Debug\main.o (Color_S0_Write)
.\CortexM3\ARM_GCC_541\Debug\Test_02.a(Color_S1.o)
                              .\CortexM3\ARM_GCC_541\Debug\main.o (Color_S1_Write)
.\CortexM3\ARM_GCC_541\Debug\Test_02.a(Color_S2.o)
                              .\CortexM3\ARM_GCC_541\Debug\main.o (Color_S2_Write)
.\CortexM3\ARM_GCC_541\Debug\Test_02.a(Color_S3.o)
                              .\CortexM3\ARM_GCC_541\Debug\main.o (Color_S3_Write)
.\CortexM3\ARM_GCC_541\Debug\Test_02.a(Color_LED.o)
                              .\CortexM3\ARM_GCC_541\Debug\main.o (Color_LED_Write)
.\CortexM3\ARM_GCC_541\Debug\Test_02.a(RED_LED.o)
                              .\CortexM3\ARM_GCC_541\Debug\main.o (RED_LED_Write)
.\CortexM3\ARM_GCC_541\Debug\Test_02.a(GREEN_LED.o)
                              .\CortexM3\ARM_GCC_541\Debug\main.o (GREEN_LED_Write)
.\CortexM3\ARM_GCC_541\Debug\Test_02.a(BLUE_LED.o)
                              .\CortexM3\ARM_GCC_541\Debug\main.o (BLUE_LED_Write)
.\CortexM3\ARM_GCC_541\Debug\Test_02.a(QuadDec_L_Cnt16.o)
                              .\CortexM3\ARM_GCC_541\Debug\Test_02.a(QuadDec_L.o) (QuadDec_L_Cnt16_Stop)
.\CortexM3\ARM_GCC_541\Debug\Test_02.a(QuadDec_R_Cnt16.o)
                              .\CortexM3\ARM_GCC_541\Debug\Test_02.a(QuadDec_R.o) (QuadDec_R_Cnt16_Stop)
.\CortexM3\ARM_GCC_541\Debug\Test_02.a(CyLib.o)
                              .\CortexM3\ARM_GCC_541\Debug\Cm3Start.o (CyHalt)
.\CortexM3\ARM_GCC_541\Debug\Test_02.a(cyPm.o)
                              .\CortexM3\ARM_GCC_541\Debug\Test_02.a(CyLib.o) (CyPmReadStatus)
.\CortexM3\ARM_GCC_541\Debug\Test_02.a(cyutils.o)
                              .\CortexM3\ARM_GCC_541\Debug\Test_02.a(Color_Timer.o) (CySetReg24)
.\CortexM3\ARM_GCC_541\Debug\Test_02.a(UART.o)
                              .\CortexM3\ARM_GCC_541\Debug\main.o (UART_Start)
.\CortexM3\ARM_GCC_541\Debug\Test_02.a(Color_Counter.o)
                              .\CortexM3\ARM_GCC_541\Debug\main.o (Color_Counter_Stop)
.\CortexM3\ARM_GCC_541\Debug\Test_02.a(UART_IntClock.o)
                              .\CortexM3\ARM_GCC_541\Debug\Test_02.a(UART.o) (UART_IntClock_Start)
.\CortexM3\ARM_GCC_541\Debug\Test_02.a(S1_Timer.o)
                              .\CortexM3\ARM_GCC_541\Debug\main.o (S1_Timer_ReadControlRegister)
.\CortexM3\ARM_GCC_541\Debug\Test_02.a(isr_3.o)
                              .\CortexM3\ARM_GCC_541\Debug\main.o (isr_3_StartEx)
.\CortexM3\ARM_GCC_541\Debug\Test_02.a(S2_Timer.o)
                              .\CortexM3\ARM_GCC_541\Debug\main.o (S2_Timer_ReadControlRegister)
.\CortexM3\ARM_GCC_541\Debug\Test_02.a(S2_Echo.o)
                              .\CortexM3\ARM_GCC_541\Debug\main.o (S2_Echo_Read)
.\CortexM3\ARM_GCC_541\Debug\Test_02.a(S2_Trigger.o)
                              .\CortexM3\ARM_GCC_541\Debug\main.o (S2_Trigger_Write)
[...]
Memory Configuration

Name             Origin             Length             Attributes
rom              0x00000000         0x00040000         xr
ram              0x1fff8000         0x00010000         xrw
*default*        0x00000000         0xffffffff

Linker script and memory map

LOAD c:/program files (x86)/cypress/psoc creator/4.2/psoc creator/import/gnu/arm/5.4.1/bin/../lib/gcc/arm-none-eabi/5.4.1/armv7-m/crti.o
LOAD c:/program files (x86)/cypress/psoc creator/4.2/psoc creator/import/gnu/arm/5.4.1/bin/../lib/gcc/arm-none-eabi/5.4.1/armv7-m/crtbegin.o
LOAD c:/program files (x86)/cypress/psoc creator/4.2/psoc creator/import/gnu/arm/5.4.1/bin/../lib/gcc/arm-none-eabi/5.4.1/../../../../arm-none-eabi/lib/armv7-m/crt0.o
START GROUP
LOAD .\CortexM3\ARM_GCC_541\Debug\main.o
LOAD .\CortexM3\ARM_GCC_541\Debug\cyfitter_cfg.o
LOAD .\CortexM3\ARM_GCC_541\Debug\cymetadata.o
LOAD .\CortexM3\ARM_GCC_541\Debug\Cm3Start.o
LOAD .\CortexM3\ARM_GCC_541\Debug\Test_02.a
LOAD C:\Program Files (x86)\Cypress\PSoC Creator\4.2\PSoC Creator\psoc\content\cycomponentlibrary\CyComponentLibrary.cylib\CortexM3\ARM_GCC_541\Debug\CyComponentLibrary.a
END GROUP
START GROUP
LOAD c:/program files (x86)/cypress/psoc creator/4.2/psoc creator/import/gnu/arm/5.4.1/bin/../lib/gcc/arm-none-eabi/5.4.1/armv7-m\libgcc.a
LOAD c:/program files (x86)/cypress/psoc creator/4.2/psoc creator/import/gnu/arm/5.4.1/bin/../lib/gcc/arm-none-eabi/5.4.1/../../../../arm-none-eabi/lib/armv7-m\libg_nano.a
LOAD c:/program files (x86)/cypress/psoc creator/4.2/psoc creator/import/gnu/arm/5.4.1/bin/../lib/gcc/arm-none-eabi/5.4.1/../../../../arm-none-eabi/lib/armv7-m\libc_nano.a
END GROUP
START GROUP
LOAD c:/program files (x86)/cypress/psoc creator/4.2/psoc creator/import/gnu/arm/5.4.1/bin/../lib/gcc/arm-none-eabi/5.4.1/armv7-m\libgcc.a
LOAD c:/program files (x86)/cypress/psoc creator/4.2/psoc creator/import/gnu/arm/5.4.1/bin/../lib/gcc/arm-none-eabi/5.4.1/../../../../arm-none-eabi/lib/armv7-m\libc_nano.a
END GROUP
LOAD c:/program files (x86)/cypress/psoc creator/4.2/psoc creator/import/gnu/arm/5.4.1/bin/../lib/gcc/arm-none-eabi/5.4.1/armv7-m/crtend.o
LOAD c:/program files (x86)/cypress/psoc creator/4.2/psoc creator/import/gnu/arm/5.4.1/bin/../lib/gcc/arm-none-eabi/5.4.1/armv7-m/crtn.o
START GROUP
LOAD c:/program files (x86)/cypress/psoc creator/4.2/psoc creator/import/gnu/arm/5.4.1/bin/../lib/gcc/arm-none-eabi/5.4.1/armv7-m\libgcc.a
LOAD c:/program files (x86)/cypress/psoc creator/4.2/psoc creator/import/gnu/arm/5.4.1/bin/../lib/gcc/arm-none-eabi/5.4.1/../../../../arm-none-eabi/lib/armv7-m\libc.a
LOAD c:/program files (x86)/cypress/psoc creator/4.2/psoc creator/import/gnu/arm/5.4.1/bin/../lib/gcc/arm-none-eabi/5.4.1/../../../../arm-none-eabi/lib/armv7-m\libnosys.a
END GROUP
                0x00000000                CY_APPL_ORIGIN = 0x0
                0x00000100                CY_FLASH_ROW_SIZE = 0x100
                0x00000020                CY_ECC_ROW_SIZE = 0x20
                0x00000000                CY_EE_IN_BTLDR = 0x0
                0x00000000                CY_APPL_LOADABLE = 0x0
                0x00000800                CY_EE_SIZE = 0x800
                0x00000001                CY_APPL_NUM = 0x1
                0x00000001                CY_APPL_MAX = 0x1
                0x00000040                CY_METADATA_SIZE = 0x40
                0x00000000                CY_APPL_LOADABLE = 0x0
                0x00000000                CY_CHECKSUM_EXCLUDE_SIZE = ALIGN (0x0, CY_FLASH_ROW_SIZE)
                [!provide]                PROVIDE (__cy_heap_start, _end)
                0x00000001                PROVIDE (__cy_region_num, ((__cy_regions_end - __cy_regions) / 0x10))
                0x20008000                PROVIDE (__cy_stack, (ORIGIN (ram) + LENGTH (ram)))
                [!provide]                PROVIDE (__cy_heap_end, (__cy_stack - 0x800))

.cybootloader   0x00000000        0x0
 *(.cybootloader)
                0x00000000                appl1_start = CY_APPL_ORIGIN?CY_APPL_ORIGIN:ALIGN (CY_FLASH_ROW_SIZE)
                0x0001ff00                appl2_start = (appl1_start + ALIGN ((((LENGTH (rom) - appl1_start) - (0x2 * CY_FLASH_ROW_SIZE)) / 0x2), CY_FLASH_ROW_SIZE))
                0x00000000                appl_start = (CY_APPL_NUM == 0x1)?appl1_start:appl2_start
                0x00000000                ecc_offset = ((appl_start / CY_FLASH_ROW_SIZE) * CY_ECC_ROW_SIZE)
                0x00000000                ee_offset = (CY_APPL_LOADABLE && ! (CY_EE_IN_BTLDR))?((CY_EE_SIZE / CY_APPL_MAX) * (CY_APPL_NUM - 0x1)):0x0
                0x00000800                ee_size = (CY_APPL_LOADABLE && ! (CY_EE_IN_BTLDR))?(CY_EE_SIZE / CY_APPL_MAX):CY_EE_SIZE
                [!provide]                PROVIDE (CY_ECC_OFFSET, ecc_offset)

.text           0x00000000     0x1aee
 CREATE_OBJECT_SYMBOLS
                0x00000000                PROVIDE (__cy_interrupt_vector, RomVectors)
 *(.romvectors)
 .romvectors    0x00000000       0x10 .\CortexM3\ARM_GCC_541\Debug\Cm3Start.o
                0x00000000                RomVectors
                0x00000001                ASSERT ((. != __cy_interrupt_vector), No interrupt vector)
                0x00000001                ASSERT (CY_APPL_ORIGIN?(SIZEOF (.cybootloader) <= CY_APPL_ORIGIN):0x1, Wrong image location)
                0x00000010                PROVIDE (__cy_reset, Reset)
 *(.text.Reset)
 .text.Reset    0x00000010       0x18 .\CortexM3\ARM_GCC_541\Debug\Cm3Start.o
                0x00000010                Reset
                0x00000001                ASSERT ((. != __cy_reset), No reset code)
 *(.dma_init)
                0x00000001                ASSERT ((((appl_start + .) <= 0x10000) || 0x1), DMA Init must be within the first 64k of flash)
 *(.text .text.* .gnu.linkonce.t.*)
 .text          0x00000028       0x5c c:/program files (x86)/cypress/psoc creator/4.2/psoc creator/import/gnu/arm/5.4.1/bin/../lib/gcc/arm-none-eabi/5.4.1/armv7-m/crtbegin.o
 .text.interrupt1_handler
                0x00000084       0x5c .\CortexM3\ARM_GCC_541\Debug\main.o
                0x00000084                interrupt1_handler
 .text.interrupt2_handler
                0x000000e0       0x54 .\CortexM3\ARM_GCC_541\Debug\main.o
                0x000000e0                interrupt2_handler
 .text.interrupt3_handler
                0x00000134       0x2c .\CortexM3\ARM_GCC_541\Debug\main.o
                0x00000134                interrupt3_handler
 .text.encode_sync
                0x00000160       0x38 .\CortexM3\ARM_GCC_541\Debug\main.o
                0x00000160                encode_sync
 .text.motorcontrl
                0x00000198      0x114 .\CortexM3\ARM_GCC_541\Debug\main.o
                0x00000198                motorcontrl
 .text.move_forward
                0x000002ac       0x34 .\CortexM3\ARM_GCC_541\Debug\main.o
                0x000002ac                move_forward
 .text.turnleft
                0x000002e0       0x34 .\CortexM3\ARM_GCC_541\Debug\main.o
                0x000002e0                turnleft
 .text.turnright
                0x00000314       0x34 .\CortexM3\ARM_GCC_541\Debug\main.o
                0x00000314                turnright
 .text.wall_allignment
                0x00000348       0x68 .\CortexM3\ARM_GCC_541\Debug\main.o
                0x00000348                wall_allignment
 .text.select_color
                0x000003b0       0x48 .\CortexM3\ARM_GCC_541\Debug\main.o
                0x000003b0                select_color
 .text.start_measure
                0x000003f8       0x38 .\CortexM3\ARM_GCC_541\Debug\main.o
                0x000003f8                start_measure
 .text.get_frequency
                0x00000430       0x28 .\CortexM3\ARM_GCC_541\Debug\main.o
                0x00000430                get_frequency
 .text.color_Indicate
                0x00000458       0x30 .\CortexM3\ARM_GCC_541\Debug\main.o
                0x00000458                color_Indicate
 .text.color_sense
                0x00000488       0x70 .\CortexM3\ARM_GCC_541\Debug\main.o
                0x00000488                color_sense
 .text.trigger_servo
                0x000004f8       0x34 .\CortexM3\ARM_GCC_541\Debug\main.o
                0x000004f8                trigger_servo
 .text.main     0x0000052c      0x1a0 .\CortexM3\ARM_GCC_541\Debug\main.o
                0x0000052c                main
 .text.CyClockStartupError
                0x000006cc        0x4 .\CortexM3\ARM_GCC_541\Debug\cyfitter_cfg.o
 .text.cfg_write_bytes32
                0x000006d0       0x34 .\CortexM3\ARM_GCC_541\Debug\cyfitter_cfg.o
 .text.AnalogSetDefault
                0x00000704       0x28 .\CortexM3\ARM_GCC_541\Debug\cyfitter_cfg.o
 .text.CYMEMZERO
                0x0000072c        0xc .\CortexM3\ARM_GCC_541\Debug\cyfitter_cfg.o
 .text.ClockSetup
                0x00000738       0xfc .\CortexM3\ARM_GCC_541\Debug\cyfitter_cfg.o
 .text.CYCONFIGCPY
                0x00000834        0x8 .\CortexM3\ARM_GCC_541\Debug\cyfitter_cfg.o
 .text.cyfitter_cfg
                0x0000083c      0x15c .\CortexM3\ARM_GCC_541\Debug\cyfitter_cfg.o
                0x0000083c                cyfitter_cfg
 .text.IntDefaultHandler
                0x00000998       0x10 .\CortexM3\ARM_GCC_541\Debug\Cm3Start.o
                0x00000998                IntDefaultHandler
 .text.Start_c  0x000009a8       0x4c .\CortexM3\ARM_GCC_541\Debug\Cm3Start.o
                0x000009a8                Start_c
 .text.initialize_psoc
                0x000009f4       0x68 .\CortexM3\ARM_GCC_541\Debug\Cm3Start.o
                0x000009f4                initialize_psoc
 .text.QuadDec_L_GetCounter
                0x00000a5c       0x10 .\CortexM3\ARM_GCC_541\Debug\Test_02.a(QuadDec_L.o)
                0x00000a5c                QuadDec_L_GetCounter
 .text.QuadDec_L_SetCounter
                0x00000a6c       0x1c .\CortexM3\ARM_GCC_541\Debug\Test_02.a(QuadDec_L.o)
                0x00000a6c                QuadDec_L_SetCounter
 .text.QuadDec_L_GetEvents
                0x00000a88       0x10 .\CortexM3\ARM_GCC_541\Debug\Test_02.a(QuadDec_L.o)
                0x00000a88                QuadDec_L_GetEvents
 .text.QuadDec_L_SetInterruptMask
                0x00000a98        0xc .\CortexM3\ARM_GCC_541\Debug\Test_02.a(QuadDec_L.o)
                0x00000a98                QuadDec_L_SetInterruptMask
 .text.QuadDec_L_Enable
                0x00000aa4       0x24 .\CortexM3\ARM_GCC_541\Debug\Test_02.a(QuadDec_L.o)
                0x00000aa4                QuadDec_L_Enable
 .text.QuadDec_L_Start
                0x00000ac8       0x24 .\CortexM3\ARM_GCC_541\Debug\Test_02.a(QuadDec_L.o)
                0x00000ac8                QuadDec_L_Start
 .text.QuadDec_R_GetCounter
                0x00000aec       0x10 .\CortexM3\ARM_GCC_541\Debug\Test_02.a(QuadDec_R.o)
                0x00000aec                QuadDec_R_GetCounter
 .text.QuadDec_R_SetCounter
                0x00000afc       0x1c .\CortexM3\ARM_GCC_541\Debug\Test_02.a(QuadDec_R.o)
                0x00000afc                QuadDec_R_SetCounter
 .text.QuadDec_R_GetEvents
                0x00000b18       0x10 .\CortexM3\ARM_GCC_541\Debug\Test_02.a(QuadDec_R.o)
                0x00000b18                QuadDec_R_GetEvents
 .text.QuadDec_R_SetInterruptMask
                0x00000b28        0xc .\CortexM3\ARM_GCC_541\Debug\Test_02.a(QuadDec_R.o)
                0x00000b28                QuadDec_R_SetInterruptMask
 .text.QuadDec_R_Enable
                0x00000b34       0x24 .\CortexM3\ARM_GCC_541\Debug\Test_02.a(QuadDec_R.o)
                0x00000b34                QuadDec_R_Enable
 .text.QuadDec_R_Start
                0x00000b58       0x24 .\CortexM3\ARM_GCC_541\Debug\Test_02.a(QuadDec_R.o)
                0x00000b58                QuadDec_R_Start
 .text.PWM_L_Enable
                0x00000b7c       0x10 .\CortexM3\ARM_GCC_541\Debug\Test_02.a(PWM_L.o)
                0x00000b7c                PWM_L_Enable
 .text.PWM_L_WriteCounter
                0x00000b8c        0xc .\CortexM3\ARM_GCC_541\Debug\Test_02.a(PWM_L.o)
                0x00000b8c                PWM_L_WriteCounter
 .text.PWM_L_WritePeriod
                0x00000b98        0xc .\CortexM3\ARM_GCC_541\Debug\Test_02.a(PWM_L.o)
                0x00000b98                PWM_L_WritePeriod
 .text.PWM_L_WriteCompare1
                0x00000ba4        0xc .\CortexM3\ARM_GCC_541\Debug\Test_02.a(PWM_L.o)
                0x00000ba4                PWM_L_WriteCompare1
 .text.PWM_L_WriteCompare2
                0x00000bb0        0xc .\CortexM3\ARM_GCC_541\Debug\Test_02.a(PWM_L.o)
                0x00000bb0                PWM_L_WriteCompare2
 .text.PWM_L_SetInterruptMode
                0x00000bbc        0xc .\CortexM3\ARM_GCC_541\Debug\Test_02.a(PWM_L.o)
                0x00000bbc                PWM_L_SetInterruptMode
 .text.PWM_L_ReadStatusRegister
                0x00000bc8        0xc .\CortexM3\ARM_GCC_541\Debug\Test_02.a(PWM_L.o)
                0x00000bc8                PWM_L_ReadStatusRegister
 .text.PWM_L_ReadCapture
                0x00000bd4        0xc .\CortexM3\ARM_GCC_541\Debug\Test_02.a(PWM_L.o)
                0x00000bd4                PWM_L_ReadCapture
 .text.PWM_L_ClearFIFO
                0x00000be0       0x14 .\CortexM3\ARM_GCC_541\Debug\Test_02.a(PWM_L.o)
                0x00000be0                PWM_L_ClearFIFO
 .text.PWM_L_Init
                0x00000bf4       0x64 .\CortexM3\ARM_GCC_541\Debug\Test_02.a(PWM_L.o)
                0x00000bf4                PWM_L_Init
 .text.PWM_L_Start
                0x00000c58       0x1c .\CortexM3\ARM_GCC_541\Debug\Test_02.a(PWM_L.o)
                0x00000c58                PWM_L_Start
 .text.PWM_R_Enable
                0x00000c74       0x10 .\CortexM3\ARM_GCC_541\Debug\Test_02.a(PWM_R.o)
                0x00000c74                PWM_R_Enable
 .text.PWM_R_WriteCounter
                0x00000c84        0xc .\CortexM3\ARM_GCC_541\Debug\Test_02.a(PWM_R.o)
                0x00000c84                PWM_R_WriteCounter
 .text.PWM_R_WritePeriod
                0x00000c90        0xc .\CortexM3\ARM_GCC_541\Debug\Test_02.a(PWM_R.o)
                0x00000c90                PWM_R_WritePeriod
 .text.PWM_R_WriteCompare1
                0x00000c9c        0xc .\CortexM3\ARM_GCC_541\Debug\Test_02.a(PWM_R.o)
                0x00000c9c                PWM_R_WriteCompare1
 .text.PWM_R_WriteCompare2
                0x00000ca8        0xc .\CortexM3\ARM_GCC_541\Debug\Test_02.a(PWM_R.o)
                0x00000ca8                PWM_R_WriteCompare2
 .text.PWM_R_SetInterruptMode
                0x00000cb4        0xc .\CortexM3\ARM_GCC_541\Debug\Test_02.a(PWM_R.o)
                0x00000cb4                PWM_R_SetInterruptMode
 .text.PWM_R_ReadStatusRegister
                0x00000cc0        0xc .\CortexM3\ARM_GCC_541\Debug\Test_02.a(PWM_R.o)
                0x00000cc0                PWM_R_ReadStatusRegister
 .text.PWM_R_ReadCapture
                0x00000ccc        0xc .\CortexM3\ARM_GCC_541\Debug\Test_02.a(PWM_R.o)
                0x00000ccc                PWM_R_ReadCapture
 .text.PWM_R_ClearFIFO
                0x00000cd8       0x14 .\CortexM3\ARM_GCC_541\Debug\Test_02.a(PWM_R.o)
                0x00000cd8                PWM_R_ClearFIFO
 .text.PWM_R_Init
                0x00000cec       0x60 .\CortexM3\ARM_GCC_541\Debug\Test_02.a(PWM_R.o)
                0x00000cec                PWM_R_Init
 .text.PWM_R_Start
                0x00000d4c       0x1c .\CortexM3\ARM_GCC_541\Debug\Test_02.a(PWM_R.o)
                0x00000d4c                PWM_R_Start
 .text.limitSW_2_Read
                0x00000d68       0x10 .\CortexM3\ARM_GCC_541\Debug\Test_02.a(limitSW_2.o)
                0x00000d68                limitSW_2_Read
 .text.limitSW_1_Read
                0x00000d78       0x10 .\CortexM3\ARM_GCC_541\Debug\Test_02.a(limitSW_1.o)
                0x00000d78                limitSW_1_Read
 .text.S1_Echo_Read
                0x00000d88       0x10 .\CortexM3\ARM_GCC_541\Debug\Test_02.a(S1_Echo.o)
                0x00000d88                S1_Echo_Read
 .text.S1_Trigger_Write
                0x00000d98       0x18 .\CortexM3\ARM_GCC_541\Debug\Test_02.a(S1_Trigger.o)
                0x00000d98                S1_Trigger_Write
 .text.isr_1_SetVector
                0x00000db0        0xc .\CortexM3\ARM_GCC_541\Debug\Test_02.a(isr_1.o)
                0x00000db0                isr_1_SetVector
 .text.isr_1_SetPriority
                0x00000dbc       0x10 .\CortexM3\ARM_GCC_541\Debug\Test_02.a(isr_1.o)
                0x00000dbc                isr_1_SetPriority
 .text.isr_1_Enable
                0x00000dcc        0xc .\CortexM3\ARM_GCC_541\Debug\Test_02.a(isr_1.o)
                0x00000dcc                isr_1_Enable
 .text.isr_1_Disable
                0x00000dd8        0xc .\CortexM3\ARM_GCC_541\Debug\Test_02.a(isr_1.o)
                0x00000dd8                isr_1_Disable
 .text.isr_1_StartEx
                0x00000de4       0x1c .\CortexM3\ARM_GCC_541\Debug\Test_02.a(isr_1.o)
                0x00000de4                isr_1_StartEx
 .text.Inbuilt_LED_Write
                0x00000e00       0x18 .\CortexM3\ARM_GCC_541\Debug\Test_02.a(Inbuilt_LED.o)
                0x00000e00                Inbuilt_LED_Write
 .text.Servo_PWM_Enable
                0x00000e18       0x10 .\CortexM3\ARM_GCC_541\Debug\Test_02.a(Servo_PWM.o)
                0x00000e18                Servo_PWM_Enable
 .text.Servo_PWM_WriteCounter
                0x00000e28        0xc .\CortexM3\ARM_GCC_541\Debug\Test_02.a(Servo_PWM.o)
                0x00000e28                Servo_PWM_WriteCounter
 .text.Servo_PWM_WritePeriod
                0x00000e34        0xc .\CortexM3\ARM_GCC_541\Debug\Test_02.a(Servo_PWM.o)
                0x00000e34                Servo_PWM_WritePeriod
 .text.Servo_PWM_WriteCompare
                0x00000e40        0xc .\CortexM3\ARM_GCC_541\Debug\Test_02.a(Servo_PWM.o)
                0x00000e40                Servo_PWM_WriteCompare
 .text.Servo_PWM_SetInterruptMode
                0x00000e4c        0xc .\CortexM3\ARM_GCC_541\Debug\Test_02.a(Servo_PWM.o)
                0x00000e4c                Servo_PWM_SetInterruptMode
 .text.Servo_PWM_ReadStatusRegister
                0x00000e58        0xc .\CortexM3\ARM_GCC_541\Debug\Test_02.a(Servo_PWM.o)
                0x00000e58                Servo_PWM_ReadStatusRegister
 .text.Servo_PWM_ReadCapture
                0x00000e64        0xc .\CortexM3\ARM_GCC_541\Debug\Test_02.a(Servo_PWM.o)
                0x00000e64                Servo_PWM_ReadCapture
 .text.Servo_PWM_ClearFIFO
                0x00000e70       0x14 .\CortexM3\ARM_GCC_541\Debug\Test_02.a(Servo_PWM.o)
                0x00000e70                Servo_PWM_ClearFIFO
 .text.Servo_PWM_Init
                0x00000e84       0x60 .\CortexM3\ARM_GCC_541\Debug\Test_02.a(Servo_PWM.o)
                0x00000e84                Servo_PWM_Init
 .text.Servo_PWM_Start
                0x00000ee4       0x1c .\CortexM3\ARM_GCC_541\Debug\Test_02.a(Servo_PWM.o)
                0x00000ee4                Servo_PWM_Start
 .text.isr_2_SetVector
                0x00000f00        0xc .\CortexM3\ARM_GCC_541\Debug\Test_02.a(isr_2.o)
                0x00000f00                isr_2_SetVector
 .text.isr_2_SetPriority
                0x00000f0c       0x10 .\CortexM3\ARM_GCC_541\Debug\Test_02.a(isr_2.o)
                0x00000f0c                isr_2_SetPriority
 .text.isr_2_Enable
                0x00000f1c        0xc .\CortexM3\ARM_GCC_541\Debug\Test_02.a(isr_2.o)
                0x00000f1c                isr_2_Enable
 .text.isr_2_Disable
                0x00000f28        0xc .\CortexM3\ARM_GCC_541\Debug\Test_02.a(isr_2.o)
                0x00000f28                isr_2_Disable
 .text.isr_2_StartEx
                0x00000f34       0x1c .\CortexM3\ARM_GCC_541\Debug\Test_02.a(isr_2.o)
                0x00000f34                isr_2_StartEx
 .text.Color_Timer_Enable
                0x00000f50       0x10 .\CortexM3\ARM_GCC_541\Debug\Test_02.a(Color_Timer.o)
                0x00000f50                Color_Timer_Enable
 .text.Color_Timer_Stop
                0x00000f60       0x10 .\CortexM3\ARM_GCC_541\Debug\Test_02.a(Color_Timer.o)
                0x00000f60                Color_Timer_Stop
 .text.Color_Timer_SetInterruptMode
                0x00000f70        0xc .\CortexM3\ARM_GCC_541\Debug\Test_02.a(Color_Timer.o)
                0x00000f70                Color_Timer_SetInterruptMode
 .text.Color_Timer_ReadStatusRegister
                0x00000f7c        0xc .\CortexM3\ARM_GCC_541\Debug\Test_02.a(Color_Timer.o)
                0x00000f7c                Color_Timer_ReadStatusRegister
 .text.Color_Timer_WritePeriod
                0x00000f88       0x10 .\CortexM3\ARM_GCC_541\Debug\Test_02.a(Color_Timer.o)
                0x00000f88                Color_Timer_WritePeriod
 .text.Color_Timer_ReadCapture
                0x00000f98       0x10 .\CortexM3\ARM_GCC_541\Debug\Test_02.a(Color_Timer.o)
                0x00000f98                Color_Timer_ReadCapture
 .text.Color_Timer_WriteCounter
                0x00000fa8       0x10 .\CortexM3\ARM_GCC_541\Debug\Test_02.a(Color_Timer.o)
                0x00000fa8                Color_Timer_WriteCounter
 .text.Color_Timer_ClearFIFO
                0x00000fb8       0x14 .\CortexM3\ARM_GCC_541\Debug\Test_02.a(Color_Timer.o)
                0x00000fb8                Color_Timer_ClearFIFO
 .text.Color_Timer_Init
                0x00000fcc       0x38 .\CortexM3\ARM_GCC_541\Debug\Test_02.a(Color_Timer.o)
                0x00000fcc                Color_Timer_Init
 .text.Color_Timer_Start
                0x00001004       0x1c .\CortexM3\ARM_GCC_541\Debug\Test_02.a(Color_Timer.o)
                0x00001004                Color_Timer_Start
 .text.Control_Reg_Color_Write
                0x00001020        0xc .\CortexM3\ARM_GCC_541\Debug\Test_02.a(Control_Reg_Color.o)
                0x00001020                Control_Reg_Color_Write
 .text.Color_S0_Write
                0x0000102c       0x18 .\CortexM3\ARM_GCC_541\Debug\Test_02.a(Color_S0.o)
                0x0000102c                Color_S0_Write
 .text.Color_S1_Write
                0x00001044       0x18 .\CortexM3\ARM_GCC_541\Debug\Test_02.a(Color_S1.o)
                0x00001044                Color_S1_Write
 .text.Color_S2_Write
                0x0000105c       0x18 .\CortexM3\ARM_GCC_541\Debug\Test_02.a(Color_S2.o)
                0x0000105c                Color_S2_Write
 .text.Color_S3_Write
                0x00001074       0x18 .\CortexM3\ARM_GCC_541\Debug\Test_02.a(Color_S3.o)
                0x00001074                Color_S3_Write
 .text.Color_LED_Write
                0x0000108c       0x18 .\CortexM3\ARM_GCC_541\Debug\Test_02.a(Color_LED.o)
                0x0000108c                Color_LED_Write
 .text.RED_LED_Write
                0x000010a4       0x18 .\CortexM3\ARM_GCC_541\Debug\Test_02.a(RED_LED.o)
                0x000010a4                RED_LED_Write
 .text.GREEN_LED_Write
                0x000010bc       0x18 .\CortexM3\ARM_GCC_541\Debug\Test_02.a(GREEN_LED.o)
                0x000010bc                GREEN_LED_Write
 .text.BLUE_LED_Write
                0x000010d4       0x18 .\CortexM3\ARM_GCC_541\Debug\Test_02.a(BLUE_LED.o)
                0x000010d4                BLUE_LED_Write
 .text.QuadDec_L_Cnt16_Enable
                0x000010ec       0x10 .\CortexM3\ARM_GCC_541\Debug\Test_02.a(QuadDec_L_Cnt16.o)
                0x000010ec                QuadDec_L_Cnt16_Enable
 .text.QuadDec_L_Cnt16_SetInterruptMode
                0x000010fc        0xc .\CortexM3\ARM_GCC_541\Debug\Test_02.a(QuadDec_L_Cnt16.o)
                0x000010fc                QuadDec_L_Cnt16_SetInterruptMode
 .text.QuadDec_L_Cnt16_ReadStatusRegister
                0x00001108        0xc .\CortexM3\ARM_GCC_541\Debug\Test_02.a(QuadDec_L_Cnt16.o)
                0x00001108                QuadDec_L_Cnt16_ReadStatusRegister
 .text.QuadDec_L_Cnt16_WriteCounter
                0x00001114        0xc .\CortexM3\ARM_GCC_541\Debug\Test_02.a(QuadDec_L_Cnt16.o)
                0x00001114                QuadDec_L_Cnt16_WriteCounter
 .text.QuadDec_L_Cnt16_ReadCounter
                0x00001120       0x14 .\CortexM3\ARM_GCC_541\Debug\Test_02.a(QuadDec_L_Cnt16.o)
                0x00001120                QuadDec_L_Cnt16_ReadCounter
 .text.QuadDec_L_Cnt16_ReadCapture
                0x00001134        0xc .\CortexM3\ARM_GCC_541\Debug\Test_02.a(QuadDec_L_Cnt16.o)
                0x00001134                QuadDec_L_Cnt16_ReadCapture
 .text.QuadDec_L_Cnt16_WritePeriod
                0x00001140        0xc .\CortexM3\ARM_GCC_541\Debug\Test_02.a(QuadDec_L_Cnt16.o)
                0x00001140                QuadDec_L_Cnt16_WritePeriod
 .text.QuadDec_L_Cnt16_WriteCompare
                0x0000114c        0xc .\CortexM3\ARM_GCC_541\Debug\Test_02.a(QuadDec_L_Cnt16.o)
                0x0000114c                QuadDec_L_Cnt16_WriteCompare
 .text.QuadDec_L_Cnt16_ClearFIFO
                0x00001158       0x14 .\CortexM3\ARM_GCC_541\Debug\Test_02.a(QuadDec_L_Cnt16.o)
                0x00001158                QuadDec_L_Cnt16_ClearFIFO
 .text.QuadDec_L_Cnt16_Init
                0x0000116c       0x58 .\CortexM3\ARM_GCC_541\Debug\Test_02.a(QuadDec_L_Cnt16.o)
                0x0000116c                QuadDec_L_Cnt16_Init
 .text.QuadDec_L_Cnt16_Start
                0x000011c4       0x1c .\CortexM3\ARM_GCC_541\Debug\Test_02.a(QuadDec_L_Cnt16.o)
                0x000011c4                QuadDec_L_Cnt16_Start
 .text.QuadDec_R_Cnt16_Enable
                0x000011e0       0x10 .\CortexM3\ARM_GCC_541\Debug\Test_02.a(QuadDec_R_Cnt16.o)
                0x000011e0                QuadDec_R_Cnt16_Enable
 .text.QuadDec_R_Cnt16_SetInterruptMode
                0x000011f0        0xc .\CortexM3\ARM_GCC_541\Debug\Test_02.a(QuadDec_R_Cnt16.o)
                0x000011f0                QuadDec_R_Cnt16_SetInterruptMode
 .text.QuadDec_R_Cnt16_ReadStatusRegister
                0x000011fc        0xc .\CortexM3\ARM_GCC_541\Debug\Test_02.a(QuadDec_R_Cnt16.o)
                0x000011fc                QuadDec_R_Cnt16_ReadStatusRegister
 .text.QuadDec_R_Cnt16_WriteCounter
                0x00001208        0xc .\CortexM3\ARM_GCC_541\Debug\Test_02.a(QuadDec_R_Cnt16.o)
                0x00001208                QuadDec_R_Cnt16_WriteCounter
 .text.QuadDec_R_Cnt16_ReadCounter
                0x00001214       0x14 .\CortexM3\ARM_GCC_541\Debug\Test_02.a(QuadDec_R_Cnt16.o)
                0x00001214                QuadDec_R_Cnt16_ReadCounter
 .text.QuadDec_R_Cnt16_ReadCapture
                0x00001228        0xc .\CortexM3\ARM_GCC_541\Debug\Test_02.a(QuadDec_R_Cnt16.o)
                0x00001228                QuadDec_R_Cnt16_ReadCapture
 .text.QuadDec_R_Cnt16_WritePeriod
                0x00001234        0xc .\CortexM3\ARM_GCC_541\Debug\Test_02.a(QuadDec_R_Cnt16.o)
                0x00001234                QuadDec_R_Cnt16_WritePeriod
 .text.QuadDec_R_Cnt16_WriteCompare
                0x00001240        0xc .\CortexM3\ARM_GCC_541\Debug\Test_02.a(QuadDec_R_Cnt16.o)
                0x00001240                QuadDec_R_Cnt16_WriteCompare
 .text.QuadDec_R_Cnt16_ClearFIFO
                0x0000124c       0x14 .\CortexM3\ARM_GCC_541\Debug\Test_02.a(QuadDec_R_Cnt16.o)
                0x0000124c                QuadDec_R_Cnt16_ClearFIFO
 .text.QuadDec_R_Cnt16_Init
                0x00001260       0x58 .\CortexM3\ARM_GCC_541\Debug\Test_02.a(QuadDec_R_Cnt16.o)
                0x00001260                QuadDec_R_Cnt16_Init
 .text.QuadDec_R_Cnt16_Start
                0x000012b8       0x1c .\CortexM3\ARM_GCC_541\Debug\Test_02.a(QuadDec_R_Cnt16.o)
                0x000012b8                QuadDec_R_Cnt16_Start
 .text.CyDelay  0x000012d4       0x2c .\CortexM3\ARM_GCC_541\Debug\Test_02.a(CyLib.o)
                0x000012d4                CyDelay
 .text.CyDelayUs
                0x00001300       0x14 .\CortexM3\ARM_GCC_541\Debug\Test_02.a(CyLib.o)
                0x00001300                CyDelayUs
 .text.CySetReg24
                0x00001314       0x14 .\CortexM3\ARM_GCC_541\Debug\Test_02.a(cyutils.o)
                0x00001314                CySetReg24
 .text.UART_Init
                0x00001328       0x28 .\CortexM3\ARM_GCC_541\Debug\Test_02.a(UART.o)
                0x00001328                UART_Init
 .text.UART_Enable
                0x00001350       0x38 .\CortexM3\ARM_GCC_541\Debug\Test_02.a(UART.o)
                0x00001350                UART_Enable
 .text.UART_Start
                0x00001388       0x1c .\CortexM3\ARM_GCC_541\Debug\Test_02.a(UART.o)
                0x00001388                UART_Start
 .text.Color_Counter_Enable
                0x000013a4       0x10 .\CortexM3\ARM_GCC_541\Debug\Test_02.a(Color_Counter.o)
                0x000013a4                Color_Counter_Enable
 .text.Color_Counter_Stop
                0x000013b4       0x10 .\CortexM3\ARM_GCC_541\Debug\Test_02.a(Color_Counter.o)
                0x000013b4                Color_Counter_Stop
 .text.Color_Counter_SetInterruptMode
                0x000013c4        0xc .\CortexM3\ARM_GCC_541\Debug\Test_02.a(Color_Counter.o)
                0x000013c4                Color_Counter_SetInterruptMode
 .text.Color_Counter_ReadStatusRegister
                0x000013d0        0xc .\CortexM3\ARM_GCC_541\Debug\Test_02.a(Color_Counter.o)
                0x000013d0                Color_Counter_ReadStatusRegister
 .text.Color_Counter_WriteCounter
                0x000013dc       0x10 .\CortexM3\ARM_GCC_541\Debug\Test_02.a(Color_Counter.o)
                0x000013dc                Color_Counter_WriteCounter
 .text.Color_Counter_ReadCounter
                0x000013ec       0x18 .\CortexM3\ARM_GCC_541\Debug\Test_02.a(Color_Counter.o)
                0x000013ec                Color_Counter_ReadCounter
 .text.Color_Counter_ReadCapture
                0x00001404       0x10 .\CortexM3\ARM_GCC_541\Debug\Test_02.a(Color_Counter.o)
                0x00001404                Color_Counter_ReadCapture
 .text.Color_Counter_WritePeriod
                0x00001414       0x10 .\CortexM3\ARM_GCC_541\Debug\Test_02.a(Color_Counter.o)
                0x00001414                Color_Counter_WritePeriod
 .text.Color_Counter_WriteCompare
                0x00001424       0x10 .\CortexM3\ARM_GCC_541\Debug\Test_02.a(Color_Counter.o)
                0x00001424                Color_Counter_WriteCompare
 .text.Color_Counter_ClearFIFO
                0x00001434       0x14 .\CortexM3\ARM_GCC_541\Debug\Test_02.a(Color_Counter.o)
                0x00001434                Color_Counter_ClearFIFO
 .text.Color_Counter_Init
                0x00001448       0x5c .\CortexM3\ARM_GCC_541\Debug\Test_02.a(Color_Counter.o)
                0x00001448                Color_Counter_Init
 .text.Color_Counter_Start
                0x000014a4       0x1c .\CortexM3\ARM_GCC_541\Debug\Test_02.a(Color_Counter.o)
                0x000014a4                Color_Counter_Start
 .text.UART_IntClock_Start
                0x000014c0       0x1c .\CortexM3\ARM_GCC_541\Debug\Test_02.a(UART_IntClock.o)
                0x000014c0                UART_IntClock_Start
 .text.S1_Timer_Enable
                0x000014dc       0x10 .\CortexM3\ARM_GCC_541\Debug\Test_02.a(S1_Timer.o)
                0x000014dc                S1_Timer_Enable
 .text.S1_Timer_SetInterruptMode
                0x000014ec        0xc .\CortexM3\ARM_GCC_541\Debug\Test_02.a(S1_Timer.o)
                0x000014ec                S1_Timer_SetInterruptMode
 .text.S1_Timer_ReadStatusRegister
                0x000014f8        0xc .\CortexM3\ARM_GCC_541\Debug\Test_02.a(S1_Timer.o)
                0x000014f8                S1_Timer_ReadStatusRegister
 .text.S1_Timer_ReadControlRegister
                0x00001504        0xc .\CortexM3\ARM_GCC_541\Debug\Test_02.a(S1_Timer.o)
                0x00001504                S1_Timer_ReadControlRegister
 .text.S1_Timer_WritePeriod
                0x00001510        0xc .\CortexM3\ARM_GCC_541\Debug\Test_02.a(S1_Timer.o)
                0x00001510                S1_Timer_WritePeriod
 .text.S1_Timer_ReadCapture
                0x0000151c        0xc .\CortexM3\ARM_GCC_541\Debug\Test_02.a(S1_Timer.o)
                0x0000151c                S1_Timer_ReadCapture
 .text.S1_Timer_WriteCounter
                0x00001528        0xc .\CortexM3\ARM_GCC_541\Debug\Test_02.a(S1_Timer.o)
                0x00001528                S1_Timer_WriteCounter
 .text.S1_Timer_ReadCounter
                0x00001534       0x14 .\CortexM3\ARM_GCC_541\Debug\Test_02.a(S1_Timer.o)
                0x00001534                S1_Timer_ReadCounter
 .text.S1_Timer_SetInterruptCount
                0x00001548       0x1c .\CortexM3\ARM_GCC_541\Debug\Test_02.a(S1_Timer.o)
                0x00001548                S1_Timer_SetInterruptCount
 .text.S1_Timer_ClearFIFO
                0x00001564       0x14 .\CortexM3\ARM_GCC_541\Debug\Test_02.a(S1_Timer.o)
                0x00001564                S1_Timer_ClearFIFO
 .text.S1_Timer_Init
                0x00001578       0x3c .\CortexM3\ARM_GCC_541\Debug\Test_02.a(S1_Timer.o)
                0x00001578                S1_Timer_Init
 .text.S1_Timer_Start
                0x000015b4       0x1c .\CortexM3\ARM_GCC_541\Debug\Test_02.a(S1_Timer.o)
                0x000015b4                S1_Timer_Start
 .text.isr_3_SetVector
                0x000015d0        0xc .\CortexM3\ARM_GCC_541\Debug\Test_02.a(isr_3.o)
                0x000015d0                isr_3_SetVector
 .text.isr_3_SetPriority
                0x000015dc       0x10 .\CortexM3\ARM_GCC_541\Debug\Test_02.a(isr_3.o)
                0x000015dc                isr_3_SetPriority
 .text.isr_3_Enable
                0x000015ec        0xc .\CortexM3\ARM_GCC_541\Debug\Test_02.a(isr_3.o)
                0x000015ec                isr_3_Enable
 .text.isr_3_Disable
                0x000015f8        0xc .\CortexM3\ARM_GCC_541\Debug\Test_02.a(isr_3.o)
                0x000015f8                isr_3_Disable
 .text.isr_3_StartEx
                0x00001604       0x1c .\CortexM3\ARM_GCC_541\Debug\Test_02.a(isr_3.o)
                0x00001604                isr_3_StartEx
 .text.isr_3_ClearPending
                0x00001620        0xc .\CortexM3\ARM_GCC_541\Debug\Test_02.a(isr_3.o)
                0x00001620                isr_3_ClearPending
 .text.S2_Timer_Enable
                0x0000162c       0x10 .\CortexM3\ARM_GCC_541\Debug\Test_02.a(S2_Timer.o)
                0x0000162c                S2_Timer_Enable
 .text.S2_Timer_SetInterruptMode
                0x0000163c        0xc .\CortexM3\ARM_GCC_541\Debug\Test_02.a(S2_Timer.o)
                0x0000163c                S2_Timer_SetInterruptMode
 .text.S2_Timer_ReadStatusRegister
                0x00001648        0xc .\CortexM3\ARM_GCC_541\Debug\Test_02.a(S2_Timer.o)
                0x00001648                S2_Timer_ReadStatusRegister
 .text.S2_Timer_ReadControlRegister
                0x00001654        0xc .\CortexM3\ARM_GCC_541\Debug\Test_02.a(S2_Timer.o)
                0x00001654                S2_Timer_ReadControlRegister
 .text.S2_Timer_WritePeriod
                0x00001660        0xc .\CortexM3\ARM_GCC_541\Debug\Test_02.a(S2_Timer.o)
                0x00001660                S2_Timer_WritePeriod
 .text.S2_Timer_ReadCapture
                0x0000166c        0xc .\CortexM3\ARM_GCC_541\Debug\Test_02.a(S2_Timer.o)
                0x0000166c                S2_Timer_ReadCapture
 .text.S2_Timer_WriteCounter
                0x00001678        0xc .\CortexM3\ARM_GCC_541\Debug\Test_02.a(S2_Timer.o)
                0x00001678                S2_Timer_WriteCounter
 .text.S2_Timer_ReadCounter
                0x00001684       0x14 .\CortexM3\ARM_GCC_541\Debug\Test_02.a(S2_Timer.o)
                0x00001684                S2_Timer_ReadCounter
 .text.S2_Timer_SetInterruptCount
                0x00001698       0x1c .\CortexM3\ARM_GCC_541\Debug\Test_02.a(S2_Timer.o)
                0x00001698                S2_Timer_SetInterruptCount
 .text.S2_Timer_ClearFIFO
                0x000016b4       0x14 .\CortexM3\ARM_GCC_541\Debug\Test_02.a(S2_Timer.o)
                0x000016b4                S2_Timer_ClearFIFO
 .text.S2_Timer_Init
                0x000016c8       0x3c .\CortexM3\ARM_GCC_541\Debug\Test_02.a(S2_Timer.o)
                0x000016c8                S2_Timer_Init
 .text.S2_Timer_Start
                0x00001704       0x1c .\CortexM3\ARM_GCC_541\Debug\Test_02.a(S2_Timer.o)
                0x00001704                S2_Timer_Start
 .text.S2_Echo_Read
                0x00001720       0x10 .\CortexM3\ARM_GCC_541\Debug\Test_02.a(S2_Echo.o)
                0x00001720                S2_Echo_Read
 .text.S2_Trigger_Write
                0x00001730       0x18 .\CortexM3\ARM_GCC_541\Debug\Test_02.a(S2_Trigger.o)
                0x00001730                S2_Trigger_Write
 .text          0x00001748       0x20 .\CortexM3\ARM_GCC_541\Debug\Test_02.a(CyBootAsmGnu.o)
                0x00001748                CyDelayCycles
                0x00001758                CyEnterCriticalSection
                0x00001760                CyExitCriticalSection
 .text          0x00001768      0x21c c:/program files (x86)/cypress/psoc creator/4.2/psoc creator/import/gnu/arm/5.4.1/bin/../lib/gcc/arm-none-eabi/5.4.1/armv7-m\libgcc.a(_arm_addsubsf3.o)
                0x00001768                __aeabi_frsub
                0x00001770                __subsf3
                0x00001770                __aeabi_fsub
                0x00001774                __aeabi_fadd
                0x00001774                __addsf3
                0x000018d4                __aeabi_ui2f
                0x000018d4                __floatunsisf
                0x000018dc                __aeabi_i2f
                0x000018dc                __floatsisf
                0x000018f8                __aeabi_ul2f
                0x000018f8                __floatundisf
                0x00001908                __aeabi_l2f
                0x00001908                __floatdisf
 .text          0x00001984       0xec c:/program files (x86)/cypress/psoc creator/4.2/psoc creator/import/gnu/arm/5.4.1/bin/../lib/gcc/arm-none-eabi/5.4.1/armv7-m\libgcc.a(_arm_cmpsf2.o)
                0x00001984                __gesf2
                0x00001984                __gtsf2
                0x0000198c                __lesf2
                0x0000198c                __ltsf2
                0x00001994                __nesf2
                0x00001994                __eqsf2
                0x00001994                __cmpsf2
                0x000019f4                __aeabi_cfrcmple
                0x000019fc                __aeabi_cfcmpeq
                0x000019fc                __aeabi_cfcmple
                0x00001a0c                __aeabi_fcmpeq
                0x00001a20                __aeabi_fcmplt
                0x00001a34                __aeabi_fcmple
                0x00001a48                __aeabi_fcmpge
                0x00001a5c                __aeabi_fcmpgt
 .text.__errno  0x00001a70        0xc c:/program files (x86)/cypress/psoc creator/4.2/psoc creator/import/gnu/arm/5.4.1/bin/../lib/gcc/arm-none-eabi/5.4.1/../../../../arm-none-eabi/lib/armv7-m\libg_nano.a(lib_a-errno.o)
                0x00001a70                __errno
 .text.__libc_init_array
                0x00001a7c       0x4c c:/program files (x86)/cypress/psoc creator/4.2/psoc creator/import/gnu/arm/5.4.1/bin/../lib/gcc/arm-none-eabi/5.4.1/../../../../arm-none-eabi/lib/armv7-m\libg_nano.a(lib_a-init.o)
                0x00001a7c                __libc_init_array
 .text.memcpy   0x00001ac8       0x16 c:/program files (x86)/cypress/psoc creator/4.2/psoc creator/import/gnu/arm/5.4.1/bin/../lib/gcc/arm-none-eabi/5.4.1/../../../../arm-none-eabi/lib/armv7-m\libg_nano.a(lib_a-memcpy-stub.o)
                0x00001ac8                memcpy
 .text.memset   0x00001ade       0x10 c:/program files (x86)/cypress/psoc creator/4.2/psoc creator/import/gnu/arm/5.4.1/bin/../lib/gcc/arm-none-eabi/5.4.1/../../../../arm-none-eabi/lib/armv7-m\libg_nano.a(lib_a-memset.o)
                0x00001ade                memset
 *(.plt)
 *(.gnu.warning)
 *(.glue_7t)
 .glue_7t       0x00001aee        0x0 linker stubs
 *(.glue_7)
 .glue_7        0x00001aee        0x0 linker stubs
 *(.vfp11_veneer)
 .vfp11_veneer  0x00001aee        0x0 linker stubs
 *(.bootloader)
 *(.ARM.extab* .gnu.linkonce.armextab.*)
 *(.gcc_except_table)

.v4_bx          0x00001af0        0x0
 .v4_bx         0x00001af0        0x0 linker stubs

.iplt           0x00001af0        0x0
 .iplt          0x00001af0        0x0 c:/program files (x86)/cypress/psoc creator/4.2/psoc creator/import/gnu/arm/5.4.1/bin/../lib/gcc/arm-none-eabi/5.4.1/armv7-m/crtbegin.o

.eh_frame_hdr
 *(.eh_frame_hdr)

.eh_frame       0x00001af0        0x4
 *(.eh_frame)
 .eh_frame      0x00001af0        0x0 c:/program files (x86)/cypress/psoc creator/4.2/psoc creator/import/gnu/arm/5.4.1/bin/../lib/gcc/arm-none-eabi/5.4.1/armv7-m/crtbegin.o
 .eh_frame      0x00001af0        0x4 c:/program files (x86)/cypress/psoc creator/4.2/psoc creator/import/gnu/arm/5.4.1/bin/../lib/gcc/arm-none-eabi/5.4.1/armv7-m/crtend.o
                [!provide]                PROVIDE (__exidx_start, .)

.ARM.exidx
 *(.ARM.exidx* .gnu.linkonce.armexidx.*)
                0x00001af4                __exidx_end = .

.rodata         0x00001af4       0x9c
 *(.rodata .rodata.* .gnu.linkonce.r.*)
 .rodata        0x00001af4       0x64 .\CortexM3\ARM_GCC_541\Debug\cyfitter_cfg.o
 .rodata.str1.1
                0x00001b58        0x2 c:/program files (x86)/cypress/psoc creator/4.2/psoc creator/import/gnu/arm/5.4.1/bin/../lib/gcc/arm-none-eabi/5.4.1/../../../../arm-none-eabi/lib/armv7-m\libg_nano.a(lib_a-impure.o)
                0x00001b5c                . = ALIGN (0x4)
 *fill*         0x00001b5a        0x2 
 *(.init)
 .init          0x00001b5c        0x4 c:/program files (x86)/cypress/psoc creator/4.2/psoc creator/import/gnu/arm/5.4.1/bin/../lib/gcc/arm-none-eabi/5.4.1/armv7-m/crti.o
                0x00001b5c                _init
 .init          0x00001b60        0x8 c:/program files (x86)/cypress/psoc creator/4.2/psoc creator/import/gnu/arm/5.4.1/bin/../lib/gcc/arm-none-eabi/5.4.1/armv7-m/crtn.o
                0x00001b68                . = ALIGN (0x4)
                0x00001b68                __preinit_array_start = .
 *(.preinit_array)
                0x00001b68                __preinit_array_end = .
                0x00001b68                . = ALIGN (0x4)
                0x00001b68                __init_array_start = .
 *(SORT(.init_array.*))
 *(.init_array)
 .init_array    0x00001b68        0x4 c:/program files (x86)/cypress/psoc creator/4.2/psoc creator/import/gnu/arm/5.4.1/bin/../lib/gcc/arm-none-eabi/5.4.1/armv7-m/crtbegin.o
 .init_array    0x00001b6c        0x4 .\CortexM3\ARM_GCC_541\Debug\Cm3Start.o
                0x00001b70                __init_array_end = .
                0x00001b70                . = ALIGN (0x4)
 *(.fini)
 .fini          0x00001b70        0x4 c:/program files (x86)/cypress/psoc creator/4.2/psoc creator/import/gnu/arm/5.4.1/bin/../lib/gcc/arm-none-eabi/5.4.1/armv7-m/crti.o
                0x00001b70                _fini
 .fini          0x00001b74        0x8 c:/program files (x86)/cypress/psoc creator/4.2/psoc creator/import/gnu/arm/5.4.1/bin/../lib/gcc/arm-none-eabi/5.4.1/armv7-m/crtn.o
                0x00001b7c                . = ALIGN (0x4)
                0x00001b7c                __fini_array_start = .
 *(.fini_array)
 .fini_array    0x00001b7c        0x4 c:/program files (x86)/cypress/psoc creator/4.2/psoc creator/import/gnu/arm/5.4.1/bin/../lib/gcc/arm-none-eabi/5.4.1/armv7-m/crtbegin.o
 *(SORT(.fini_array.*))
                0x00001b80                __fini_array_end = .
                0x00001b80                . = ALIGN (0x4)
 *crtbegin.o(.ctors)
 *(EXCLUDE_FILE(*crtend.o) .ctors)
 *(SORT(.ctors.*))
 *crtend.o(.ctors)
                0x00001b80                . = ALIGN (0x4)
 *crtbegin.o(.dtors)
 *(EXCLUDE_FILE(*crtend.o) .dtors)
 *(SORT(.dtors.*))
 *crtend.o(.dtors)
                0x00001b80                . = ALIGN (0x4)
                0x00001b80                __cy_regions = .
                0x00001b80        0x4 LONG 0x1b90 __cy_region_init_ram
                0x00001b84        0x4 LONG 0x1fff80c8 __cy_region_start_data
                0x00001b88        0x4 LONG 0x78 __cy_region_init_size_ram
                0x00001b8c        0x4 LONG 0x50 __cy_region_zero_size_ram
                0x00001b90                __cy_regions_end = .
                0x00001b90                . = ALIGN (0x8)
                0x00001b90                _etext = .

.cy_checksum_exclude
                0x00001b90        0x0
 *(.cy_checksum_exclude)

.ramvectors     0x1fff8000       0xc0
                0x1fff8000                __cy_region_start_ram = .
 *(.ramvectors)
 .ramvectors    0x1fff8000       0xc0 .\CortexM3\ARM_GCC_541\Debug\Cm3Start.o
                0x1fff8000                CyRamVectors

.noinit         0x1fff80c0        0x1
 *(.noinit)
 .noinit        0x1fff80c0        0x1 .\CortexM3\ARM_GCC_541\Debug\Test_02.a(CyLib.o)
                0x1fff80c0                CyResetStatus

.data           0x1fff80c8       0x78 load address 0x00001b90
                0x1fff80c8                __cy_region_start_data = .
 *(.jcr)
 .jcr           0x1fff80c8        0x0 c:/program files (x86)/cypress/psoc creator/4.2/psoc creator/import/gnu/arm/5.4.1/bin/../lib/gcc/arm-none-eabi/5.4.1/armv7-m/crtbegin.o
 .jcr           0x1fff80c8        0x4 c:/program files (x86)/cypress/psoc creator/4.2/psoc creator/import/gnu/arm/5.4.1/bin/../lib/gcc/arm-none-eabi/5.4.1/armv7-m/crtend.o
 *(.got.plt)
 *(.got)
 *(.shdata)
 *(.data .data.* .gnu.linkonce.d.*)
 .data          0x1fff80cc       0x10 .\CortexM3\ARM_GCC_541\Debug\Test_02.a(CyLib.o)
                0x1fff80cc                cydelay_32k_ms
                0x1fff80d0                cydelay_freq_khz
                0x1fff80d4                cydelay_freq_mhz
                0x1fff80d8                cydelay_freq_hz
 .data.impure_data
                0x1fff80dc       0x60 c:/program files (x86)/cypress/psoc creator/4.2/psoc creator/import/gnu/arm/5.4.1/bin/../lib/gcc/arm-none-eabi/5.4.1/../../../../arm-none-eabi/lib/armv7-m\libg_nano.a(lib_a-impure.o)
 .data._impure_ptr
                0x1fff813c        0x4 c:/program files (x86)/cypress/psoc creator/4.2/psoc creator/import/gnu/arm/5.4.1/bin/../lib/gcc/arm-none-eabi/5.4.1/../../../../arm-none-eabi/lib/armv7-m\libg_nano.a(lib_a-impure.o)
                0x1fff813c                _impure_ptr
                0x1fff8140                . = ALIGN (0x8)
 *(.ram)
                0x1fff8140                _edata = .

.igot.plt       0x1fff8140        0x0 load address 0x00001c08
 .igot.plt      0x1fff8140        0x0 c:/program files (x86)/cypress/psoc creator/4.2/psoc creator/import/gnu/arm/5.4.1/bin/../lib/gcc/arm-none-eabi/5.4.1/armv7-m/crtbegin.o

.bss            0x1fff8140       0x50 load address 0x00001c08
                0x1fff8140                PROVIDE (__bss_start__, .)
 *(.shbss)
 *(.bss .bss.* .gnu.linkonce.b.*)
 .bss           0x1fff8140       0x1c c:/program files (x86)/cypress/psoc creator/4.2/psoc creator/import/gnu/arm/5.4.1/bin/../lib/gcc/arm-none-eabi/5.4.1/armv7-m/crtbegin.o
 .bss           0x1fff815c       0x20 .\CortexM3\ARM_GCC_541\Debug\main.o
                0x1fff815c                obstacle
                0x1fff815e                iFreq
                0x1fff8160                dataReady
                0x1fff8164                puckdetected
                0x1fff8166                countL
                0x1fff8168                countR
                0x1fff816c                speedL
                0x1fff8170                speedR
                0x1fff8174                state
                0x1fff8178                color_detected
 .bss           0x1fff817c        0x1 .\CortexM3\ARM_GCC_541\Debug\Test_02.a(QuadDec_L.o)
                0x1fff817c                QuadDec_L_initVar
 .bss           0x1fff817d        0x1 .\CortexM3\ARM_GCC_541\Debug\Test_02.a(QuadDec_R.o)
                0x1fff817d                QuadDec_R_initVar
 .bss           0x1fff817e        0x1 .\CortexM3\ARM_GCC_541\Debug\Test_02.a(PWM_L.o)
                0x1fff817e                PWM_L_initVar
 .bss           0x1fff817f        0x1 .\CortexM3\ARM_GCC_541\Debug\Test_02.a(PWM_R.o)
                0x1fff817f                PWM_R_initVar
 .bss           0x1fff8180        0x1 .\CortexM3\ARM_GCC_541\Debug\Test_02.a(Servo_PWM.o)
                0x1fff8180                Servo_PWM_initVar
 .bss           0x1fff8181        0x1 .\CortexM3\ARM_GCC_541\Debug\Test_02.a(Color_Timer.o)
                0x1fff8181                Color_Timer_initVar
 .bss           0x1fff8182        0x1 .\CortexM3\ARM_GCC_541\Debug\Test_02.a(QuadDec_L_Cnt16.o)
                0x1fff8182                QuadDec_L_Cnt16_initVar
 .bss           0x1fff8183        0x1 .\CortexM3\ARM_GCC_541\Debug\Test_02.a(QuadDec_R_Cnt16.o)
                0x1fff8183                QuadDec_R_Cnt16_initVar
 .bss           0x1fff8184        0x2 .\CortexM3\ARM_GCC_541\Debug\Test_02.a(UART.o)
                0x1fff8184                UART_initVar
 .bss           0x1fff8186        0x1 .\CortexM3\ARM_GCC_541\Debug\Test_02.a(Color_Counter.o)
                0x1fff8186                Color_Counter_initVar
 .bss           0x1fff8187        0x1 .\CortexM3\ARM_GCC_541\Debug\Test_02.a(S1_Timer.o)
                0x1fff8187                S1_Timer_initVar
 .bss           0x1fff8188        0x1 .\CortexM3\ARM_GCC_541\Debug\Test_02.a(S2_Timer.o)
                0x1fff8188                S2_Timer_initVar
 *(COMMON)
                0x1fff8190                . = ALIGN (0x8)
 *fill*         0x1fff8189        0x7 
 *(.ram.b)
                0x1fff8190                _end = .
                0x1fff8190                __end = .
                0x1fff8190                PROVIDE (end, .)
                0x1fff8190                PROVIDE (__bss_end__, .)
                0x00001b90                __cy_region_init_ram = LOADADDR (.data)
                0x00000078                __cy_region_init_size_ram = (_edata - ADDR (.data))
                0x00000050                __cy_region_zero_size_ram = (_end - _edata)

.heap           0x1fff8190       0x80 load address 0x00001c08
                0x1fff8190                . = _end
                0x1fff8210                . = (. + 0x80)
 *fill*         0x1fff8190       0x80 
                0x1fff8210                __cy_heap_limit = .

.stack          0x20007800      0x800
                0x20007800                __cy_stack_limit = .
                0x20008000                . = (. + 0x800)
 *fill*         0x20007800      0x800 
                0x00000001                ASSERT ((__cy_stack_limit >= __cy_heap_limit), region RAM overflowed with stack)
                0x00000000                cy_checksum_exclude_size = (CY_APPL_LOADABLE == 0x1)?SIZEOF (.cy_checksum_exclude):0x0
                0x00000001                ASSERT ((cy_checksum_exclude_size <= CY_CHECKSUM_EXCLUDE_SIZE), CY_BOOT: Section .cy_checksum_exclude size exceedes specified limit.)

.cyloadermeta
 *(.cyloadermeta)

.cyloadablemeta
 *(.cyloadablemeta)

.cyconfigecc    0x80000000     0x11b8
 *(.cyconfigecc)
 .cyconfigecc   0x80000000     0x11b8 .\CortexM3\ARM_GCC_541\Debug\cymetadata.o
                0x80000000                cy_meta_configecc

.cycustnvl      0x90000000        0x4
 *(.cycustnvl)
 .cycustnvl     0x90000000        0x4 .\CortexM3\ARM_GCC_541\Debug\cymetadata.o
                0x90000000                cy_meta_custnvl

.cywolatch      0x90100000        0x4
 *(.cywolatch)
 .cywolatch     0x90100000        0x4 .\CortexM3\ARM_GCC_541\Debug\cymetadata.o
                0x90100000                cy_meta_wonvl

.cyeeprom       0x90200000        0x0
 *(.cyeeprom)
                0x00000001                ASSERT ((. <= ((0x90200000 + ee_offset) + ee_size)), .cyeeprom data will not fit in EEPROM)

.cyflashprotect
                0x90400000      0x100
 *(.cyflashprotect)
 .cyflashprotect
                0x90400000      0x100 .\CortexM3\ARM_GCC_541\Debug\cymetadata.o
                0x90400000                cy_meta_flashprotect

.cymeta         0x90500000        0xc
 *(.cymeta)
 .cymeta        0x90500000        0xc .\CortexM3\ARM_GCC_541\Debug\cymetadata.o
                0x90500000                cy_metadata

.rel.dyn        0x00001c08        0x0 load address 0x9050000c
 .rel.iplt      0x00001c08        0x0 c:/program files (x86)/cypress/psoc creator/4.2/psoc creator/import/gnu/arm/5.4.1/bin/../lib/gcc/arm-none-eabi/5.4.1/armv7-m/crtbegin.o

.stab
 *(.stab)

.stabstr
 *(.stabstr)

.debug
 *(.debug)

.line
 *(.line)

.debug_srcinfo
 *(.debug_srcinfo)

.debug_sfnames
 *(.debug_sfnames)

.debug_aranges  0x00000000     0x1258
 *(.debug_aranges)
 .debug_aranges
                0x00000000       0xa0 .\CortexM3\ARM_GCC_541\Debug\main.o
 .debug_aranges
                0x000000a0       0x58 .\CortexM3\ARM_GCC_541\Debug\cyfitter_cfg.o
 .debug_aranges
                0x000000f8       0x18 .\CortexM3\ARM_GCC_541\Debug\cymetadata.o
 .debug_aranges
                0x00000110       0x48 .\CortexM3\ARM_GCC_541\Debug\Cm3Start.o
 .debug_aranges
                0x00000158       0x60 .\CortexM3\ARM_GCC_541\Debug\Test_02.a(QuadDec_L.o)
 .debug_aranges
                0x000001b8       0x60 .\CortexM3\ARM_GCC_541\Debug\Test_02.a(QuadDec_R.o)
 .debug_aranges
                0x00000218       0xa8 .\CortexM3\ARM_GCC_541\Debug\Test_02.a(PWM_L.o)
 .debug_aranges
                0x000002c0       0xa8 .\CortexM3\ARM_GCC_541\Debug\Test_02.a(PWM_R.o)
 .debug_aranges
                0x00000368       0x38 .\CortexM3\ARM_GCC_541\Debug\Test_02.a(limitSW_2.o)
 .debug_aranges
                0x000003a0       0x38 .\CortexM3\ARM_GCC_541\Debug\Test_02.a(limitSW_1.o)
 .debug_aranges
                0x000003d8       0x38 .\CortexM3\ARM_GCC_541\Debug\Test_02.a(S1_Echo.o)
 .debug_aranges
                0x00000410       0x38 .\CortexM3\ARM_GCC_541\Debug\Test_02.a(S1_Trigger.o)
 .debug_aranges
                0x00000448       0x80 .\CortexM3\ARM_GCC_541\Debug\Test_02.a(isr_1.o)
 .debug_aranges
                0x000004c8       0x38 .\CortexM3\ARM_GCC_541\Debug\Test_02.a(Inbuilt_LED.o)
 .debug_aranges
                0x00000500       0x98 .\CortexM3\ARM_GCC_541\Debug\Test_02.a(Servo_PWM.o)
 .debug_aranges
                0x00000598       0x80 .\CortexM3\ARM_GCC_541\Debug\Test_02.a(isr_2.o)
 .debug_aranges
                0x00000618       0x90 .\CortexM3\ARM_GCC_541\Debug\Test_02.a(Color_Timer.o)
 .debug_aranges
                0x000006a8       0x28 .\CortexM3\ARM_GCC_541\Debug\Test_02.a(Control_Reg_Color.o)
 .debug_aranges
                0x000006d0       0x38 .\CortexM3\ARM_GCC_541\Debug\Test_02.a(Color_S0.o)
 .debug_aranges
                0x00000708       0x38 .\CortexM3\ARM_GCC_541\Debug\Test_02.a(Color_S1.o)
 .debug_aranges
                0x00000740       0x38 .\CortexM3\ARM_GCC_541\Debug\Test_02.a(Color_S2.o)
 .debug_aranges
                0x00000778       0x38 .\CortexM3\ARM_GCC_541\Debug\Test_02.a(Color_S3.o)
 .debug_aranges
                0x000007b0       0x38 .\CortexM3\ARM_GCC_541\Debug\Test_02.a(Color_LED.o)
 .debug_aranges
                0x000007e8       0x38 .\CortexM3\ARM_GCC_541\Debug\Test_02.a(RED_LED.o)
 .debug_aranges
                0x00000820       0x38 .\CortexM3\ARM_GCC_541\Debug\Test_02.a(GREEN_LED.o)
 .debug_aranges
                0x00000858       0x38 .\CortexM3\ARM_GCC_541\Debug\Test_02.a(BLUE_LED.o)
 .debug_aranges
                0x00000890       0x98 .\CortexM3\ARM_GCC_541\Debug\Test_02.a(QuadDec_L_Cnt16.o)
 .debug_aranges
                0x00000928       0x98 .\CortexM3\ARM_GCC_541\Debug\Test_02.a(QuadDec_R_Cnt16.o)
 .debug_aranges
                0x000009c0      0x2a0 .\CortexM3\ARM_GCC_541\Debug\Test_02.a(CyLib.o)
 .debug_aranges
                0x00000c60       0x98 .\CortexM3\ARM_GCC_541\Debug\Test_02.a(cyPm.o)
 .debug_aranges
                0x00000cf8       0x20 .\CortexM3\ARM_GCC_541\Debug\Test_02.a(cyutils.o)
 .debug_aranges
                0x00000d18       0xf0 .\CortexM3\ARM_GCC_541\Debug\Test_02.a(UART.o)
 .debug_aranges
                0x00000e08       0x98 .\CortexM3\ARM_GCC_541\Debug\Test_02.a(Color_Counter.o)
 .debug_aranges
                0x00000ea0       0x70 .\CortexM3\ARM_GCC_541\Debug\Test_02.a(UART_IntClock.o)
 .debug_aranges
                0x00000f10       0x98 .\CortexM3\ARM_GCC_541\Debug\Test_02.a(S1_Timer.o)
 .debug_aranges
                0x00000fa8       0x80 .\CortexM3\ARM_GCC_541\Debug\Test_02.a(isr_3.o)
 .debug_aranges
                0x00001028       0x98 .\CortexM3\ARM_GCC_541\Debug\Test_02.a(S2_Timer.o)
 .debug_aranges
                0x000010c0       0x38 .\CortexM3\ARM_GCC_541\Debug\Test_02.a(S2_Echo.o)
 .debug_aranges
                0x000010f8       0x38 .\CortexM3\ARM_GCC_541\Debug\Test_02.a(S2_Trigger.o)
 .debug_aranges
                0x00001130       0x20 .\CortexM3\ARM_GCC_541\Debug\Test_02.a(CyBootAsmGnu.o)
 .debug_aranges
                0x00001150       0x88 .\CortexM3\ARM_GCC_541\Debug\Test_02.a(CyFlash.o)
 .debug_aranges
                0x000011d8       0x80 .\CortexM3\ARM_GCC_541\Debug\Test_02.a(CySpc.o)

.debug_pubnames
 *(.debug_pubnames)

.debug_info     0x00000000     0x8bf3
 *(.debug_info .gnu.linkonce.wi.*)
 .debug_info    0x00000000      0xf9e .\CortexM3\ARM_GCC_541\Debug\main.o
 .debug_info    0x00000f9e      0x603 .\CortexM3\ARM_GCC_541\Debug\cyfitter_cfg.o
 .debug_info    0x000015a1      0x139 .\CortexM3\ARM_GCC_541\Debug\cymetadata.o
 .debug_info    0x000016da      0x3bb .\CortexM3\ARM_GCC_541\Debug\Cm3Start.o
 .debug_info    0x00001a95      0x2d4 .\CortexM3\ARM_GCC_541\Debug\Test_02.a(QuadDec_L.o)
 .debug_info    0x00001d69      0x2d4 .\CortexM3\ARM_GCC_541\Debug\Test_02.a(QuadDec_R.o)
 .debug_info    0x0000203d      0x39e .\CortexM3\ARM_GCC_541\Debug\Test_02.a(PWM_L.o)
 .debug_info    0x000023db      0x39e .\CortexM3\ARM_GCC_541\Debug\Test_02.a(PWM_R.o)
 .debug_info    0x00002779      0x11f .\CortexM3\ARM_GCC_541\Debug\Test_02.a(limitSW_2.o)
 .debug_info    0x00002898      0x11f .\CortexM3\ARM_GCC_541\Debug\Test_02.a(limitSW_1.o)
 .debug_info    0x000029b7      0x11f .\CortexM3\ARM_GCC_541\Debug\Test_02.a(S1_Echo.o)
 .debug_info    0x00002ad6      0x11f .\CortexM3\ARM_GCC_541\Debug\Test_02.a(S1_Trigger.o)
 .debug_info    0x00002bf5      0x2d2 .\CortexM3\ARM_GCC_541\Debug\Test_02.a(isr_1.o)
 .debug_info    0x00002ec7      0x11f .\CortexM3\ARM_GCC_541\Debug\Test_02.a(Inbuilt_LED.o)
 .debug_info    0x00002fe6      0x352 .\CortexM3\ARM_GCC_541\Debug\Test_02.a(Servo_PWM.o)
 .debug_info    0x00003338      0x2d2 .\CortexM3\ARM_GCC_541\Debug\Test_02.a(isr_2.o)
 .debug_info    0x0000360a      0x332 .\CortexM3\ARM_GCC_541\Debug\Test_02.a(Color_Timer.o)
 .debug_info    0x0000393c       0xd6 .\CortexM3\ARM_GCC_541\Debug\Test_02.a(Control_Reg_Color.o)
 .debug_info    0x00003a12      0x11f .\CortexM3\ARM_GCC_541\Debug\Test_02.a(Color_S0.o)
 .debug_info    0x00003b31      0x11f .\CortexM3\ARM_GCC_541\Debug\Test_02.a(Color_S1.o)
 .debug_info    0x00003c50      0x11f .\CortexM3\ARM_GCC_541\Debug\Test_02.a(Color_S2.o)
 .debug_info    0x00003d6f      0x11f .\CortexM3\ARM_GCC_541\Debug\Test_02.a(Color_S3.o)
 .debug_info    0x00003e8e      0x11f .\CortexM3\ARM_GCC_541\Debug\Test_02.a(Color_LED.o)
 .debug_info    0x00003fad      0x11f .\CortexM3\ARM_GCC_541\Debug\Test_02.a(RED_LED.o)
 .debug_info    0x000040cc      0x11f .\CortexM3\ARM_GCC_541\Debug\Test_02.a(GREEN_LED.o)
 .debug_info    0x000041eb      0x11f .\CortexM3\ARM_GCC_541\Debug\Test_02.a(BLUE_LED.o)
 .debug_info    0x0000430a      0x348 .\CortexM3\ARM_GCC_541\Debug\Test_02.a(QuadDec_L_Cnt16.o)
 .debug_info    0x00004652      0x348 .\CortexM3\ARM_GCC_541\Debug\Test_02.a(QuadDec_R_Cnt16.o)
 .debug_info    0x0000499a     0x1374 .\CortexM3\ARM_GCC_541\Debug\Test_02.a(CyLib.o)
 .debug_info    0x00005d0e      0xa2a .\CortexM3\ARM_GCC_541\Debug\Test_02.a(cyPm.o)
 .debug_info    0x00006738       0xee .\CortexM3\ARM_GCC_541\Debug\Test_02.a(cyutils.o)
 .debug_info    0x00006826      0x60c .\CortexM3\ARM_GCC_541\Debug\Test_02.a(UART.o)
 .debug_info    0x00006e32      0x3a7 .\CortexM3\ARM_GCC_541\Debug\Test_02.a(Color_Counter.o)
 .debug_info    0x000071d9      0x283 .\CortexM3\ARM_GCC_541\Debug\Test_02.a(UART_IntClock.o)
 .debug_info    0x0000745c      0x328 .\CortexM3\ARM_GCC_541\Debug\Test_02.a(S1_Timer.o)
 .debug_info    0x00007784      0x2d2 .\CortexM3\ARM_GCC_541\Debug\Test_02.a(isr_3.o)
 .debug_info    0x00007a56      0x328 .\CortexM3\ARM_GCC_541\Debug\Test_02.a(S2_Timer.o)
 .debug_info    0x00007d7e      0x11f .\CortexM3\ARM_GCC_541\Debug\Test_02.a(S2_Echo.o)
 .debug_info    0x00007e9d      0x11f .\CortexM3\ARM_GCC_541\Debug\Test_02.a(S2_Trigger.o)
 .debug_info    0x00007fbc       0x9a .\CortexM3\ARM_GCC_541\Debug\Test_02.a(CyBootAsmGnu.o)
 .debug_info    0x00008056      0x64d .\CortexM3\ARM_GCC_541\Debug\Test_02.a(CyFlash.o)
 .debug_info    0x000086a3      0x550 .\CortexM3\ARM_GCC_541\Debug\Test_02.a(CySpc.o)

.debug_abbrev   0x00000000     0x2b83
 *(.debug_abbrev)
 .debug_abbrev  0x00000000      0x1d9 .\CortexM3\ARM_GCC_541\Debug\main.o
 .debug_abbrev  0x000001d9      0x20d .\CortexM3\ARM_GCC_541\Debug\cyfitter_cfg.o
 .debug_abbrev  0x000003e6       0x77 .\CortexM3\ARM_GCC_541\Debug\cymetadata.o
 .debug_abbrev  0x0000045d      0x1e8 .\CortexM3\ARM_GCC_541\Debug\Cm3Start.o
 .debug_abbrev  0x00000645      0x151 .\CortexM3\ARM_GCC_541\Debug\Test_02.a(QuadDec_L.o)
 .debug_abbrev  0x00000796      0x151 .\CortexM3\ARM_GCC_541\Debug\Test_02.a(QuadDec_R.o)
 .debug_abbrev  0x000008e7      0x133 .\CortexM3\ARM_GCC_541\Debug\Test_02.a(PWM_L.o)
 .debug_abbrev  0x00000a1a      0x133 .\CortexM3\ARM_GCC_541\Debug\Test_02.a(PWM_R.o)
 .debug_abbrev  0x00000b4d       0x90 .\CortexM3\ARM_GCC_541\Debug\Test_02.a(limitSW_2.o)
 .debug_abbrev  0x00000bdd       0x90 .\CortexM3\ARM_GCC_541\Debug\Test_02.a(limitSW_1.o)
 .debug_abbrev  0x00000c6d       0x90 .\CortexM3\ARM_GCC_541\Debug\Test_02.a(S1_Echo.o)
 .debug_abbrev  0x00000cfd       0x90 .\CortexM3\ARM_GCC_541\Debug\Test_02.a(S1_Trigger.o)
 .debug_abbrev  0x00000d8d      0x173 .\CortexM3\ARM_GCC_541\Debug\Test_02.a(isr_1.o)
 .debug_abbrev  0x00000f00       0x90 .\CortexM3\ARM_GCC_541\Debug\Test_02.a(Inbuilt_LED.o)
 .debug_abbrev  0x00000f90      0x133 .\CortexM3\ARM_GCC_541\Debug\Test_02.a(Servo_PWM.o)
 .debug_abbrev  0x000010c3      0x173 .\CortexM3\ARM_GCC_541\Debug\Test_02.a(isr_2.o)
 .debug_abbrev  0x00001236      0x14b .\CortexM3\ARM_GCC_541\Debug\Test_02.a(Color_Timer.o)
 .debug_abbrev  0x00001381       0x81 .\CortexM3\ARM_GCC_541\Debug\Test_02.a(Control_Reg_Color.o)
 .debug_abbrev  0x00001402       0x90 .\CortexM3\ARM_GCC_541\Debug\Test_02.a(Color_S0.o)
 .debug_abbrev  0x00001492       0x90 .\CortexM3\ARM_GCC_541\Debug\Test_02.a(Color_S1.o)
 .debug_abbrev  0x00001522       0x90 .\CortexM3\ARM_GCC_541\Debug\Test_02.a(Color_S2.o)
 .debug_abbrev  0x000015b2       0x90 .\CortexM3\ARM_GCC_541\Debug\Test_02.a(Color_S3.o)
 .debug_abbrev  0x00001642       0x90 .\CortexM3\ARM_GCC_541\Debug\Test_02.a(Color_LED.o)
 .debug_abbrev  0x000016d2       0x90 .\CortexM3\ARM_GCC_541\Debug\Test_02.a(RED_LED.o)
 .debug_abbrev  0x00001762       0x90 .\CortexM3\ARM_GCC_541\Debug\Test_02.a(GREEN_LED.o)
 .debug_abbrev  0x000017f2       0x90 .\CortexM3\ARM_GCC_541\Debug\Test_02.a(BLUE_LED.o)
 .debug_abbrev  0x00001882      0x117 .\CortexM3\ARM_GCC_541\Debug\Test_02.a(QuadDec_L_Cnt16.o)
 .debug_abbrev  0x00001999      0x117 .\CortexM3\ARM_GCC_541\Debug\Test_02.a(QuadDec_R_Cnt16.o)
 .debug_abbrev  0x00001ab0      0x254 .\CortexM3\ARM_GCC_541\Debug\Test_02.a(CyLib.o)
 .debug_abbrev  0x00001d04      0x1ab .\CortexM3\ARM_GCC_541\Debug\Test_02.a(cyPm.o)
 .debug_abbrev  0x00001eaf       0x8e .\CortexM3\ARM_GCC_541\Debug\Test_02.a(cyutils.o)
 .debug_abbrev  0x00001f3d      0x175 .\CortexM3\ARM_GCC_541\Debug\Test_02.a(UART.o)
 .debug_abbrev  0x000020b2      0x142 .\CortexM3\ARM_GCC_541\Debug\Test_02.a(Color_Counter.o)
 .debug_abbrev  0x000021f4      0x139 .\CortexM3\ARM_GCC_541\Debug\Test_02.a(UART_IntClock.o)
 .debug_abbrev  0x0000232d      0x13a .\CortexM3\ARM_GCC_541\Debug\Test_02.a(S1_Timer.o)
 .debug_abbrev  0x00002467      0x173 .\CortexM3\ARM_GCC_541\Debug\Test_02.a(isr_3.o)
 .debug_abbrev  0x000025da      0x13a .\CortexM3\ARM_GCC_541\Debug\Test_02.a(S2_Timer.o)
 .debug_abbrev  0x00002714       0x90 .\CortexM3\ARM_GCC_541\Debug\Test_02.a(S2_Echo.o)
 .debug_abbrev  0x000027a4       0x90 .\CortexM3\ARM_GCC_541\Debug\Test_02.a(S2_Trigger.o)
 .debug_abbrev  0x00002834       0x14 .\CortexM3\ARM_GCC_541\Debug\Test_02.a(CyBootAsmGnu.o)
 .debug_abbrev  0x00002848      0x1a7 .\CortexM3\ARM_GCC_541\Debug\Test_02.a(CyFlash.o)
 .debug_abbrev  0x000029ef      0x194 .\CortexM3\ARM_GCC_541\Debug\Test_02.a(CySpc.o)

.debug_line     0x00000000     0x3cc3
 *(.debug_line)
 .debug_line    0x00000000      0x535 .\CortexM3\ARM_GCC_541\Debug\main.o
 .debug_line    0x00000535      0x205 .\CortexM3\ARM_GCC_541\Debug\cyfitter_cfg.o
 .debug_line    0x0000073a      0x141 .\CortexM3\ARM_GCC_541\Debug\cymetadata.o
 .debug_line    0x0000087b      0x234 .\CortexM3\ARM_GCC_541\Debug\Cm3Start.o
 .debug_line    0x00000aaf      0x11e .\CortexM3\ARM_GCC_541\Debug\Test_02.a(QuadDec_L.o)
 .debug_line    0x00000bcd      0x11e .\CortexM3\ARM_GCC_541\Debug\Test_02.a(QuadDec_R.o)
 .debug_line    0x00000ceb      0x1ac .\CortexM3\ARM_GCC_541\Debug\Test_02.a(PWM_L.o)
 .debug_line    0x00000e97      0x1ac .\CortexM3\ARM_GCC_541\Debug\Test_02.a(PWM_R.o)
 .debug_line    0x00001043       0x96 .\CortexM3\ARM_GCC_541\Debug\Test_02.a(limitSW_2.o)
 .debug_line    0x000010d9       0x96 .\CortexM3\ARM_GCC_541\Debug\Test_02.a(limitSW_1.o)
 .debug_line    0x0000116f       0x94 .\CortexM3\ARM_GCC_541\Debug\Test_02.a(S1_Echo.o)
 .debug_line    0x00001203       0x97 .\CortexM3\ARM_GCC_541\Debug\Test_02.a(S1_Trigger.o)
 .debug_line    0x0000129a      0x132 .\CortexM3\ARM_GCC_541\Debug\Test_02.a(isr_1.o)
 .debug_line    0x000013cc       0x98 .\CortexM3\ARM_GCC_541\Debug\Test_02.a(Inbuilt_LED.o)
 .debug_line    0x00001464      0x18c .\CortexM3\ARM_GCC_541\Debug\Test_02.a(Servo_PWM.o)
 .debug_line    0x000015f0      0x132 .\CortexM3\ARM_GCC_541\Debug\Test_02.a(isr_2.o)
 .debug_line    0x00001722      0x176 .\CortexM3\ARM_GCC_541\Debug\Test_02.a(Color_Timer.o)
 .debug_line    0x00001898       0x79 .\CortexM3\ARM_GCC_541\Debug\Test_02.a(Control_Reg_Color.o)
 .debug_line    0x00001911       0x95 .\CortexM3\ARM_GCC_541\Debug\Test_02.a(Color_S0.o)
 .debug_line    0x000019a6       0x95 .\CortexM3\ARM_GCC_541\Debug\Test_02.a(Color_S1.o)
 .debug_line    0x00001a3b       0x95 .\CortexM3\ARM_GCC_541\Debug\Test_02.a(Color_S2.o)
 .debug_line    0x00001ad0       0x95 .\CortexM3\ARM_GCC_541\Debug\Test_02.a(Color_S3.o)
 .debug_line    0x00001b65       0x96 .\CortexM3\ARM_GCC_541\Debug\Test_02.a(Color_LED.o)
 .debug_line    0x00001bfb       0x94 .\CortexM3\ARM_GCC_541\Debug\Test_02.a(RED_LED.o)
 .debug_line    0x00001c8f       0x96 .\CortexM3\ARM_GCC_541\Debug\Test_02.a(GREEN_LED.o)
 .debug_line    0x00001d25       0x95 .\CortexM3\ARM_GCC_541\Debug\Test_02.a(BLUE_LED.o)
 .debug_line    0x00001dba      0x18f .\CortexM3\ARM_GCC_541\Debug\Test_02.a(QuadDec_L_Cnt16.o)
 .debug_line    0x00001f49      0x18f .\CortexM3\ARM_GCC_541\Debug\Test_02.a(QuadDec_R_Cnt16.o)
 .debug_line    0x000020d8      0x816 .\CortexM3\ARM_GCC_541\Debug\Test_02.a(CyLib.o)
 .debug_line    0x000028ee      0x367 .\CortexM3\ARM_GCC_541\Debug\Test_02.a(cyPm.o)
 .debug_line    0x00002c55       0x60 .\CortexM3\ARM_GCC_541\Debug\Test_02.a(cyutils.o)
 .debug_line    0x00002cb5      0x2bc .\CortexM3\ARM_GCC_541\Debug\Test_02.a(UART.o)
 .debug_line    0x00002f71      0x18f .\CortexM3\ARM_GCC_541\Debug\Test_02.a(Color_Counter.o)
 .debug_line    0x00003100      0x17c .\CortexM3\ARM_GCC_541\Debug\Test_02.a(UART_IntClock.o)
 .debug_line    0x0000327c      0x185 .\CortexM3\ARM_GCC_541\Debug\Test_02.a(S1_Timer.o)
 .debug_line    0x00003401      0x132 .\CortexM3\ARM_GCC_541\Debug\Test_02.a(isr_3.o)
 .debug_line    0x00003533      0x185 .\CortexM3\ARM_GCC_541\Debug\Test_02.a(S2_Timer.o)
 .debug_line    0x000036b8       0x94 .\CortexM3\ARM_GCC_541\Debug\Test_02.a(S2_Echo.o)
 .debug_line    0x0000374c       0x97 .\CortexM3\ARM_GCC_541\Debug\Test_02.a(S2_Trigger.o)
 .debug_line    0x000037e3       0x66 .\CortexM3\ARM_GCC_541\Debug\Test_02.a(CyBootAsmGnu.o)
 .debug_line    0x00003849      0x21a .\CortexM3\ARM_GCC_541\Debug\Test_02.a(CyFlash.o)
 .debug_line    0x00003a63      0x260 .\CortexM3\ARM_GCC_541\Debug\Test_02.a(CySpc.o)

.debug_frame    0x00000000     0x28b4
 *(.debug_frame)
 .debug_frame   0x00000000      0x1e4 .\CortexM3\ARM_GCC_541\Debug\main.o
 .debug_frame   0x000001e4       0xe4 .\CortexM3\ARM_GCC_541\Debug\cyfitter_cfg.o
 .debug_frame   0x000002c8       0xb8 .\CortexM3\ARM_GCC_541\Debug\Cm3Start.o
 .debug_frame   0x00000380       0xdc .\CortexM3\ARM_GCC_541\Debug\Test_02.a(QuadDec_L.o)
 .debug_frame   0x0000045c       0xdc .\CortexM3\ARM_GCC_541\Debug\Test_02.a(QuadDec_R.o)
 .debug_frame   0x00000538      0x154 .\CortexM3\ARM_GCC_541\Debug\Test_02.a(PWM_L.o)
 .debug_frame   0x0000068c      0x154 .\CortexM3\ARM_GCC_541\Debug\Test_02.a(PWM_R.o)
 .debug_frame   0x000007e0       0x50 .\CortexM3\ARM_GCC_541\Debug\Test_02.a(limitSW_2.o)
 .debug_frame   0x00000830       0x50 .\CortexM3\ARM_GCC_541\Debug\Test_02.a(limitSW_1.o)
 .debug_frame   0x00000880       0x50 .\CortexM3\ARM_GCC_541\Debug\Test_02.a(S1_Echo.o)
 .debug_frame   0x000008d0       0x50 .\CortexM3\ARM_GCC_541\Debug\Test_02.a(S1_Trigger.o)
 .debug_frame   0x00000920      0x104 .\CortexM3\ARM_GCC_541\Debug\Test_02.a(isr_1.o)
 .debug_frame   0x00000a24       0x50 .\CortexM3\ARM_GCC_541\Debug\Test_02.a(Inbuilt_LED.o)
 .debug_frame   0x00000a74      0x134 .\CortexM3\ARM_GCC_541\Debug\Test_02.a(Servo_PWM.o)
 .debug_frame   0x00000ba8      0x104 .\CortexM3\ARM_GCC_541\Debug\Test_02.a(isr_2.o)
 .debug_frame   0x00000cac      0x13c .\CortexM3\ARM_GCC_541\Debug\Test_02.a(Color_Timer.o)
 .debug_frame   0x00000de8       0x30 .\CortexM3\ARM_GCC_541\Debug\Test_02.a(Control_Reg_Color.o)
 .debug_frame   0x00000e18       0x50 .\CortexM3\ARM_GCC_541\Debug\Test_02.a(Color_S0.o)
 .debug_frame   0x00000e68       0x50 .\CortexM3\ARM_GCC_541\Debug\Test_02.a(Color_S1.o)
 .debug_frame   0x00000eb8       0x50 .\CortexM3\ARM_GCC_541\Debug\Test_02.a(Color_S2.o)
 .debug_frame   0x00000f08       0x50 .\CortexM3\ARM_GCC_541\Debug\Test_02.a(Color_S3.o)
 .debug_frame   0x00000f58       0x50 .\CortexM3\ARM_GCC_541\Debug\Test_02.a(Color_LED.o)
 .debug_frame   0x00000fa8       0x50 .\CortexM3\ARM_GCC_541\Debug\Test_02.a(RED_LED.o)
 .debug_frame   0x00000ff8       0x50 .\CortexM3\ARM_GCC_541\Debug\Test_02.a(GREEN_LED.o)
 .debug_frame   0x00001048       0x50 .\CortexM3\ARM_GCC_541\Debug\Test_02.a(BLUE_LED.o)
 .debug_frame   0x00001098      0x134 .\CortexM3\ARM_GCC_541\Debug\Test_02.a(QuadDec_L_Cnt16.o)
 .debug_frame   0x000011cc      0x134 .\CortexM3\ARM_GCC_541\Debug\Test_02.a(QuadDec_R_Cnt16.o)
 .debug_frame   0x00001300      0x738 .\CortexM3\ARM_GCC_541\Debug\Test_02.a(CyLib.o)
 .debug_frame   0x00001a38      0x1f8 .\CortexM3\ARM_GCC_541\Debug\Test_02.a(cyPm.o)
 .debug_frame   0x00001c30       0x20 .\CortexM3\ARM_GCC_541\Debug\Test_02.a(cyutils.o)
 .debug_frame   0x00001c50      0x250 .\CortexM3\ARM_GCC_541\Debug\Test_02.a(UART.o)
 .debug_frame   0x00001ea0      0x158 .\CortexM3\ARM_GCC_541\Debug\Test_02.a(Color_Counter.o)
 .debug_frame   0x00001ff8       0xe0 .\CortexM3\ARM_GCC_541\Debug\Test_02.a(UART_IntClock.o)
 .debug_frame   0x000020d8      0x134 .\CortexM3\ARM_GCC_541\Debug\Test_02.a(S1_Timer.o)
 .debug_frame   0x0000220c      0x104 .\CortexM3\ARM_GCC_541\Debug\Test_02.a(isr_3.o)
 .debug_frame   0x00002310      0x134 .\CortexM3\ARM_GCC_541\Debug\Test_02.a(S2_Timer.o)
 .debug_frame   0x00002444       0x50 .\CortexM3\ARM_GCC_541\Debug\Test_02.a(S2_Echo.o)
 .debug_frame   0x00002494       0x50 .\CortexM3\ARM_GCC_541\Debug\Test_02.a(S2_Trigger.o)
 .debug_frame   0x000024e4      0x194 .\CortexM3\ARM_GCC_541\Debug\Test_02.a(CyFlash.o)
 .debug_frame   0x00002678      0x180 .\CortexM3\ARM_GCC_541\Debug\Test_02.a(CySpc.o)
 .debug_frame   0x000027f8       0x20 c:/program files (x86)/cypress/psoc creator/4.2/psoc creator/import/gnu/arm/5.4.1/bin/../lib/gcc/arm-none-eabi/5.4.1/../../../../arm-none-eabi/lib/armv7-m\libg_nano.a(lib_a-errno.o)
 .debug_frame   0x00002818       0x28 c:/program files (x86)/cypress/psoc creator/4.2/psoc creator/import/gnu/arm/5.4.1/bin/../lib/gcc/arm-none-eabi/5.4.1/../../../../arm-none-eabi/lib/armv7-m\libg_nano.a(lib_a-exit.o)
 .debug_frame   0x00002840       0x2c c:/program files (x86)/cypress/psoc creator/4.2/psoc creator/import/gnu/arm/5.4.1/bin/../lib/gcc/arm-none-eabi/5.4.1/../../../../arm-none-eabi/lib/armv7-m\libg_nano.a(lib_a-init.o)
 .debug_frame   0x0000286c       0x28 c:/program files (x86)/cypress/psoc creator/4.2/psoc creator/import/gnu/arm/5.4.1/bin/../lib/gcc/arm-none-eabi/5.4.1/../../../../arm-none-eabi/lib/armv7-m\libg_nano.a(lib_a-memcpy-stub.o)
 .debug_frame   0x00002894       0x20 c:/program files (x86)/cypress/psoc creator/4.2/psoc creator/import/gnu/arm/5.4.1/bin/../lib/gcc/arm-none-eabi/5.4.1/../../../../arm-none-eabi/lib/armv7-m\libg_nano.a(lib_a-memset.o)

.debug_str      0x00000000     0x3494
 *(.debug_str)
 .debug_str     0x00000000      0x650 .\CortexM3\ARM_GCC_541\Debug\main.o
                                0x6b1 (size before relaxing)
 .debug_str     0x00000650      0x1c2 .\CortexM3\ARM_GCC_541\Debug\cyfitter_cfg.o
                                0x354 (size before relaxing)
 .debug_str     0x00000812       0x7f .\CortexM3\ARM_GCC_541\Debug\cymetadata.o
                                0x1ee (size before relaxing)
 .debug_str     0x00000891      0x13e .\CortexM3\ARM_GCC_541\Debug\Cm3Start.o
                                0x314 (size before relaxing)
 .debug_str     0x000009cf      0x15c .\CortexM3\ARM_GCC_541\Debug\Test_02.a(QuadDec_L.o)
                                0x345 (size before relaxing)
 .debug_str     0x00000b2b      0x112 .\CortexM3\ARM_GCC_541\Debug\Test_02.a(QuadDec_R.o)
                                0x345 (size before relaxing)
 .debug_str     0x00000c3d      0x193 .\CortexM3\ARM_GCC_541\Debug\Test_02.a(PWM_L.o)
                                0x391 (size before relaxing)
 .debug_str     0x00000dd0      0x15a .\CortexM3\ARM_GCC_541\Debug\Test_02.a(PWM_R.o)
                                0x391 (size before relaxing)
 .debug_str     0x00000f2a       0x70 .\CortexM3\ARM_GCC_541\Debug\Test_02.a(limitSW_2.o)
                                0x200 (size before relaxing)
 .debug_str     0x00000f9a       0x60 .\CortexM3\ARM_GCC_541\Debug\Test_02.a(limitSW_1.o)
                                0x200 (size before relaxing)
 .debug_str     0x00000ffa       0x58 .\CortexM3\ARM_GCC_541\Debug\Test_02.a(S1_Echo.o)
                                0x1f6 (size before relaxing)
 .debug_str     0x00001052       0x63 .\CortexM3\ARM_GCC_541\Debug\Test_02.a(S1_Trigger.o)
                                0x205 (size before relaxing)
 .debug_str     0x000010b5       0xf0 .\CortexM3\ARM_GCC_541\Debug\Test_02.a(isr_1.o)
                                0x2b0 (size before relaxing)
 .debug_str     0x000011a5       0x67 .\CortexM3\ARM_GCC_541\Debug\Test_02.a(Inbuilt_LED.o)
                                0x20a (size before relaxing)
 .debug_str     0x0000120c      0x18a .\CortexM3\ARM_GCC_541\Debug\Test_02.a(Servo_PWM.o)
                                0x3b4 (size before relaxing)
 .debug_str     0x00001396       0xd8 .\CortexM3\ARM_GCC_541\Debug\Test_02.a(isr_2.o)
                                0x2b0 (size before relaxing)
 .debug_str     0x0000146e      0x18b .\CortexM3\ARM_GCC_541\Debug\Test_02.a(Color_Timer.o)
                                0x3bc (size before relaxing)
 .debug_str     0x000015f9       0x42 .\CortexM3\ARM_GCC_541\Debug\Test_02.a(Control_Reg_Color.o)
                                0x1dd (size before relaxing)
 .debug_str     0x0000163b       0x5b .\CortexM3\ARM_GCC_541\Debug\Test_02.a(Color_S0.o)
                                0x1fb (size before relaxing)
 .debug_str     0x00001696       0x5b .\CortexM3\ARM_GCC_541\Debug\Test_02.a(Color_S1.o)
                                0x1fb (size before relaxing)
 .debug_str     0x000016f1       0x5b .\CortexM3\ARM_GCC_541\Debug\Test_02.a(Color_S2.o)
                                0x1fb (size before relaxing)
 .debug_str     0x0000174c       0x5b .\CortexM3\ARM_GCC_541\Debug\Test_02.a(Color_S3.o)
                                0x1fb (size before relaxing)
 .debug_str     0x000017a7       0x5f .\CortexM3\ARM_GCC_541\Debug\Test_02.a(Color_LED.o)
                                0x200 (size before relaxing)
 .debug_str     0x00001806       0x57 .\CortexM3\ARM_GCC_541\Debug\Test_02.a(RED_LED.o)
                                0x1f6 (size before relaxing)
 .debug_str     0x0000185d       0x5f .\CortexM3\ARM_GCC_541\Debug\Test_02.a(GREEN_LED.o)
                                0x200 (size before relaxing)
 .debug_str     0x000018bc       0x5b .\CortexM3\ARM_GCC_541\Debug\Test_02.a(BLUE_LED.o)
                                0x1fb (size before relaxing)
 .debug_str     0x00001917      0x1ce .\CortexM3\ARM_GCC_541\Debug\Test_02.a(QuadDec_L_Cnt16.o)
                                0x420 (size before relaxing)
 .debug_str     0x00001ae5      0x1bf .\CortexM3\ARM_GCC_541\Debug\Test_02.a(QuadDec_R_Cnt16.o)
                                0x420 (size before relaxing)
 .debug_str     0x00001ca4      0x7d9 .\CortexM3\ARM_GCC_541\Debug\Test_02.a(CyLib.o)
                                0xa51 (size before relaxing)
 .debug_str     0x0000247d      0x365 .\CortexM3\ARM_GCC_541\Debug\Test_02.a(cyPm.o)
                                0x73d (size before relaxing)
 .debug_str     0x000027e2       0x2e .\CortexM3\ARM_GCC_541\Debug\Test_02.a(cyutils.o)
                                0x1bc (size before relaxing)
 .debug_str     0x00002810      0x283 .\CortexM3\ARM_GCC_541\Debug\Test_02.a(UART.o)
                                0x47f (size before relaxing)
 .debug_str     0x00002a93      0x1bc .\CortexM3\ARM_GCC_541\Debug\Test_02.a(Color_Counter.o)
                                0x405 (size before relaxing)
 .debug_str     0x00002c4f      0x183 .\CortexM3\ARM_GCC_541\Debug\Test_02.a(UART_IntClock.o)
                                0x340 (size before relaxing)
 .debug_str     0x00002dd2      0x175 .\CortexM3\ARM_GCC_541\Debug\Test_02.a(S1_Timer.o)
                                0x3a5 (size before relaxing)
 .debug_str     0x00002f47       0xc5 .\CortexM3\ARM_GCC_541\Debug\Test_02.a(isr_3.o)
                                0x2b0 (size before relaxing)
 .debug_str     0x0000300c      0x166 .\CortexM3\ARM_GCC_541\Debug\Test_02.a(S2_Timer.o)
                                0x3a5 (size before relaxing)
 .debug_str     0x00003172       0x58 .\CortexM3\ARM_GCC_541\Debug\Test_02.a(S2_Echo.o)
                                0x1f6 (size before relaxing)
 .debug_str     0x000031ca       0x63 .\CortexM3\ARM_GCC_541\Debug\Test_02.a(S2_Trigger.o)
                                0x205 (size before relaxing)
 .debug_str     0x0000322d      0x1bb .\CortexM3\ARM_GCC_541\Debug\Test_02.a(CyFlash.o)
                                0x3ca (size before relaxing)
 .debug_str     0x000033e8       0xac .\CortexM3\ARM_GCC_541\Debug\Test_02.a(CySpc.o)
                                0x342 (size before relaxing)

.debug_loc      0x00000000     0x2946
 *(.debug_loc)
 .debug_loc     0x00000000      0x2ee .\CortexM3\ARM_GCC_541\Debug\main.o
 .debug_loc     0x000002ee      0x289 .\CortexM3\ARM_GCC_541\Debug\cyfitter_cfg.o
 .debug_loc     0x00000577      0x144 .\CortexM3\ARM_GCC_541\Debug\Cm3Start.o
 .debug_loc     0x000006bb       0x78 .\CortexM3\ARM_GCC_541\Debug\Test_02.a(QuadDec_L.o)
 .debug_loc     0x00000733       0x78 .\CortexM3\ARM_GCC_541\Debug\Test_02.a(QuadDec_R.o)
 .debug_loc     0x000007ab       0x26 .\CortexM3\ARM_GCC_541\Debug\Test_02.a(PWM_L.o)
 .debug_loc     0x000007d1       0x26 .\CortexM3\ARM_GCC_541\Debug\Test_02.a(PWM_R.o)
 .debug_loc     0x000007f7       0x42 .\CortexM3\ARM_GCC_541\Debug\Test_02.a(limitSW_2.o)
 .debug_loc     0x00000839       0x42 .\CortexM3\ARM_GCC_541\Debug\Test_02.a(limitSW_1.o)
 .debug_loc     0x0000087b       0x42 .\CortexM3\ARM_GCC_541\Debug\Test_02.a(S1_Echo.o)
 .debug_loc     0x000008bd       0x42 .\CortexM3\ARM_GCC_541\Debug\Test_02.a(S1_Trigger.o)
 .debug_loc     0x000008ff       0x56 .\CortexM3\ARM_GCC_541\Debug\Test_02.a(isr_1.o)
 .debug_loc     0x00000955       0x42 .\CortexM3\ARM_GCC_541\Debug\Test_02.a(Inbuilt_LED.o)
 .debug_loc     0x00000997       0x26 .\CortexM3\ARM_GCC_541\Debug\Test_02.a(Servo_PWM.o)
 .debug_loc     0x000009bd       0x56 .\CortexM3\ARM_GCC_541\Debug\Test_02.a(isr_2.o)
 .debug_loc     0x00000a13       0x6b .\CortexM3\ARM_GCC_541\Debug\Test_02.a(Color_Timer.o)
 .debug_loc     0x00000a7e       0x42 .\CortexM3\ARM_GCC_541\Debug\Test_02.a(Color_S0.o)
 .debug_loc     0x00000ac0       0x42 .\CortexM3\ARM_GCC_541\Debug\Test_02.a(Color_S1.o)
 .debug_loc     0x00000b02       0x42 .\CortexM3\ARM_GCC_541\Debug\Test_02.a(Color_S2.o)
 .debug_loc     0x00000b44       0x42 .\CortexM3\ARM_GCC_541\Debug\Test_02.a(Color_S3.o)
 .debug_loc     0x00000b86       0x42 .\CortexM3\ARM_GCC_541\Debug\Test_02.a(Color_LED.o)
 .debug_loc     0x00000bc8       0x42 .\CortexM3\ARM_GCC_541\Debug\Test_02.a(RED_LED.o)
 .debug_loc     0x00000c0a       0x42 .\CortexM3\ARM_GCC_541\Debug\Test_02.a(GREEN_LED.o)
 .debug_loc     0x00000c4c       0x42 .\CortexM3\ARM_GCC_541\Debug\Test_02.a(BLUE_LED.o)
 .debug_loc     0x00000c8e       0x3d .\CortexM3\ARM_GCC_541\Debug\Test_02.a(QuadDec_L_Cnt16.o)
 .debug_loc     0x00000ccb       0x3d .\CortexM3\ARM_GCC_541\Debug\Test_02.a(QuadDec_R_Cnt16.o)
 .debug_loc     0x00000d08      0xa11 .\CortexM3\ARM_GCC_541\Debug\Test_02.a(CyLib.o)
 .debug_loc     0x00001719      0x1e4 .\CortexM3\ARM_GCC_541\Debug\Test_02.a(cyPm.o)
 .debug_loc     0x000018fd       0x21 .\CortexM3\ARM_GCC_541\Debug\Test_02.a(cyutils.o)
 .debug_loc     0x0000191e      0x258 .\CortexM3\ARM_GCC_541\Debug\Test_02.a(UART.o)
 .debug_loc     0x00001b76       0xb5 .\CortexM3\ARM_GCC_541\Debug\Test_02.a(Color_Counter.o)
 .debug_loc     0x00001c2b      0x128 .\CortexM3\ARM_GCC_541\Debug\Test_02.a(UART_IntClock.o)
 .debug_loc     0x00001d53       0x31 .\CortexM3\ARM_GCC_541\Debug\Test_02.a(S1_Timer.o)
 .debug_loc     0x00001d84       0x56 .\CortexM3\ARM_GCC_541\Debug\Test_02.a(isr_3.o)
 .debug_loc     0x00001dda       0x31 .\CortexM3\ARM_GCC_541\Debug\Test_02.a(S2_Timer.o)
 .debug_loc     0x00001e0b       0x42 .\CortexM3\ARM_GCC_541\Debug\Test_02.a(S2_Echo.o)
 .debug_loc     0x00001e4d       0x42 .\CortexM3\ARM_GCC_541\Debug\Test_02.a(S2_Trigger.o)
 .debug_loc     0x00001e8f      0x3b2 .\CortexM3\ARM_GCC_541\Debug\Test_02.a(CyFlash.o)
 .debug_loc     0x00002241      0x705 .\CortexM3\ARM_GCC_541\Debug\Test_02.a(CySpc.o)

.debug_macinfo
 *(.debug_macinfo)

.debug_ranges   0x00000000      0xfa0
 *(.debug_ranges)
 .debug_ranges  0x00000000       0x90 .\CortexM3\ARM_GCC_541\Debug\main.o
 .debug_ranges  0x00000090       0x48 .\CortexM3\ARM_GCC_541\Debug\cyfitter_cfg.o
 .debug_ranges  0x000000d8       0x38 .\CortexM3\ARM_GCC_541\Debug\Cm3Start.o
 .debug_ranges  0x00000110       0x50 .\CortexM3\ARM_GCC_541\Debug\Test_02.a(QuadDec_L.o)
 .debug_ranges  0x00000160       0x50 .\CortexM3\ARM_GCC_541\Debug\Test_02.a(QuadDec_R.o)
 .debug_ranges  0x000001b0       0x98 .\CortexM3\ARM_GCC_541\Debug\Test_02.a(PWM_L.o)
 .debug_ranges  0x00000248       0x98 .\CortexM3\ARM_GCC_541\Debug\Test_02.a(PWM_R.o)
 .debug_ranges  0x000002e0       0x28 .\CortexM3\ARM_GCC_541\Debug\Test_02.a(limitSW_2.o)
 .debug_ranges  0x00000308       0x28 .\CortexM3\ARM_GCC_541\Debug\Test_02.a(limitSW_1.o)
 .debug_ranges  0x00000330       0x28 .\CortexM3\ARM_GCC_541\Debug\Test_02.a(S1_Echo.o)
 .debug_ranges  0x00000358       0x28 .\CortexM3\ARM_GCC_541\Debug\Test_02.a(S1_Trigger.o)
 .debug_ranges  0x00000380       0x70 .\CortexM3\ARM_GCC_541\Debug\Test_02.a(isr_1.o)
 .debug_ranges  0x000003f0       0x28 .\CortexM3\ARM_GCC_541\Debug\Test_02.a(Inbuilt_LED.o)
 .debug_ranges  0x00000418       0x88 .\CortexM3\ARM_GCC_541\Debug\Test_02.a(Servo_PWM.o)
 .debug_ranges  0x000004a0       0x70 .\CortexM3\ARM_GCC_541\Debug\Test_02.a(isr_2.o)
 .debug_ranges  0x00000510       0x80 .\CortexM3\ARM_GCC_541\Debug\Test_02.a(Color_Timer.o)
 .debug_ranges  0x00000590       0x18 .\CortexM3\ARM_GCC_541\Debug\Test_02.a(Control_Reg_Color.o)
 .debug_ranges  0x000005a8       0x28 .\CortexM3\ARM_GCC_541\Debug\Test_02.a(Color_S0.o)
 .debug_ranges  0x000005d0       0x28 .\CortexM3\ARM_GCC_541\Debug\Test_02.a(Color_S1.o)
 .debug_ranges  0x000005f8       0x28 .\CortexM3\ARM_GCC_541\Debug\Test_02.a(Color_S2.o)
 .debug_ranges  0x00000620       0x28 .\CortexM3\ARM_GCC_541\Debug\Test_02.a(Color_S3.o)
 .debug_ranges  0x00000648       0x28 .\CortexM3\ARM_GCC_541\Debug\Test_02.a(Color_LED.o)
 .debug_ranges  0x00000670       0x28 .\CortexM3\ARM_GCC_541\Debug\Test_02.a(RED_LED.o)
 .debug_ranges  0x00000698       0x28 .\CortexM3\ARM_GCC_541\Debug\Test_02.a(GREEN_LED.o)
 .debug_ranges  0x000006c0       0x28 .\CortexM3\ARM_GCC_541\Debug\Test_02.a(BLUE_LED.o)
 .debug_ranges  0x000006e8       0x88 .\CortexM3\ARM_GCC_541\Debug\Test_02.a(QuadDec_L_Cnt16.o)
 .debug_ranges  0x00000770       0x88 .\CortexM3\ARM_GCC_541\Debug\Test_02.a(QuadDec_R_Cnt16.o)
 .debug_ranges  0x000007f8      0x290 .\CortexM3\ARM_GCC_541\Debug\Test_02.a(CyLib.o)
 .debug_ranges  0x00000a88       0x88 .\CortexM3\ARM_GCC_541\Debug\Test_02.a(cyPm.o)
 .debug_ranges  0x00000b10       0x10 .\CortexM3\ARM_GCC_541\Debug\Test_02.a(cyutils.o)
 .debug_ranges  0x00000b20       0xe0 .\CortexM3\ARM_GCC_541\Debug\Test_02.a(UART.o)
 .debug_ranges  0x00000c00       0x88 .\CortexM3\ARM_GCC_541\Debug\Test_02.a(Color_Counter.o)
 .debug_ranges  0x00000c88       0x60 .\CortexM3\ARM_GCC_541\Debug\Test_02.a(UART_IntClock.o)
 .debug_ranges  0x00000ce8       0x88 .\CortexM3\ARM_GCC_541\Debug\Test_02.a(S1_Timer.o)
 .debug_ranges  0x00000d70       0x70 .\CortexM3\ARM_GCC_541\Debug\Test_02.a(isr_3.o)
 .debug_ranges  0x00000de0       0x88 .\CortexM3\ARM_GCC_541\Debug\Test_02.a(S2_Timer.o)
 .debug_ranges  0x00000e68       0x28 .\CortexM3\ARM_GCC_541\Debug\Test_02.a(S2_Echo.o)
 .debug_ranges  0x00000e90       0x28 .\CortexM3\ARM_GCC_541\Debug\Test_02.a(S2_Trigger.o)
 .debug_ranges  0x00000eb8       0x78 .\CortexM3\ARM_GCC_541\Debug\Test_02.a(CyFlash.o)
 .debug_ranges  0x00000f30       0x70 .\CortexM3\ARM_GCC_541\Debug\Test_02.a(CySpc.o)

.comment        0x00000000       0x6e
 .comment       0x00000000       0x6e .\CortexM3\ARM_GCC_541\Debug\main.o
                                 0x6f (size before relaxing)
 .comment       0x0000006e       0x6f .\CortexM3\ARM_GCC_541\Debug\cyfitter_cfg.o
 .comment       0x0000006e       0x6f .\CortexM3\ARM_GCC_541\Debug\cymetadata.o
 .comment       0x0000006e       0x6f .\CortexM3\ARM_GCC_541\Debug\Cm3Start.o
 .comment       0x0000006e       0x6f .\CortexM3\ARM_GCC_541\Debug\Test_02.a(QuadDec_L.o)
 .comment       0x0000006e       0x6f .\CortexM3\ARM_GCC_541\Debug\Test_02.a(QuadDec_R.o)
 .comment       0x0000006e       0x6f .\CortexM3\ARM_GCC_541\Debug\Test_02.a(PWM_L.o)
 .comment       0x0000006e       0x6f .\CortexM3\ARM_GCC_541\Debug\Test_02.a(PWM_R.o)
 .comment       0x0000006e       0x6f .\CortexM3\ARM_GCC_541\Debug\Test_02.a(limitSW_2.o)
 .comment       0x0000006e       0x6f .\CortexM3\ARM_GCC_541\Debug\Test_02.a(limitSW_1.o)
 .comment       0x0000006e       0x6f .\CortexM3\ARM_GCC_541\Debug\Test_02.a(S1_Echo.o)
 .comment       0x0000006e       0x6f .\CortexM3\ARM_GCC_541\Debug\Test_02.a(S1_Trigger.o)
 .comment       0x0000006e       0x6f .\CortexM3\ARM_GCC_541\Debug\Test_02.a(isr_1.o)
 .comment       0x0000006e       0x6f .\CortexM3\ARM_GCC_541\Debug\Test_02.a(Inbuilt_LED.o)
 .comment       0x0000006e       0x6f .\CortexM3\ARM_GCC_541\Debug\Test_02.a(Servo_PWM.o)
 .comment       0x0000006e       0x6f .\CortexM3\ARM_GCC_541\Debug\Test_02.a(isr_2.o)
 .comment       0x0000006e       0x6f .\CortexM3\ARM_GCC_541\Debug\Test_02.a(Color_Timer.o)
 .comment       0x0000006e       0x6f .\CortexM3\ARM_GCC_541\Debug\Test_02.a(Control_Reg_Color.o)
 .comment       0x0000006e       0x6f .\CortexM3\ARM_GCC_541\Debug\Test_02.a(Color_S0.o)
 .comment       0x0000006e       0x6f .\CortexM3\ARM_GCC_541\Debug\Test_02.a(Color_S1.o)
 .comment       0x0000006e       0x6f .\CortexM3\ARM_GCC_541\Debug\Test_02.a(Color_S2.o)
 .comment       0x0000006e       0x6f .\CortexM3\ARM_GCC_541\Debug\Test_02.a(Color_S3.o)
 .comment       0x0000006e       0x6f .\CortexM3\ARM_GCC_541\Debug\Test_02.a(Color_LED.o)
 .comment       0x0000006e       0x6f .\CortexM3\ARM_GCC_541\Debug\Test_02.a(RED_LED.o)
 .comment       0x0000006e       0x6f .\CortexM3\ARM_GCC_541\Debug\Test_02.a(GREEN_LED.o)
 .comment       0x0000006e       0x6f .\CortexM3\ARM_GCC_541\Debug\Test_02.a(BLUE_LED.o)
 .comment       0x0000006e       0x6f .\CortexM3\ARM_GCC_541\Debug\Test_02.a(QuadDec_L_Cnt16.o)
 .comment       0x0000006e       0x6f .\CortexM3\ARM_GCC_541\Debug\Test_02.a(QuadDec_R_Cnt16.o)
 .comment       0x0000006e       0x6f .\CortexM3\ARM_GCC_541\Debug\Test_02.a(CyLib.o)
 .comment       0x0000006e       0x6f .\CortexM3\ARM_GCC_541\Debug\Test_02.a(cyPm.o)
 .comment       0x0000006e       0x6f .\CortexM3\ARM_GCC_541\Debug\Test_02.a(cyutils.o)
 .comment       0x0000006e       0x6f .\CortexM3\ARM_GCC_541\Debug\Test_02.a(UART.o)
 .comment       0x0000006e       0x6f .\CortexM3\ARM_GCC_541\Debug\Test_02.a(Color_Counter.o)
 .comment       0x0000006e       0x6f .\CortexM3\ARM_GCC_541\Debug\Test_02.a(UART_IntClock.o)
 .comment       0x0000006e       0x6f .\CortexM3\ARM_GCC_541\Debug\Test_02.a(S1_Timer.o)
 .comment       0x0000006e       0x6f .\CortexM3\ARM_GCC_541\Debug\Test_02.a(isr_3.o)
 .comment       0x0000006e       0x6f .\CortexM3\ARM_GCC_541\Debug\Test_02.a(S2_Timer.o)
 .comment       0x0000006e       0x6f .\CortexM3\ARM_GCC_541\Debug\Test_02.a(S2_Echo.o)
 .comment       0x0000006e       0x6f .\CortexM3\ARM_GCC_541\Debug\Test_02.a(S2_Trigger.o)
 .comment       0x0000006e       0x6f .\CortexM3\ARM_GCC_541\Debug\Test_02.a(CyFlash.o)
 .comment       0x0000006e       0x6f .\CortexM3\ARM_GCC_541\Debug\Test_02.a(CySpc.o)

.debug_weaknames
 *(.debug_weaknames)

.debug_funcnames
 *(.debug_funcnames)

.debug_typenames
 *(.debug_typenames)

.debug_varnames
 *(.debug_varnames)

.note.gnu.arm.ident
 *(.note.gnu.arm.ident)

.ARM.attributes
                0x00000000       0x29
 *(.ARM.attributes)
 .ARM.attributes
                0x00000000       0x1d c:/program files (x86)/cypress/psoc creator/4.2/psoc creator/import/gnu/arm/5.4.1/bin/../lib/gcc/arm-none-eabi/5.4.1/armv7-m/crti.o
 .ARM.attributes
                0x0000001d       0x2d c:/program files (x86)/cypress/psoc creator/4.2/psoc creator/import/gnu/arm/5.4.1/bin/../lib/gcc/arm-none-eabi/5.4.1/armv7-m/crtbegin.o
 .ARM.attributes
                0x0000004a       0x1b c:/program files (x86)/cypress/psoc creator/4.2/psoc creator/import/gnu/arm/5.4.1/bin/../lib/gcc/arm-none-eabi/5.4.1/../../../../arm-none-eabi/lib/armv7-m/crt0.o
 .ARM.attributes
                0x00000065       0x33 .\CortexM3\ARM_GCC_541\Debug\main.o
 .ARM.attributes
                0x00000098       0x33 .\CortexM3\ARM_GCC_541\Debug\cyfitter_cfg.o
 .ARM.attributes
                0x000000cb       0x33 .\CortexM3\ARM_GCC_541\Debug\cymetadata.o
 .ARM.attributes
                0x000000fe       0x33 .\CortexM3\ARM_GCC_541\Debug\Cm3Start.o
 .ARM.attributes
                0x00000131       0x33 .\CortexM3\ARM_GCC_541\Debug\Test_02.a(QuadDec_L.o)
 .ARM.attributes
                0x00000164       0x33 .\CortexM3\ARM_GCC_541\Debug\Test_02.a(QuadDec_R.o)
 .ARM.attributes
                0x00000197       0x33 .\CortexM3\ARM_GCC_541\Debug\Test_02.a(PWM_L.o)
 .ARM.attributes
                0x000001ca       0x33 .\CortexM3\ARM_GCC_541\Debug\Test_02.a(PWM_R.o)
 .ARM.attributes
                0x000001fd       0x33 .\CortexM3\ARM_GCC_541\Debug\Test_02.a(limitSW_2.o)
 .ARM.attributes
                0x00000230       0x33 .\CortexM3\ARM_GCC_541\Debug\Test_02.a(limitSW_1.o)
 .ARM.attributes
                0x00000263       0x33 .\CortexM3\ARM_GCC_541\Debug\Test_02.a(S1_Echo.o)
 .ARM.attributes
                0x00000296       0x33 .\CortexM3\ARM_GCC_541\Debug\Test_02.a(S1_Trigger.o)
 .ARM.attributes
                0x000002c9       0x33 .\CortexM3\ARM_GCC_541\Debug\Test_02.a(isr_1.o)
 .ARM.attributes
                0x000002fc       0x33 .\CortexM3\ARM_GCC_541\Debug\Test_02.a(Inbuilt_LED.o)
 .ARM.attributes
                0x0000032f       0x33 .\CortexM3\ARM_GCC_541\Debug\Test_02.a(Servo_PWM.o)
 .ARM.attributes
                0x00000362       0x33 .\CortexM3\ARM_GCC_541\Debug\Test_02.a(isr_2.o)
 .ARM.attributes
                0x00000395       0x33 .\CortexM3\ARM_GCC_541\Debug\Test_02.a(Color_Timer.o)
 .ARM.attributes
                0x000003c8       0x33 .\CortexM3\ARM_GCC_541\Debug\Test_02.a(Control_Reg_Color.o)
 .ARM.attributes
                0x000003fb       0x33 .\CortexM3\ARM_GCC_541\Debug\Test_02.a(Color_S0.o)
 .ARM.attributes
                0x0000042e       0x33 .\CortexM3\ARM_GCC_541\Debug\Test_02.a(Color_S1.o)
 .ARM.attributes
                0x00000461       0x33 .\CortexM3\ARM_GCC_541\Debug\Test_02.a(Color_S2.o)
 .ARM.attributes
                0x00000494       0x33 .\CortexM3\ARM_GCC_541\Debug\Test_02.a(Color_S3.o)
 .ARM.attributes